../Core/Src/main.c:105:5:__io_putchar	16	static
../Core/Src/main.c:180:6:dwInteruptHandler	8	static
../Core/Src/main.c:207:6:getFourAnchor	176	static
../Core/Src/main.c:241:5:getNearAnchor	168	static
../Core/Src/main.c:271:6:calLocation	80	static
../Core/Src/main.c:297:6:getLocation	120	static
../Core/Src/main.c:347:6:getLocationNLOS	120	static
../Core/Src/main.c:407:6:HAL_TIM_PeriodElapsedCallback	32	static
../Core/Src/main.c:440:5:main	1520	static
../Core/Src/main.c:895:6:SystemClock_Config	88	static
../Core/Src/main.c:943:6:Error_Handler	4	static,ignoring_inline_asm
