Archive member included to satisfy reference by file (symbol)

c:/st/stm32cubeide_1.10.1/stm32cubeide/plugins/com.st.stm32cube.ide.mcu.externaltools.gnu-tools-for-stm32.10.3-2021.10.win32_1.0.0.202111181127/tools/bin/../lib/gcc/arm-none-eabi/10.3.1/../../../../arm-none-eabi/lib/thumb/v7e-m+fp/hard\libc_nano.a(lib_a-errno.o)
                              ./Core/Src/syscalls.o (__errno)
c:/st/stm32cubeide_1.10.1/stm32cubeide/plugins/com.st.stm32cube.ide.mcu.externaltools.gnu-tools-for-stm32.10.3-2021.10.win32_1.0.0.202111181127/tools/bin/../lib/gcc/arm-none-eabi/10.3.1/../../../../arm-none-eabi/lib/thumb/v7e-m+fp/hard\libc_nano.a(lib_a-exit.o)
                              c:/st/stm32cubeide_1.10.1/stm32cubeide/plugins/com.st.stm32cube.ide.mcu.externaltools.gnu-tools-for-stm32.10.3-2021.10.win32_1.0.0.202111181127/tools/bin/../lib/gcc/arm-none-eabi/10.3.1/../../../../arm-none-eabi/lib/thumb/v7e-m+fp/hard/crt0.o (exit)
c:/st/stm32cubeide_1.10.1/stm32cubeide/plugins/com.st.stm32cube.ide.mcu.externaltools.gnu-tools-for-stm32.10.3-2021.10.win32_1.0.0.202111181127/tools/bin/../lib/gcc/arm-none-eabi/10.3.1/../../../../arm-none-eabi/lib/thumb/v7e-m+fp/hard\libc_nano.a(lib_a-impure.o)
                              c:/st/stm32cubeide_1.10.1/stm32cubeide/plugins/com.st.stm32cube.ide.mcu.externaltools.gnu-tools-for-stm32.10.3-2021.10.win32_1.0.0.202111181127/tools/bin/../lib/gcc/arm-none-eabi/10.3.1/../../../../arm-none-eabi/lib/thumb/v7e-m+fp/hard\libc_nano.a(lib_a-exit.o) (_global_impure_ptr)
c:/st/stm32cubeide_1.10.1/stm32cubeide/plugins/com.st.stm32cube.ide.mcu.externaltools.gnu-tools-for-stm32.10.3-2021.10.win32_1.0.0.202111181127/tools/bin/../lib/gcc/arm-none-eabi/10.3.1/../../../../arm-none-eabi/lib/thumb/v7e-m+fp/hard\libc_nano.a(lib_a-init.o)
                              c:/st/stm32cubeide_1.10.1/stm32cubeide/plugins/com.st.stm32cube.ide.mcu.externaltools.gnu-tools-for-stm32.10.3-2021.10.win32_1.0.0.202111181127/tools/bin/../lib/gcc/arm-none-eabi/10.3.1/../../../../arm-none-eabi/lib/thumb/v7e-m+fp/hard/crt0.o (__libc_init_array)
c:/st/stm32cubeide_1.10.1/stm32cubeide/plugins/com.st.stm32cube.ide.mcu.externaltools.gnu-tools-for-stm32.10.3-2021.10.win32_1.0.0.202111181127/tools/bin/../lib/gcc/arm-none-eabi/10.3.1/../../../../arm-none-eabi/lib/thumb/v7e-m+fp/hard\libc_nano.a(lib_a-malloc.o)
                              ./Core/Src/kalman_filter_real.o (malloc)
c:/st/stm32cubeide_1.10.1/stm32cubeide/plugins/com.st.stm32cube.ide.mcu.externaltools.gnu-tools-for-stm32.10.3-2021.10.win32_1.0.0.202111181127/tools/bin/../lib/gcc/arm-none-eabi/10.3.1/../../../../arm-none-eabi/lib/thumb/v7e-m+fp/hard\libc_nano.a(lib_a-memcmp.o)
                              ./Core/Src/main.o (memcmp)
c:/st/stm32cubeide_1.10.1/stm32cubeide/plugins/com.st.stm32cube.ide.mcu.externaltools.gnu-tools-for-stm32.10.3-2021.10.win32_1.0.0.202111181127/tools/bin/../lib/gcc/arm-none-eabi/10.3.1/../../../../arm-none-eabi/lib/thumb/v7e-m+fp/hard\libc_nano.a(lib_a-memcpy-stub.o)
                              ./Core/Src/kalman_filter_real.o (memcpy)
c:/st/stm32cubeide_1.10.1/stm32cubeide/plugins/com.st.stm32cube.ide.mcu.externaltools.gnu-tools-for-stm32.10.3-2021.10.win32_1.0.0.202111181127/tools/bin/../lib/gcc/arm-none-eabi/10.3.1/../../../../arm-none-eabi/lib/thumb/v7e-m+fp/hard\libc_nano.a(lib_a-memset.o)
                              c:/st/stm32cubeide_1.10.1/stm32cubeide/plugins/com.st.stm32cube.ide.mcu.externaltools.gnu-tools-for-stm32.10.3-2021.10.win32_1.0.0.202111181127/tools/bin/../lib/gcc/arm-none-eabi/10.3.1/../../../../arm-none-eabi/lib/thumb/v7e-m+fp/hard/crt0.o (memset)
c:/st/stm32cubeide_1.10.1/stm32cubeide/plugins/com.st.stm32cube.ide.mcu.externaltools.gnu-tools-for-stm32.10.3-2021.10.win32_1.0.0.202111181127/tools/bin/../lib/gcc/arm-none-eabi/10.3.1/../../../../arm-none-eabi/lib/thumb/v7e-m+fp/hard\libc_nano.a(lib_a-nano-freer.o)
                              c:/st/stm32cubeide_1.10.1/stm32cubeide/plugins/com.st.stm32cube.ide.mcu.externaltools.gnu-tools-for-stm32.10.3-2021.10.win32_1.0.0.202111181127/tools/bin/../lib/gcc/arm-none-eabi/10.3.1/../../../../arm-none-eabi/lib/thumb/v7e-m+fp/hard\libc_nano.a(lib_a-malloc.o) (_free_r)
c:/st/stm32cubeide_1.10.1/stm32cubeide/plugins/com.st.stm32cube.ide.mcu.externaltools.gnu-tools-for-stm32.10.3-2021.10.win32_1.0.0.202111181127/tools/bin/../lib/gcc/arm-none-eabi/10.3.1/../../../../arm-none-eabi/lib/thumb/v7e-m+fp/hard\libc_nano.a(lib_a-nano-mallocr.o)
                              c:/st/stm32cubeide_1.10.1/stm32cubeide/plugins/com.st.stm32cube.ide.mcu.externaltools.gnu-tools-for-stm32.10.3-2021.10.win32_1.0.0.202111181127/tools/bin/../lib/gcc/arm-none-eabi/10.3.1/../../../../arm-none-eabi/lib/thumb/v7e-m+fp/hard\libc_nano.a(lib_a-malloc.o) (_malloc_r)
[...]
Memory Configuration

Name             Origin             Length             Attributes
CCMRAM           0x0000000010000000 0x0000000000010000 xrw
RAM              0x0000000020000000 0x0000000000020000 xrw
FLASH            0x0000000008000000 0x0000000000080000 xr
*default*        0x0000000000000000 0xffffffffffffffff

Linker script and memory map

LOAD c:/st/stm32cubeide_1.10.1/stm32cubeide/plugins/com.st.stm32cube.ide.mcu.externaltools.gnu-tools-for-stm32.10.3-2021.10.win32_1.0.0.202111181127/tools/bin/../lib/gcc/arm-none-eabi/10.3.1/thumb/v7e-m+fp/hard/crti.o
LOAD c:/st/stm32cubeide_1.10.1/stm32cubeide/plugins/com.st.stm32cube.ide.mcu.externaltools.gnu-tools-for-stm32.10.3-2021.10.win32_1.0.0.202111181127/tools/bin/../lib/gcc/arm-none-eabi/10.3.1/thumb/v7e-m+fp/hard/crtbegin.o
LOAD c:/st/stm32cubeide_1.10.1/stm32cubeide/plugins/com.st.stm32cube.ide.mcu.externaltools.gnu-tools-for-stm32.10.3-2021.10.win32_1.0.0.202111181127/tools/bin/../lib/gcc/arm-none-eabi/10.3.1/../../../../arm-none-eabi/lib/thumb/v7e-m+fp/hard/crt0.o
LOAD ./Core/Src/adc.o
LOAD ./Core/Src/gpio.o
LOAD ./Core/Src/kalman_filter.o
LOAD ./Core/Src/kalman_filter_real.o
LOAD ./Core/Src/main.o
LOAD ./Core/Src/spi.o
LOAD ./Core/Src/stm32f4xx_hal_msp.o
LOAD ./Core/Src/stm32f4xx_it.o
LOAD ./Core/Src/syscalls.o
LOAD ./Core/Src/sysmem.o
LOAD ./Core/Src/system_stm32f4xx.o
LOAD ./Core/Src/tim.o
LOAD ./Core/Src/usart.o
LOAD ./Core/Startup/startup_stm32f407vetx.o
LOAD ./Core/User/decawave/dw_api.o
LOAD ./Core/User/decawave/dw_func.o
LOAD ./Core/User/decawave/dw_spi.o
LOAD ./Core/User/led/led.o
LOAD ./Drivers/STM32F4xx_HAL_Driver/Src/stm32f4xx_hal.o
LOAD ./Drivers/STM32F4xx_HAL_Driver/Src/stm32f4xx_hal_adc.o
LOAD ./Drivers/STM32F4xx_HAL_Driver/Src/stm32f4xx_hal_adc_ex.o
LOAD ./Drivers/STM32F4xx_HAL_Driver/Src/stm32f4xx_hal_cortex.o
LOAD ./Drivers/STM32F4xx_HAL_Driver/Src/stm32f4xx_hal_dma.o
LOAD ./Drivers/STM32F4xx_HAL_Driver/Src/stm32f4xx_hal_dma_ex.o
LOAD ./Drivers/STM32F4xx_HAL_Driver/Src/stm32f4xx_hal_exti.o
LOAD ./Drivers/STM32F4xx_HAL_Driver/Src/stm32f4xx_hal_flash.o
LOAD ./Drivers/STM32F4xx_HAL_Driver/Src/stm32f4xx_hal_flash_ex.o
LOAD ./Drivers/STM32F4xx_HAL_Driver/Src/stm32f4xx_hal_flash_ramfunc.o
LOAD ./Drivers/STM32F4xx_HAL_Driver/Src/stm32f4xx_hal_gpio.o
LOAD ./Drivers/STM32F4xx_HAL_Driver/Src/stm32f4xx_hal_pwr.o
LOAD ./Drivers/STM32F4xx_HAL_Driver/Src/stm32f4xx_hal_pwr_ex.o
LOAD ./Drivers/STM32F4xx_HAL_Driver/Src/stm32f4xx_hal_rcc.o
LOAD ./Drivers/STM32F4xx_HAL_Driver/Src/stm32f4xx_hal_rcc_ex.o
LOAD ./Drivers/STM32F4xx_HAL_Driver/Src/stm32f4xx_hal_spi.o
LOAD ./Drivers/STM32F4xx_HAL_Driver/Src/stm32f4xx_hal_tim.o
LOAD ./Drivers/STM32F4xx_HAL_Driver/Src/stm32f4xx_hal_tim_ex.o
LOAD ./Drivers/STM32F4xx_HAL_Driver/Src/stm32f4xx_hal_uart.o
LOAD ./Drivers/STM32F4xx_HAL_Driver/Src/stm32f4xx_ll_adc.o
START GROUP
LOAD c:/st/stm32cubeide_1.10.1/stm32cubeide/plugins/com.st.stm32cube.ide.mcu.externaltools.gnu-tools-for-stm32.10.3-2021.10.win32_1.0.0.202111181127/tools/bin/../lib/gcc/arm-none-eabi/10.3.1/../../../../arm-none-eabi/lib/thumb/v7e-m+fp/hard\libc_nano.a
LOAD c:/st/stm32cubeide_1.10.1/stm32cubeide/plugins/com.st.stm32cube.ide.mcu.externaltools.gnu-tools-for-stm32.10.3-2021.10.win32_1.0.0.202111181127/tools/bin/../lib/gcc/arm-none-eabi/10.3.1/../../../../arm-none-eabi/lib/thumb/v7e-m+fp/hard\libm.a
END GROUP
START GROUP
LOAD c:/st/stm32cubeide_1.10.1/stm32cubeide/plugins/com.st.stm32cube.ide.mcu.externaltools.gnu-tools-for-stm32.10.3-2021.10.win32_1.0.0.202111181127/tools/bin/../lib/gcc/arm-none-eabi/10.3.1/thumb/v7e-m+fp/hard\libgcc.a
LOAD c:/st/stm32cubeide_1.10.1/stm32cubeide/plugins/com.st.stm32cube.ide.mcu.externaltools.gnu-tools-for-stm32.10.3-2021.10.win32_1.0.0.202111181127/tools/bin/../lib/gcc/arm-none-eabi/10.3.1/../../../../arm-none-eabi/lib/thumb/v7e-m+fp/hard\libc_nano.a
END GROUP
START GROUP
LOAD c:/st/stm32cubeide_1.10.1/stm32cubeide/plugins/com.st.stm32cube.ide.mcu.externaltools.gnu-tools-for-stm32.10.3-2021.10.win32_1.0.0.202111181127/tools/bin/../lib/gcc/arm-none-eabi/10.3.1/thumb/v7e-m+fp/hard\libgcc.a
LOAD c:/st/stm32cubeide_1.10.1/stm32cubeide/plugins/com.st.stm32cube.ide.mcu.externaltools.gnu-tools-for-stm32.10.3-2021.10.win32_1.0.0.202111181127/tools/bin/../lib/gcc/arm-none-eabi/10.3.1/../../../../arm-none-eabi/lib/thumb/v7e-m+fp/hard\libc_nano.a
LOAD c:/st/stm32cubeide_1.10.1/stm32cubeide/plugins/com.st.stm32cube.ide.mcu.externaltools.gnu-tools-for-stm32.10.3-2021.10.win32_1.0.0.202111181127/tools/bin/../lib/gcc/arm-none-eabi/10.3.1/../../../../arm-none-eabi/lib/thumb/v7e-m+fp/hard\libnosys.a
END GROUP
START GROUP
LOAD c:/st/stm32cubeide_1.10.1/stm32cubeide/plugins/com.st.stm32cube.ide.mcu.externaltools.gnu-tools-for-stm32.10.3-2021.10.win32_1.0.0.202111181127/tools/bin/../lib/gcc/arm-none-eabi/10.3.1/thumb/v7e-m+fp/hard\libgcc.a
LOAD c:/st/stm32cubeide_1.10.1/stm32cubeide/plugins/com.st.stm32cube.ide.mcu.externaltools.gnu-tools-for-stm32.10.3-2021.10.win32_1.0.0.202111181127/tools/bin/../lib/gcc/arm-none-eabi/10.3.1/../../../../arm-none-eabi/lib/thumb/v7e-m+fp/hard\libc_nano.a
LOAD c:/st/stm32cubeide_1.10.1/stm32cubeide/plugins/com.st.stm32cube.ide.mcu.externaltools.gnu-tools-for-stm32.10.3-2021.10.win32_1.0.0.202111181127/tools/bin/../lib/gcc/arm-none-eabi/10.3.1/../../../../arm-none-eabi/lib/thumb/v7e-m+fp/hard\libnosys.a
END GROUP
LOAD c:/st/stm32cubeide_1.10.1/stm32cubeide/plugins/com.st.stm32cube.ide.mcu.externaltools.gnu-tools-for-stm32.10.3-2021.10.win32_1.0.0.202111181127/tools/bin/../lib/gcc/arm-none-eabi/10.3.1/thumb/v7e-m+fp/hard/crtend.o
LOAD c:/st/stm32cubeide_1.10.1/stm32cubeide/plugins/com.st.stm32cube.ide.mcu.externaltools.gnu-tools-for-stm32.10.3-2021.10.win32_1.0.0.202111181127/tools/bin/../lib/gcc/arm-none-eabi/10.3.1/thumb/v7e-m+fp/hard/crtn.o
                0x0000000020020000                _estack = (ORIGIN (RAM) + LENGTH (RAM))
                0x0000000000000200                _Min_Heap_Size = 0x200
                0x0000000000000400                _Min_Stack_Size = 0x400

.isr_vector     0x0000000008000000      0x188
                0x0000000008000000                . = ALIGN (0x4)
 *(.isr_vector)
 .isr_vector    0x0000000008000000      0x188 ./Core/Startup/startup_stm32f407vetx.o
                0x0000000008000000                g_pfnVectors
                0x0000000008000188                . = ALIGN (0x4)

.text           0x0000000008000190     0xf234
                0x0000000008000190                . = ALIGN (0x4)
 *(.text)
 .text          0x0000000008000190       0x40 c:/st/stm32cubeide_1.10.1/stm32cubeide/plugins/com.st.stm32cube.ide.mcu.externaltools.gnu-tools-for-stm32.10.3-2021.10.win32_1.0.0.202111181127/tools/bin/../lib/gcc/arm-none-eabi/10.3.1/thumb/v7e-m+fp/hard/crtbegin.o
 .text          0x00000000080001d0       0x10 c:/st/stm32cubeide_1.10.1/stm32cubeide/plugins/com.st.stm32cube.ide.mcu.externaltools.gnu-tools-for-stm32.10.3-2021.10.win32_1.0.0.202111181127/tools/bin/../lib/gcc/arm-none-eabi/10.3.1/../../../../arm-none-eabi/lib/thumb/v7e-m+fp/hard\libc_nano.a(lib_a-strlen.o)
                0x00000000080001d0                strlen
 .text          0x00000000080001e0       0xa0 c:/st/stm32cubeide_1.10.1/stm32cubeide/plugins/com.st.stm32cube.ide.mcu.externaltools.gnu-tools-for-stm32.10.3-2021.10.win32_1.0.0.202111181127/tools/bin/../lib/gcc/arm-none-eabi/10.3.1/../../../../arm-none-eabi/lib/thumb/v7e-m+fp/hard\libc_nano.a(lib_a-memchr.o)
                0x00000000080001e0                memchr
 .text          0x0000000008000280      0x378 c:/st/stm32cubeide_1.10.1/stm32cubeide/plugins/com.st.stm32cube.ide.mcu.externaltools.gnu-tools-for-stm32.10.3-2021.10.win32_1.0.0.202111181127/tools/bin/../lib/gcc/arm-none-eabi/10.3.1/thumb/v7e-m+fp/hard\libgcc.a(_arm_addsubdf3.o)
                0x0000000008000280                __aeabi_drsub
                0x0000000008000288                __aeabi_dsub
                0x0000000008000288                __subdf3
                0x000000000800028c                __aeabi_dadd
                0x000000000800028c                __adddf3
                0x0000000008000504                __floatunsidf
                0x0000000008000504                __aeabi_ui2d
                0x0000000008000524                __floatsidf
                0x0000000008000524                __aeabi_i2d
                0x0000000008000548                __aeabi_f2d
                0x0000000008000548                __extendsfdf2
                0x000000000800058c                __floatundidf
                0x000000000800058c                __aeabi_ul2d
                0x000000000800059c                __floatdidf
                0x000000000800059c                __aeabi_l2d
 .text          0x00000000080005f8      0x424 c:/st/stm32cubeide_1.10.1/stm32cubeide/plugins/com.st.stm32cube.ide.mcu.externaltools.gnu-tools-for-stm32.10.3-2021.10.win32_1.0.0.202111181127/tools/bin/../lib/gcc/arm-none-eabi/10.3.1/thumb/v7e-m+fp/hard\libgcc.a(_arm_muldivdf3.o)
                0x00000000080005f8                __aeabi_dmul
                0x00000000080005f8                __muldf3
                0x000000000800084c                __divdf3
                0x000000000800084c                __aeabi_ddiv
 .text          0x0000000008000a1c      0x110 c:/st/stm32cubeide_1.10.1/stm32cubeide/plugins/com.st.stm32cube.ide.mcu.externaltools.gnu-tools-for-stm32.10.3-2021.10.win32_1.0.0.202111181127/tools/bin/../lib/gcc/arm-none-eabi/10.3.1/thumb/v7e-m+fp/hard\libgcc.a(_arm_cmpdf2.o)
                0x0000000008000a1c                __gtdf2
                0x0000000008000a1c                __gedf2
                0x0000000008000a24                __ltdf2
                0x0000000008000a24                __ledf2
                0x0000000008000a2c                __nedf2
                0x0000000008000a2c                __eqdf2
                0x0000000008000a2c                __cmpdf2
                0x0000000008000aa8                __aeabi_cdrcmple
                0x0000000008000ab8                __aeabi_cdcmpeq
                0x0000000008000ab8                __aeabi_cdcmple
                0x0000000008000ac8                __aeabi_dcmpeq
                0x0000000008000adc                __aeabi_dcmplt
                0x0000000008000af0                __aeabi_dcmple
                0x0000000008000b04                __aeabi_dcmpge
                0x0000000008000b18                __aeabi_dcmpgt
 .text          0x0000000008000b2c       0x2c c:/st/stm32cubeide_1.10.1/stm32cubeide/plugins/com.st.stm32cube.ide.mcu.externaltools.gnu-tools-for-stm32.10.3-2021.10.win32_1.0.0.202111181127/tools/bin/../lib/gcc/arm-none-eabi/10.3.1/thumb/v7e-m+fp/hard\libgcc.a(_arm_unorddf2.o)
                0x0000000008000b2c                __unorddf2
                0x0000000008000b2c                __aeabi_dcmpun
 .text          0x0000000008000b58       0x50 c:/st/stm32cubeide_1.10.1/stm32cubeide/plugins/com.st.stm32cube.ide.mcu.externaltools.gnu-tools-for-stm32.10.3-2021.10.win32_1.0.0.202111181127/tools/bin/../lib/gcc/arm-none-eabi/10.3.1/thumb/v7e-m+fp/hard\libgcc.a(_arm_fixdfsi.o)
                0x0000000008000b58                __aeabi_d2iz
                0x0000000008000b58                __fixdfsi
 .text          0x0000000008000ba8       0x40 c:/st/stm32cubeide_1.10.1/stm32cubeide/plugins/com.st.stm32cube.ide.mcu.externaltools.gnu-tools-for-stm32.10.3-2021.10.win32_1.0.0.202111181127/tools/bin/../lib/gcc/arm-none-eabi/10.3.1/thumb/v7e-m+fp/hard\libgcc.a(_arm_fixunsdfsi.o)
                0x0000000008000ba8                __aeabi_d2uiz
                0x0000000008000ba8                __fixunsdfsi
 .text          0x0000000008000be8       0xa0 c:/st/stm32cubeide_1.10.1/stm32cubeide/plugins/com.st.stm32cube.ide.mcu.externaltools.gnu-tools-for-stm32.10.3-2021.10.win32_1.0.0.202111181127/tools/bin/../lib/gcc/arm-none-eabi/10.3.1/thumb/v7e-m+fp/hard\libgcc.a(_arm_truncdfsf2.o)
                0x0000000008000be8                __truncdfsf2
                0x0000000008000be8                __aeabi_d2f
 .text          0x0000000008000c88       0x30 c:/st/stm32cubeide_1.10.1/stm32cubeide/plugins/com.st.stm32cube.ide.mcu.externaltools.gnu-tools-for-stm32.10.3-2021.10.win32_1.0.0.202111181127/tools/bin/../lib/gcc/arm-none-eabi/10.3.1/thumb/v7e-m+fp/hard\libgcc.a(_aeabi_uldivmod.o)
                0x0000000008000c88                __aeabi_uldivmod
 .text          0x0000000008000cb8       0x30 c:/st/stm32cubeide_1.10.1/stm32cubeide/plugins/com.st.stm32cube.ide.mcu.externaltools.gnu-tools-for-stm32.10.3-2021.10.win32_1.0.0.202111181127/tools/bin/../lib/gcc/arm-none-eabi/10.3.1/thumb/v7e-m+fp/hard\libgcc.a(_fixdfdi.o)
                0x0000000008000cb8                __fixdfdi
                0x0000000008000cb8                __aeabi_d2lz
 .text          0x0000000008000ce8       0x3c c:/st/stm32cubeide_1.10.1/stm32cubeide/plugins/com.st.stm32cube.ide.mcu.externaltools.gnu-tools-for-stm32.10.3-2021.10.win32_1.0.0.202111181127/tools/bin/../lib/gcc/arm-none-eabi/10.3.1/thumb/v7e-m+fp/hard\libgcc.a(_fixunsdfdi.o)
                0x0000000008000ce8                __fixunsdfdi
                0x0000000008000ce8                __aeabi_d2ulz
 .text          0x0000000008000d24      0x2d0 c:/st/stm32cubeide_1.10.1/stm32cubeide/plugins/com.st.stm32cube.ide.mcu.externaltools.gnu-tools-for-stm32.10.3-2021.10.win32_1.0.0.202111181127/tools/bin/../lib/gcc/arm-none-eabi/10.3.1/thumb/v7e-m+fp/hard\libgcc.a(_udivmoddi4.o)
                0x0000000008000d24                __udivmoddi4
 .text          0x0000000008000ff4        0x4 c:/st/stm32cubeide_1.10.1/stm32cubeide/plugins/com.st.stm32cube.ide.mcu.externaltools.gnu-tools-for-stm32.10.3-2021.10.win32_1.0.0.202111181127/tools/bin/../lib/gcc/arm-none-eabi/10.3.1/thumb/v7e-m+fp/hard\libgcc.a(_dvmd_tls.o)
                0x0000000008000ff4                __aeabi_idiv0
                0x0000000008000ff4                __aeabi_ldiv0
 *(.text*)
 .text.MX_ADC1_Init
                0x0000000008000ff8       0xa4 ./Core/Src/adc.o
                0x0000000008000ff8                MX_ADC1_Init
 .text.HAL_ADC_MspInit
                0x000000000800109c       0x88 ./Core/Src/adc.o
                0x000000000800109c                HAL_ADC_MspInit
 .text.MX_GPIO_Init
                0x0000000008001124      0x134 ./Core/Src/gpio.o
                0x0000000008001124                MX_GPIO_Init
 .text.kalman_init
                0x0000000008001258       0x3c ./Core/Src/kalman_filter.o
                0x0000000008001258                kalman_init
 .text.updateEstimate
                0x0000000008001294       0xd0 ./Core/Src/kalman_filter.o
                0x0000000008001294                updateEstimate
 .text.__io_putchar
                0x0000000008001364       0x24 ./Core/Src/main.o
                0x0000000008001364                __io_putchar
 .text.dwInteruptHandler
                0x0000000008001388       0x74 ./Core/Src/main.o
                0x0000000008001388                dwInteruptHandler
 .text.getFourAnchor
                0x00000000080013fc      0x194 ./Core/Src/main.o
                0x00000000080013fc                getFourAnchor
 .text.getNearAnchor
                0x0000000008001590      0x14c ./Core/Src/main.o
                0x0000000008001590                getNearAnchor
 .text.calLocation
                0x00000000080016dc      0x2b4 ./Core/Src/main.o
                0x00000000080016dc                calLocation
 .text.getLocation
                0x0000000008001990      0x4cc ./Core/Src/main.o
                0x0000000008001990                getLocation
 *fill*         0x0000000008001e5c        0x4 
 .text.HAL_TIM_PeriodElapsedCallback
                0x0000000008001e60      0x198 ./Core/Src/main.o
                0x0000000008001e60                HAL_TIM_PeriodElapsedCallback
 .text.main     0x0000000008001ff8     0x1438 ./Core/Src/main.o
                0x0000000008001ff8                main
 .text.SystemClock_Config
                0x0000000008003430       0xd4 ./Core/Src/main.o
                0x0000000008003430                SystemClock_Config
 .text.Error_Handler
                0x0000000008003504        0xa ./Core/Src/main.o
                0x0000000008003504                Error_Handler
 *fill*         0x000000000800350e        0x2 
 .text.MX_SPI1_Init
                0x0000000008003510       0x6c ./Core/Src/spi.o
                0x0000000008003510                MX_SPI1_Init
 .text.HAL_SPI_MspInit
                0x000000000800357c       0x90 ./Core/Src/spi.o
                0x000000000800357c                HAL_SPI_MspInit
 .text.HAL_MspInit
                0x000000000800360c       0x50 ./Core/Src/stm32f4xx_hal_msp.o
                0x000000000800360c                HAL_MspInit
 .text.NMI_Handler
                0x000000000800365c        0x6 ./Core/Src/stm32f4xx_it.o
                0x000000000800365c                NMI_Handler
 .text.HardFault_Handler
                0x0000000008003662        0xa ./Core/Src/stm32f4xx_it.o
                0x0000000008003662                HardFault_Handler
 .text.MemManage_Handler
                0x000000000800366c        0x6 ./Core/Src/stm32f4xx_it.o
                0x000000000800366c                MemManage_Handler
 .text.BusFault_Handler
                0x0000000008003672        0x6 ./Core/Src/stm32f4xx_it.o
                0x0000000008003672                BusFault_Handler
 .text.UsageFault_Handler
                0x0000000008003678        0x6 ./Core/Src/stm32f4xx_it.o
                0x0000000008003678                UsageFault_Handler
 .text.SVC_Handler
                0x000000000800367e        0xe ./Core/Src/stm32f4xx_it.o
                0x000000000800367e                SVC_Handler
 .text.DebugMon_Handler
                0x000000000800368c        0xe ./Core/Src/stm32f4xx_it.o
                0x000000000800368c                DebugMon_Handler
 .text.PendSV_Handler
                0x000000000800369a        0xe ./Core/Src/stm32f4xx_it.o
                0x000000000800369a                PendSV_Handler
 .text.SysTick_Handler
                0x00000000080036a8        0xc ./Core/Src/stm32f4xx_it.o
                0x00000000080036a8                SysTick_Handler
 .text.TIM3_IRQHandler
                0x00000000080036b4       0x14 ./Core/Src/stm32f4xx_it.o
                0x00000000080036b4                TIM3_IRQHandler
 .text._getpid  0x00000000080036c8       0x10 ./Core/Src/syscalls.o
                0x00000000080036c8                _getpid
 .text._kill    0x00000000080036d8       0x20 ./Core/Src/syscalls.o
                0x00000000080036d8                _kill
 .text._exit    0x00000000080036f8       0x14 ./Core/Src/syscalls.o
                0x00000000080036f8                _exit
 .text._read    0x000000000800370c       0x3a ./Core/Src/syscalls.o
                0x000000000800370c                _read
 .text._write   0x0000000008003746       0x38 ./Core/Src/syscalls.o
                0x0000000008003746                _write
 .text._close   0x000000000800377e       0x18 ./Core/Src/syscalls.o
                0x000000000800377e                _close
 .text._fstat   0x0000000008003796       0x20 ./Core/Src/syscalls.o
                0x0000000008003796                _fstat
 .text._isatty  0x00000000080037b6       0x16 ./Core/Src/syscalls.o
                0x00000000080037b6                _isatty
 .text._lseek   0x00000000080037cc       0x1a ./Core/Src/syscalls.o
                0x00000000080037cc                _lseek
 *fill*         0x00000000080037e6        0x2 
 .text._sbrk    0x00000000080037e8       0x6c ./Core/Src/sysmem.o
                0x00000000080037e8                _sbrk
 .text.SystemInit
                0x0000000008003854       0x24 ./Core/Src/system_stm32f4xx.o
                0x0000000008003854                SystemInit
 .text.MX_TIM2_Init
                0x0000000008003878       0x9c ./Core/Src/tim.o
                0x0000000008003878                MX_TIM2_Init
 .text.MX_TIM3_Init
                0x0000000008003914       0x9c ./Core/Src/tim.o
                0x0000000008003914                MX_TIM3_Init
 .text.MX_TIM5_Init
                0x00000000080039b0       0x9c ./Core/Src/tim.o
                0x00000000080039b0                MX_TIM5_Init
 .text.HAL_TIM_Base_MspInit
                0x0000000008003a4c       0xa4 ./Core/Src/tim.o
                0x0000000008003a4c                HAL_TIM_Base_MspInit
 .text.MX_USART1_UART_Init
                0x0000000008003af0       0x54 ./Core/Src/usart.o
                0x0000000008003af0                MX_USART1_UART_Init
 .text.HAL_UART_MspInit
                0x0000000008003b44       0x90 ./Core/Src/usart.o
                0x0000000008003b44                HAL_UART_MspInit
 .text.Reset_Handler
                0x0000000008003bd4       0x50 ./Core/Startup/startup_stm32f407vetx.o
                0x0000000008003bd4                Reset_Handler
 .text.Default_Handler
                0x0000000008003c24        0x2 ./Core/Startup/startup_stm32f407vetx.o
                0x0000000008003c24                RTC_Alarm_IRQHandler
                0x0000000008003c24                HASH_RNG_IRQHandler
                0x0000000008003c24                EXTI2_IRQHandler
                0x0000000008003c24                TIM8_CC_IRQHandler
                0x0000000008003c24                TIM1_CC_IRQHandler
                0x0000000008003c24                DMA2_Stream5_IRQHandler
                0x0000000008003c24                DMA1_Stream5_IRQHandler
                0x0000000008003c24                PVD_IRQHandler
                0x0000000008003c24                SDIO_IRQHandler
                0x0000000008003c24                TAMP_STAMP_IRQHandler
                0x0000000008003c24                CAN2_RX1_IRQHandler
                0x0000000008003c24                EXTI3_IRQHandler
                0x0000000008003c24                TIM8_TRG_COM_TIM14_IRQHandler
                0x0000000008003c24                TIM1_UP_TIM10_IRQHandler
                0x0000000008003c24                TIM8_UP_TIM13_IRQHandler
                0x0000000008003c24                I2C3_ER_IRQHandler
                0x0000000008003c24                EXTI0_IRQHandler
                0x0000000008003c24                I2C2_EV_IRQHandler
                0x0000000008003c24                DMA1_Stream2_IRQHandler
                0x0000000008003c24                CAN1_RX0_IRQHandler
                0x0000000008003c24                FPU_IRQHandler
                0x0000000008003c24                OTG_HS_WKUP_IRQHandler
                0x0000000008003c24                CAN2_SCE_IRQHandler
                0x0000000008003c24                DMA2_Stream2_IRQHandler
                0x0000000008003c24                SPI1_IRQHandler
                0x0000000008003c24                TIM6_DAC_IRQHandler
                0x0000000008003c24                TIM1_BRK_TIM9_IRQHandler
                0x0000000008003c24                DCMI_IRQHandler
                0x0000000008003c24                CAN2_RX0_IRQHandler
                0x0000000008003c24                DMA2_Stream3_IRQHandler
                0x0000000008003c24                USART6_IRQHandler
                0x0000000008003c24                USART3_IRQHandler
                0x0000000008003c24                CAN1_RX1_IRQHandler
                0x0000000008003c24                UART5_IRQHandler
                0x0000000008003c24                DMA2_Stream0_IRQHandler
                0x0000000008003c24                TIM4_IRQHandler
                0x0000000008003c24                I2C1_EV_IRQHandler
                0x0000000008003c24                DMA1_Stream6_IRQHandler
                0x0000000008003c24                DMA1_Stream1_IRQHandler
                0x0000000008003c24                UART4_IRQHandler
                0x0000000008003c24                RCC_IRQHandler
                0x0000000008003c24                TIM8_BRK_TIM12_IRQHandler
                0x0000000008003c24                Default_Handler
                0x0000000008003c24                EXTI15_10_IRQHandler
                0x0000000008003c24                ADC_IRQHandler
                0x0000000008003c24                DMA1_Stream7_IRQHandler
                0x0000000008003c24                TIM7_IRQHandler
                0x0000000008003c24                CAN2_TX_IRQHandler
                0x0000000008003c24                TIM5_IRQHandler
                0x0000000008003c24                DMA2_Stream7_IRQHandler
                0x0000000008003c24                I2C3_EV_IRQHandler
                0x0000000008003c24                EXTI9_5_IRQHandler
                0x0000000008003c24                RTC_WKUP_IRQHandler
                0x0000000008003c24                ETH_WKUP_IRQHandler
                0x0000000008003c24                SPI2_IRQHandler
                0x0000000008003c24                OTG_HS_EP1_IN_IRQHandler
                0x0000000008003c24                DMA1_Stream0_IRQHandler
                0x0000000008003c24                CAN1_TX_IRQHandler
                0x0000000008003c24                EXTI4_IRQHandler
                0x0000000008003c24                FSMC_IRQHandler
                0x0000000008003c24                ETH_IRQHandler
                0x0000000008003c24                OTG_HS_EP1_OUT_IRQHandler
                0x0000000008003c24                WWDG_IRQHandler
                0x0000000008003c24                TIM2_IRQHandler
                0x0000000008003c24                OTG_FS_WKUP_IRQHandler
                0x0000000008003c24                TIM1_TRG_COM_TIM11_IRQHandler
                0x0000000008003c24                OTG_HS_IRQHandler
                0x0000000008003c24                EXTI1_IRQHandler
                0x0000000008003c24                USART2_IRQHandler
                0x0000000008003c24                I2C2_ER_IRQHandler
                0x0000000008003c24                DMA2_Stream1_IRQHandler
                0x0000000008003c24                CAN1_SCE_IRQHandler
                0x0000000008003c24                FLASH_IRQHandler
                0x0000000008003c24                DMA2_Stream4_IRQHandler
                0x0000000008003c24                USART1_IRQHandler
                0x0000000008003c24                OTG_FS_IRQHandler
                0x0000000008003c24                SPI3_IRQHandler
                0x0000000008003c24                DMA1_Stream4_IRQHandler
                0x0000000008003c24                I2C1_ER_IRQHandler
                0x0000000008003c24                DMA2_Stream6_IRQHandler
                0x0000000008003c24                DMA1_Stream3_IRQHandler
 .text.setBit   0x0000000008003c26       0x7a ./Core/User/decawave/dw_api.o
 .text.getBit   0x0000000008003ca0       0x52 ./Core/User/decawave/dw_api.o
 .text.writeValueToBytes
                0x0000000008003cf2       0x42 ./Core/User/decawave/dw_api.o
 .text.readBytesOTP
                0x0000000008003d34       0x6c ./Core/User/decawave/dw_api.o
 .text.dummyHandler
                0x0000000008003da0       0x14 ./Core/User/decawave/dw_api.o
                0x0000000008003da0                dummyHandler
 .text.dwInit   0x0000000008003db4       0x48 ./Core/User/decawave/dw_api.o
                0x0000000008003db4                dwInit
 .text.dwConfigure
                0x0000000008003dfc       0xe0 ./Core/User/decawave/dw_api.o
                0x0000000008003dfc                dwConfigure
 .text.dwManageLDE
                0x0000000008003edc       0xaa ./Core/User/decawave/dw_api.o
                0x0000000008003edc                dwManageLDE
 .text.dwGetDeviceId
                0x0000000008003f86       0x1c ./Core/User/decawave/dw_api.o
                0x0000000008003f86                dwGetDeviceId
 .text.dwEnableAllLeds
                0x0000000008003fa2       0xa2 ./Core/User/decawave/dw_api.o
                0x0000000008003fa2                dwEnableAllLeds
 .text.dwEnableClock
                0x0000000008004044       0xc8 ./Core/User/decawave/dw_api.o
                0x0000000008004044                dwEnableClock
 .text.dwRxSoftReset
                0x000000000800410c       0x5a ./Core/User/decawave/dw_api.o
                0x000000000800410c                dwRxSoftReset
 .text.dwReadSystemConfigurationRegister
                0x0000000008004166       0x22 ./Core/User/decawave/dw_api.o
                0x0000000008004166                dwReadSystemConfigurationRegister
 .text.dwWriteSystemConfigurationRegister
                0x0000000008004188       0x22 ./Core/User/decawave/dw_api.o
                0x0000000008004188                dwWriteSystemConfigurationRegister
 .text.dwReadSystemEventStatusRegister
                0x00000000080041aa       0x22 ./Core/User/decawave/dw_api.o
                0x00000000080041aa                dwReadSystemEventStatusRegister
 .text.dwReadNetworkIdAndDeviceAddress
                0x00000000080041cc       0x22 ./Core/User/decawave/dw_api.o
                0x00000000080041cc                dwReadNetworkIdAndDeviceAddress
 .text.dwWriteNetworkIdAndDeviceAddress
                0x00000000080041ee       0x22 ./Core/User/decawave/dw_api.o
                0x00000000080041ee                dwWriteNetworkIdAndDeviceAddress
 .text.dwReadSystemEventMaskRegister
                0x0000000008004210       0x22 ./Core/User/decawave/dw_api.o
                0x0000000008004210                dwReadSystemEventMaskRegister
 .text.dwWriteSystemEventMaskRegister
                0x0000000008004232       0x22 ./Core/User/decawave/dw_api.o
                0x0000000008004232                dwWriteSystemEventMaskRegister
 .text.dwReadChannelControlRegister
                0x0000000008004254       0x22 ./Core/User/decawave/dw_api.o
                0x0000000008004254                dwReadChannelControlRegister
 .text.dwWriteChannelControlRegister
                0x0000000008004276       0x22 ./Core/User/decawave/dw_api.o
                0x0000000008004276                dwWriteChannelControlRegister
 .text.dwReadTransmitFrameControlRegister
                0x0000000008004298       0x22 ./Core/User/decawave/dw_api.o
                0x0000000008004298                dwReadTransmitFrameControlRegister
 .text.dwWriteTransmitFrameControlRegister
                0x00000000080042ba       0x22 ./Core/User/decawave/dw_api.o
                0x00000000080042ba                dwWriteTransmitFrameControlRegister
 .text.dwSetReceiveWaitTimeout
                0x00000000080042dc       0x3e ./Core/User/decawave/dw_api.o
                0x00000000080042dc                dwSetReceiveWaitTimeout
 .text.dwSetFrameFilter
                0x000000000800431a       0x24 ./Core/User/decawave/dw_api.o
                0x000000000800431a                dwSetFrameFilter
 .text.dwSetFrameFilterAllowData
                0x000000000800433e       0x24 ./Core/User/decawave/dw_api.o
                0x000000000800433e                dwSetFrameFilterAllowData
 .text.dwSetFrameFilterAllowReserved
                0x0000000008004362       0x24 ./Core/User/decawave/dw_api.o
                0x0000000008004362                dwSetFrameFilterAllowReserved
 .text.dwSetDoubleBuffering
                0x0000000008004386       0x3a ./Core/User/decawave/dw_api.o
                0x0000000008004386                dwSetDoubleBuffering
 .text.dwSetInterruptPolarity
                0x00000000080043c0       0x24 ./Core/User/decawave/dw_api.o
                0x00000000080043c0                dwSetInterruptPolarity
 .text.dwSetReceiverAutoReenable
                0x00000000080043e4       0x24 ./Core/User/decawave/dw_api.o
                0x00000000080043e4                dwSetReceiverAutoReenable
 .text.dwInterruptOnSent
                0x0000000008004408       0x24 ./Core/User/decawave/dw_api.o
                0x0000000008004408                dwInterruptOnSent
 .text.dwInterruptOnReceived
                0x000000000800442c       0x34 ./Core/User/decawave/dw_api.o
                0x000000000800442c                dwInterruptOnReceived
 .text.dwInterruptOnReceiveFailed
                0x0000000008004460       0x74 ./Core/User/decawave/dw_api.o
                0x0000000008004460                dwInterruptOnReceiveFailed
 .text.dwInterruptOnReceiveTimeout
                0x00000000080044d4       0x34 ./Core/User/decawave/dw_api.o
                0x00000000080044d4                dwInterruptOnReceiveTimeout
 .text.dwInterruptOnReceiveTimestampAvailable
                0x0000000008004508       0x24 ./Core/User/decawave/dw_api.o
                0x0000000008004508                dwInterruptOnReceiveTimestampAvailable
 .text.dwInterruptOnAutomaticAcknowledgeTrigger
                0x000000000800452c       0x24 ./Core/User/decawave/dw_api.o
                0x000000000800452c                dwInterruptOnAutomaticAcknowledgeTrigger
 .text.dwClearInterrupts
                0x0000000008004550       0x1e ./Core/User/decawave/dw_api.o
                0x0000000008004550                dwClearInterrupts
 .text.dwIdle   0x000000000800456e       0x44 ./Core/User/decawave/dw_api.o
                0x000000000800456e                dwIdle
 .text.dwNewReceive
                0x00000000080045b2       0x30 ./Core/User/decawave/dw_api.o
                0x00000000080045b2                dwNewReceive
 .text.dwStartReceive
                0x00000000080045e2       0x58 ./Core/User/decawave/dw_api.o
                0x00000000080045e2                dwStartReceive
 .text.dwNewTransmit
                0x000000000800463a       0x30 ./Core/User/decawave/dw_api.o
                0x000000000800463a                dwNewTransmit
 .text.dwStartTransmit
                0x000000000800466a       0xb4 ./Core/User/decawave/dw_api.o
                0x000000000800466a                dwStartTransmit
 .text.dwNewConfiguration
                0x000000000800471e       0x34 ./Core/User/decawave/dw_api.o
                0x000000000800471e                dwNewConfiguration
 .text.dwCommitConfiguration
                0x0000000008004752       0x5a ./Core/User/decawave/dw_api.o
                0x0000000008004752                dwCommitConfiguration
 .text.dwReadCarrierIntegrator
                0x00000000080047ac       0x6c ./Core/User/decawave/dw_api.o
                0x00000000080047ac                dwReadCarrierIntegrator
 .text.dwSuppressFrameCheck
                0x0000000008004818       0x36 ./Core/User/decawave/dw_api.o
                0x0000000008004818                dwSuppressFrameCheck
 .text.dwUseSmartPower
                0x000000000800484e       0x42 ./Core/User/decawave/dw_api.o
                0x000000000800484e                dwUseSmartPower
 .text.dwSetDataRate
                0x0000000008004890      0x102 ./Core/User/decawave/dw_api.o
                0x0000000008004890                dwSetDataRate
 .text.dwSetPulseFrequency
                0x0000000008004992       0x6c ./Core/User/decawave/dw_api.o
                0x0000000008004992                dwSetPulseFrequency
 .text.dwSetPreambleLength
                0x00000000080049fe       0x94 ./Core/User/decawave/dw_api.o
                0x00000000080049fe                dwSetPreambleLength
 .text.dwUseExtendedFrameLength
                0x0000000008004a92       0x4a ./Core/User/decawave/dw_api.o
                0x0000000008004a92                dwUseExtendedFrameLength
 .text.dwSetChannel
                0x0000000008004adc       0x3c ./Core/User/decawave/dw_api.o
                0x0000000008004adc                dwSetChannel
 .text.dwSetPreambleCode
                0x0000000008004b18       0x70 ./Core/User/decawave/dw_api.o
                0x0000000008004b18                dwSetPreambleCode
 .text.dwSetDefaults
                0x0000000008004b88       0xbc ./Core/User/decawave/dw_api.o
                0x0000000008004b88                dwSetDefaults
 .text.dwSetData
                0x0000000008004c44       0x84 ./Core/User/decawave/dw_api.o
                0x0000000008004c44                dwSetData
 .text.dwGetDataLength
                0x0000000008004cc8       0x70 ./Core/User/decawave/dw_api.o
                0x0000000008004cc8                dwGetDataLength
 .text.dwGetData
                0x0000000008004d38       0x2c ./Core/User/decawave/dw_api.o
                0x0000000008004d38                dwGetData
 .text.dwGetTransmitTimestamp
                0x0000000008004d64       0x22 ./Core/User/decawave/dw_api.o
                0x0000000008004d64                dwGetTransmitTimestamp
 .text.dwGetReceiveTimestamp
                0x0000000008004d86       0x38 ./Core/User/decawave/dw_api.o
                0x0000000008004d86                dwGetReceiveTimestamp
 *fill*         0x0000000008004dbe        0x2 
 .text.dwCorrectTimestamp
                0x0000000008004dc0      0x27c ./Core/User/decawave/dw_api.o
                0x0000000008004dc0                dwCorrectTimestamp
 .text.dwIsTransmitDone
                0x000000000800503c       0x20 ./Core/User/decawave/dw_api.o
                0x000000000800503c                dwIsTransmitDone
 .text.dwIsReceiveTimestampAvailable
                0x000000000800505c       0x20 ./Core/User/decawave/dw_api.o
                0x000000000800505c                dwIsReceiveTimestampAvailable
 .text.dwIsReceiveDone
                0x000000000800507c       0x3c ./Core/User/decawave/dw_api.o
                0x000000000800507c                dwIsReceiveDone
 .text.dwIsReceiveFailed
                0x00000000080050b8       0xac ./Core/User/decawave/dw_api.o
                0x00000000080050b8                dwIsReceiveFailed
 .text.dwIsReceiveTimeout
                0x0000000008005164       0x20 ./Core/User/decawave/dw_api.o
                0x0000000008005164                dwIsReceiveTimeout
 .text.dwClearReceiveTimestampAvailableStatus
                0x0000000008005184       0x38 ./Core/User/decawave/dw_api.o
                0x0000000008005184                dwClearReceiveTimestampAvailableStatus
 .text.dwClearReceiveStatus
                0x00000000080051bc       0x24 ./Core/User/decawave/dw_api.o
                0x00000000080051bc                dwClearReceiveStatus
 .text.dwClearTransmitStatus
                0x00000000080051e0       0x20 ./Core/User/decawave/dw_api.o
                0x00000000080051e0                dwClearTransmitStatus
 .text.spiReadRxInfo
                0x0000000008005200       0x3a ./Core/User/decawave/dw_api.o
 *fill*         0x000000000800523a        0x2 
 .text.calculatePower
                0x000000000800523c       0xb8 ./Core/User/decawave/dw_api.o
 .text.calculateNLOS
                0x00000000080052f4       0x6c ./Core/User/decawave/dw_api.o
 .text.dwGetFirstPathPower
                0x0000000008005360       0xea ./Core/User/decawave/dw_api.o
                0x0000000008005360                dwGetFirstPathPower
 .text.dwGetReceivePower
                0x000000000800544a       0x5e ./Core/User/decawave/dw_api.o
                0x000000000800544a                dwGetReceivePower
 .text.dwEnableMode
                0x00000000080054a8       0x56 ./Core/User/decawave/dw_api.o
                0x00000000080054a8                dwEnableMode
 *fill*         0x00000000080054fe        0x2 
 .text.dwGetIndexDiff
                0x0000000008005500       0xc0 ./Core/User/decawave/dw_api.o
                0x0000000008005500                dwGetIndexDiff
 .text.dwPrNlos
                0x00000000080055c0       0xc0 ./Core/User/decawave/dw_api.o
                0x00000000080055c0                dwPrNlos
 .text.dwGetMc  0x0000000008005680       0xc4 ./Core/User/decawave/dw_api.o
                0x0000000008005680                dwGetMc
 *fill*         0x0000000008005744        0x4 
 .text.dwGetConfidenceLevel
                0x0000000008005748       0xb4 ./Core/User/decawave/dw_api.o
                0x0000000008005748                dwGetConfidenceLevel
 .text.dwTune   0x00000000080057fc      0xc10 ./Core/User/decawave/dw_api.o
                0x00000000080057fc                dwTune
 .text.spiWrite
                0x000000000800640c       0x6c ./Core/User/decawave/dw_func.o
 .text.spiRead  0x0000000008006478       0x6c ./Core/User/decawave/dw_func.o
 .text.spiSetSpeed
                0x00000000080064e4       0x38 ./Core/User/decawave/dw_func.o
 .text.reset    0x000000000800651c       0x34 ./Core/User/decawave/dw_func.o
 .text.delayms  0x0000000008006550       0x18 ./Core/User/decawave/dw_func.o
 .text.dwSpiRead
                0x0000000008006568       0x7c ./Core/User/decawave/dw_spi.o
                0x0000000008006568                dwSpiRead
 .text.dwSpiRead16
                0x00000000080065e4       0x2a ./Core/User/decawave/dw_spi.o
                0x00000000080065e4                dwSpiRead16
 .text.dwSpiRead32
                0x000000000800660e       0x2a ./Core/User/decawave/dw_spi.o
                0x000000000800660e                dwSpiRead32
 .text.dwSpiWrite
                0x0000000008006638       0x86 ./Core/User/decawave/dw_spi.o
                0x0000000008006638                dwSpiWrite
 .text.dwSpiWrite8
                0x00000000080066be       0x2e ./Core/User/decawave/dw_spi.o
                0x00000000080066be                dwSpiWrite8
 .text.dwSpiWrite32
                0x00000000080066ec       0x28 ./Core/User/decawave/dw_spi.o
                0x00000000080066ec                dwSpiWrite32
 .text.HAL_Init
                0x0000000008006714       0x44 ./Drivers/STM32F4xx_HAL_Driver/Src/stm32f4xx_hal.o
                0x0000000008006714                HAL_Init
 .text.HAL_InitTick
                0x0000000008006758       0x60 ./Drivers/STM32F4xx_HAL_Driver/Src/stm32f4xx_hal.o
                0x0000000008006758                HAL_InitTick
 .text.HAL_IncTick
                0x00000000080067b8       0x28 ./Drivers/STM32F4xx_HAL_Driver/Src/stm32f4xx_hal.o
                0x00000000080067b8                HAL_IncTick
 .text.HAL_GetTick
                0x00000000080067e0       0x18 ./Drivers/STM32F4xx_HAL_Driver/Src/stm32f4xx_hal.o
                0x00000000080067e0                HAL_GetTick
 .text.HAL_Delay
                0x00000000080067f8       0x48 ./Drivers/STM32F4xx_HAL_Driver/Src/stm32f4xx_hal.o
                0x00000000080067f8                HAL_Delay
 .text.HAL_ADC_Init
                0x0000000008006840       0x86 ./Drivers/STM32F4xx_HAL_Driver/Src/stm32f4xx_hal_adc.o
                0x0000000008006840                HAL_ADC_Init
 *fill*         0x00000000080068c6        0x2 
 .text.HAL_ADC_ConfigChannel
                0x00000000080068c8      0x244 ./Drivers/STM32F4xx_HAL_Driver/Src/stm32f4xx_hal_adc.o
                0x00000000080068c8                HAL_ADC_ConfigChannel
 .text.ADC_Init
                0x0000000008006b0c      0x1f8 ./Drivers/STM32F4xx_HAL_Driver/Src/stm32f4xx_hal_adc.o
 .text.__NVIC_SetPriorityGrouping
                0x0000000008006d04       0x48 ./Drivers/STM32F4xx_HAL_Driver/Src/stm32f4xx_hal_cortex.o
 .text.__NVIC_GetPriorityGrouping
                0x0000000008006d4c       0x1c ./Drivers/STM32F4xx_HAL_Driver/Src/stm32f4xx_hal_cortex.o
 .text.__NVIC_EnableIRQ
                0x0000000008006d68       0x3c ./Drivers/STM32F4xx_HAL_Driver/Src/stm32f4xx_hal_cortex.o
 .text.__NVIC_SetPriority
                0x0000000008006da4       0x54 ./Drivers/STM32F4xx_HAL_Driver/Src/stm32f4xx_hal_cortex.o
 .text.NVIC_EncodePriority
                0x0000000008006df8       0x66 ./Drivers/STM32F4xx_HAL_Driver/Src/stm32f4xx_hal_cortex.o
 *fill*         0x0000000008006e5e        0x2 
 .text.__NVIC_SystemReset
                0x0000000008006e60       0x2c ./Drivers/STM32F4xx_HAL_Driver/Src/stm32f4xx_hal_cortex.o
 .text.SysTick_Config
                0x0000000008006e8c       0x44 ./Drivers/STM32F4xx_HAL_Driver/Src/stm32f4xx_hal_cortex.o
 .text.HAL_NVIC_SetPriorityGrouping
                0x0000000008006ed0       0x16 ./Drivers/STM32F4xx_HAL_Driver/Src/stm32f4xx_hal_cortex.o
                0x0000000008006ed0                HAL_NVIC_SetPriorityGrouping
 .text.HAL_NVIC_SetPriority
                0x0000000008006ee6       0x38 ./Drivers/STM32F4xx_HAL_Driver/Src/stm32f4xx_hal_cortex.o
                0x0000000008006ee6                HAL_NVIC_SetPriority
 .text.HAL_NVIC_EnableIRQ
                0x0000000008006f1e       0x1c ./Drivers/STM32F4xx_HAL_Driver/Src/stm32f4xx_hal_cortex.o
                0x0000000008006f1e                HAL_NVIC_EnableIRQ
 .text.HAL_NVIC_SystemReset
                0x0000000008006f3a        0x8 ./Drivers/STM32F4xx_HAL_Driver/Src/stm32f4xx_hal_cortex.o
                0x0000000008006f3a                HAL_NVIC_SystemReset
 .text.HAL_SYSTICK_Config
                0x0000000008006f42       0x18 ./Drivers/STM32F4xx_HAL_Driver/Src/stm32f4xx_hal_cortex.o
                0x0000000008006f42                HAL_SYSTICK_Config
 *fill*         0x0000000008006f5a        0x2 
 .text.HAL_GPIO_Init
                0x0000000008006f5c      0x338 ./Drivers/STM32F4xx_HAL_Driver/Src/stm32f4xx_hal_gpio.o
                0x0000000008006f5c                HAL_GPIO_Init
 .text.HAL_GPIO_WritePin
                0x0000000008007294       0x32 ./Drivers/STM32F4xx_HAL_Driver/Src/stm32f4xx_hal_gpio.o
                0x0000000008007294                HAL_GPIO_WritePin
 *fill*         0x00000000080072c6        0x2 
 .text.HAL_RCC_OscConfig
                0x00000000080072c8      0x4f0 ./Drivers/STM32F4xx_HAL_Driver/Src/stm32f4xx_hal_rcc.o
                0x00000000080072c8                HAL_RCC_OscConfig
 .text.HAL_RCC_ClockConfig
                0x00000000080077b8      0x1cc ./Drivers/STM32F4xx_HAL_Driver/Src/stm32f4xx_hal_rcc.o
                0x00000000080077b8                HAL_RCC_ClockConfig
 .text.HAL_RCC_GetSysClockFreq
                0x0000000008007984      0x20c ./Drivers/STM32F4xx_HAL_Driver/Src/stm32f4xx_hal_rcc.o
                0x0000000008007984                HAL_RCC_GetSysClockFreq
 .text.HAL_RCC_GetHCLKFreq
                0x0000000008007b90       0x18 ./Drivers/STM32F4xx_HAL_Driver/Src/stm32f4xx_hal_rcc.o
                0x0000000008007b90                HAL_RCC_GetHCLKFreq
 .text.HAL_RCC_GetPCLK1Freq
                0x0000000008007ba8       0x28 ./Drivers/STM32F4xx_HAL_Driver/Src/stm32f4xx_hal_rcc.o
                0x0000000008007ba8                HAL_RCC_GetPCLK1Freq
 .text.HAL_RCC_GetPCLK2Freq
                0x0000000008007bd0       0x28 ./Drivers/STM32F4xx_HAL_Driver/Src/stm32f4xx_hal_rcc.o
                0x0000000008007bd0                HAL_RCC_GetPCLK2Freq
 .text.HAL_SPI_Init
                0x0000000008007bf8      0x112 ./Drivers/STM32F4xx_HAL_Driver/Src/stm32f4xx_hal_spi.o
                0x0000000008007bf8                HAL_SPI_Init
 .text.HAL_SPI_Transmit
                0x0000000008007d0a      0x278 ./Drivers/STM32F4xx_HAL_Driver/Src/stm32f4xx_hal_spi.o
                0x0000000008007d0a                HAL_SPI_Transmit
 .text.HAL_SPI_Receive
                0x0000000008007f82      0x222 ./Drivers/STM32F4xx_HAL_Driver/Src/stm32f4xx_hal_spi.o
                0x0000000008007f82                HAL_SPI_Receive
 .text.HAL_SPI_TransmitReceive
                0x00000000080081a4      0x344 ./Drivers/STM32F4xx_HAL_Driver/Src/stm32f4xx_hal_spi.o
                0x00000000080081a4                HAL_SPI_TransmitReceive
 .text.SPI_WaitFlagStateUntilTimeout
                0x00000000080084e8      0x110 ./Drivers/STM32F4xx_HAL_Driver/Src/stm32f4xx_hal_spi.o
 .text.SPI_EndRxTransaction
                0x00000000080085f8       0xca ./Drivers/STM32F4xx_HAL_Driver/Src/stm32f4xx_hal_spi.o
 *fill*         0x00000000080086c2        0x2 
 .text.SPI_EndRxTxTransaction
                0x00000000080086c4       0x84 ./Drivers/STM32F4xx_HAL_Driver/Src/stm32f4xx_hal_spi.o
 .text.HAL_TIM_Base_Init
                0x0000000008008748       0x9e ./Drivers/STM32F4xx_HAL_Driver/Src/stm32f4xx_hal_tim.o
                0x0000000008008748                HAL_TIM_Base_Init
 *fill*         0x00000000080087e6        0x2 
 .text.HAL_TIM_Base_Start
                0x00000000080087e8       0xd0 ./Drivers/STM32F4xx_HAL_Driver/Src/stm32f4xx_hal_tim.o
                0x00000000080087e8                HAL_TIM_Base_Start
 .text.HAL_TIM_Base_Start_IT
                0x00000000080088b8       0xe0 ./Drivers/STM32F4xx_HAL_Driver/Src/stm32f4xx_hal_tim.o
                0x00000000080088b8                HAL_TIM_Base_Start_IT
 .text.HAL_TIM_IRQHandler
                0x0000000008008998      0x210 ./Drivers/STM32F4xx_HAL_Driver/Src/stm32f4xx_hal_tim.o
                0x0000000008008998                HAL_TIM_IRQHandler
 .text.HAL_TIM_ConfigClockSource
                0x0000000008008ba8      0x18e ./Drivers/STM32F4xx_HAL_Driver/Src/stm32f4xx_hal_tim.o
                0x0000000008008ba8                HAL_TIM_ConfigClockSource
 .text.HAL_TIM_OC_DelayElapsedCallback
                0x0000000008008d36       0x14 ./Drivers/STM32F4xx_HAL_Driver/Src/stm32f4xx_hal_tim.o
                0x0000000008008d36                HAL_TIM_OC_DelayElapsedCallback
 .text.HAL_TIM_IC_CaptureCallback
                0x0000000008008d4a       0x14 ./Drivers/STM32F4xx_HAL_Driver/Src/stm32f4xx_hal_tim.o
                0x0000000008008d4a                HAL_TIM_IC_CaptureCallback
 .text.HAL_TIM_PWM_PulseFinishedCallback
                0x0000000008008d5e       0x14 ./Drivers/STM32F4xx_HAL_Driver/Src/stm32f4xx_hal_tim.o
                0x0000000008008d5e                HAL_TIM_PWM_PulseFinishedCallback
 .text.HAL_TIM_TriggerCallback
                0x0000000008008d72       0x14 ./Drivers/STM32F4xx_HAL_Driver/Src/stm32f4xx_hal_tim.o
                0x0000000008008d72                HAL_TIM_TriggerCallback
 *fill*         0x0000000008008d86        0x2 
 .text.TIM_Base_SetConfig
                0x0000000008008d88      0x140 ./Drivers/STM32F4xx_HAL_Driver/Src/stm32f4xx_hal_tim.o
                0x0000000008008d88                TIM_Base_SetConfig
 .text.TIM_TI1_ConfigInputStage
                0x0000000008008ec8       0x5e ./Drivers/STM32F4xx_HAL_Driver/Src/stm32f4xx_hal_tim.o
 .text.TIM_TI2_ConfigInputStage
                0x0000000008008f26       0x60 ./Drivers/STM32F4xx_HAL_Driver/Src/stm32f4xx_hal_tim.o
 .text.TIM_ITRx_SetConfig
                0x0000000008008f86       0x36 ./Drivers/STM32F4xx_HAL_Driver/Src/stm32f4xx_hal_tim.o
 .text.TIM_ETR_SetConfig
                0x0000000008008fbc       0x40 ./Drivers/STM32F4xx_HAL_Driver/Src/stm32f4xx_hal_tim.o
                0x0000000008008fbc                TIM_ETR_SetConfig
 .text.HAL_TIMEx_MasterConfigSynchronization
                0x0000000008008ffc       0xf8 ./Drivers/STM32F4xx_HAL_Driver/Src/stm32f4xx_hal_tim_ex.o
                0x0000000008008ffc                HAL_TIMEx_MasterConfigSynchronization
 .text.HAL_TIMEx_CommutCallback
                0x00000000080090f4       0x14 ./Drivers/STM32F4xx_HAL_Driver/Src/stm32f4xx_hal_tim_ex.o
                0x00000000080090f4                HAL_TIMEx_CommutCallback
 .text.HAL_TIMEx_BreakCallback
                0x0000000008009108       0x14 ./Drivers/STM32F4xx_HAL_Driver/Src/stm32f4xx_hal_tim_ex.o
                0x0000000008009108                HAL_TIMEx_BreakCallback
 .text.HAL_UART_Init
                0x000000000800911c       0x9a ./Drivers/STM32F4xx_HAL_Driver/Src/stm32f4xx_hal_uart.o
                0x000000000800911c                HAL_UART_Init
 .text.HAL_UART_Transmit
                0x00000000080091b6      0x124 ./Drivers/STM32F4xx_HAL_Driver/Src/stm32f4xx_hal_uart.o
                0x00000000080091b6                HAL_UART_Transmit
 .text.UART_WaitOnFlagUntilTimeout
                0x00000000080092da       0xdc ./Drivers/STM32F4xx_HAL_Driver/Src/stm32f4xx_hal_uart.o
 *fill*         0x00000000080093b6        0x2 
 .text.UART_SetConfig
                0x00000000080093b8      0x4e8 ./Drivers/STM32F4xx_HAL_Driver/Src/stm32f4xx_hal_uart.o
 .text.__errno  0x00000000080098a0        0xc c:/st/stm32cubeide_1.10.1/stm32cubeide/plugins/com.st.stm32cube.ide.mcu.externaltools.gnu-tools-for-stm32.10.3-2021.10.win32_1.0.0.202111181127/tools/bin/../lib/gcc/arm-none-eabi/10.3.1/../../../../arm-none-eabi/lib/thumb/v7e-m+fp/hard\libc_nano.a(lib_a-errno.o)
                0x00000000080098a0                __errno
 .text.__libc_init_array
                0x00000000080098ac       0x48 c:/st/stm32cubeide_1.10.1/stm32cubeide/plugins/com.st.stm32cube.ide.mcu.externaltools.gnu-tools-for-stm32.10.3-2021.10.win32_1.0.0.202111181127/tools/bin/../lib/gcc/arm-none-eabi/10.3.1/../../../../arm-none-eabi/lib/thumb/v7e-m+fp/hard\libc_nano.a(lib_a-init.o)
                0x00000000080098ac                __libc_init_array
 .text.malloc   0x00000000080098f4       0x10 c:/st/stm32cubeide_1.10.1/stm32cubeide/plugins/com.st.stm32cube.ide.mcu.externaltools.gnu-tools-for-stm32.10.3-2021.10.win32_1.0.0.202111181127/tools/bin/../lib/gcc/arm-none-eabi/10.3.1/../../../../arm-none-eabi/lib/thumb/v7e-m+fp/hard\libc_nano.a(lib_a-malloc.o)
                0x00000000080098f4                malloc
 .text.memcmp   0x0000000008009904       0x20 c:/st/stm32cubeide_1.10.1/stm32cubeide/plugins/com.st.stm32cube.ide.mcu.externaltools.gnu-tools-for-stm32.10.3-2021.10.win32_1.0.0.202111181127/tools/bin/../lib/gcc/arm-none-eabi/10.3.1/../../../../arm-none-eabi/lib/thumb/v7e-m+fp/hard\libc_nano.a(lib_a-memcmp.o)
                0x0000000008009904                memcmp
 .text.memcpy   0x0000000008009924       0x1c c:/st/stm32cubeide_1.10.1/stm32cubeide/plugins/com.st.stm32cube.ide.mcu.externaltools.gnu-tools-for-stm32.10.3-2021.10.win32_1.0.0.202111181127/tools/bin/../lib/gcc/arm-none-eabi/10.3.1/../../../../arm-none-eabi/lib/thumb/v7e-m+fp/hard\libc_nano.a(lib_a-memcpy-stub.o)
                0x0000000008009924                memcpy
 .text.memset   0x0000000008009940       0x10 c:/st/stm32cubeide_1.10.1/stm32cubeide/plugins/com.st.stm32cube.ide.mcu.externaltools.gnu-tools-for-stm32.10.3-2021.10.win32_1.0.0.202111181127/tools/bin/../lib/gcc/arm-none-eabi/10.3.1/../../../../arm-none-eabi/lib/thumb/v7e-m+fp/hard\libc_nano.a(lib_a-memset.o)
                0x0000000008009940                memset
 .text._free_r  0x0000000008009950       0x98 c:/st/stm32cubeide_1.10.1/stm32cubeide/plugins/com.st.stm32cube.ide.mcu.externaltools.gnu-tools-for-stm32.10.3-2021.10.win32_1.0.0.202111181127/tools/bin/../lib/gcc/arm-none-eabi/10.3.1/../../../../arm-none-eabi/lib/thumb/v7e-m+fp/hard\libc_nano.a(lib_a-nano-freer.o)
                0x0000000008009950                _free_r
 .text.sbrk_aligned
                0x00000000080099e8       0x40 c:/st/stm32cubeide_1.10.1/stm32cubeide/plugins/com.st.stm32cube.ide.mcu.externaltools.gnu-tools-for-stm32.10.3-2021.10.win32_1.0.0.202111181127/tools/bin/../lib/gcc/arm-none-eabi/10.3.1/../../../../arm-none-eabi/lib/thumb/v7e-m+fp/hard\libc_nano.a(lib_a-nano-mallocr.o)
 .text._malloc_r
                0x0000000008009a28       0xe8 c:/st/stm32cubeide_1.10.1/stm32cubeide/plugins/com.st.stm32cube.ide.mcu.externaltools.gnu-tools-for-stm32.10.3-2021.10.win32_1.0.0.202111181127/tools/bin/../lib/gcc/arm-none-eabi/10.3.1/../../../../arm-none-eabi/lib/thumb/v7e-m+fp/hard\libc_nano.a(lib_a-nano-mallocr.o)
                0x0000000008009a28                _malloc_r
 .text.__cvt    0x0000000008009b10       0xc4 c:/st/stm32cubeide_1.10.1/stm32cubeide/plugins/com.st.stm32cube.ide.mcu.externaltools.gnu-tools-for-stm32.10.3-2021.10.win32_1.0.0.202111181127/tools/bin/../lib/gcc/arm-none-eabi/10.3.1/../../../../arm-none-eabi/lib/thumb/v7e-m+fp/hard\libc_nano.a(lib_a-nano-vfprintf_float.o)
                0x0000000008009b10                __cvt
 .text.__exponent
                0x0000000008009bd4       0x7c c:/st/stm32cubeide_1.10.1/stm32cubeide/plugins/com.st.stm32cube.ide.mcu.externaltools.gnu-tools-for-stm32.10.3-2021.10.win32_1.0.0.202111181127/tools/bin/../lib/gcc/arm-none-eabi/10.3.1/../../../../arm-none-eabi/lib/thumb/v7e-m+fp/hard\libc_nano.a(lib_a-nano-vfprintf_float.o)
                0x0000000008009bd4                __exponent
 .text._printf_float
                0x0000000008009c50      0x46c c:/st/stm32cubeide_1.10.1/stm32cubeide/plugins/com.st.stm32cube.ide.mcu.externaltools.gnu-tools-for-stm32.10.3-2021.10.win32_1.0.0.202111181127/tools/bin/../lib/gcc/arm-none-eabi/10.3.1/../../../../arm-none-eabi/lib/thumb/v7e-m+fp/hard\libc_nano.a(lib_a-nano-vfprintf_float.o)
                0x0000000008009c50                _printf_float
 .text._printf_common
                0x000000000800a0bc       0xda c:/st/stm32cubeide_1.10.1/stm32cubeide/plugins/com.st.stm32cube.ide.mcu.externaltools.gnu-tools-for-stm32.10.3-2021.10.win32_1.0.0.202111181127/tools/bin/../lib/gcc/arm-none-eabi/10.3.1/../../../../arm-none-eabi/lib/thumb/v7e-m+fp/hard\libc_nano.a(lib_a-nano-vfprintf_i.o)
                0x000000000800a0bc                _printf_common
 *fill*         0x000000000800a196        0x2 
 .text._printf_i
                0x000000000800a198      0x24c c:/st/stm32cubeide_1.10.1/stm32cubeide/plugins/com.st.stm32cube.ide.mcu.externaltools.gnu-tools-for-stm32.10.3-2021.10.win32_1.0.0.202111181127/tools/bin/../lib/gcc/arm-none-eabi/10.3.1/../../../../arm-none-eabi/lib/thumb/v7e-m+fp/hard\libc_nano.a(lib_a-nano-vfprintf_i.o)
                0x000000000800a198                _printf_i
 .text._scanf_float
                0x000000000800a3e4      0x420 c:/st/stm32cubeide_1.10.1/stm32cubeide/plugins/com.st.stm32cube.ide.mcu.externaltools.gnu-tools-for-stm32.10.3-2021.10.win32_1.0.0.202111181127/tools/bin/../lib/gcc/arm-none-eabi/10.3.1/../../../../arm-none-eabi/lib/thumb/v7e-m+fp/hard\libc_nano.a(lib_a-nano-vfscanf_float.o)
                0x000000000800a3e4                _scanf_float
 .text.printf   0x000000000800a804       0x30 c:/st/stm32cubeide_1.10.1/stm32cubeide/plugins/com.st.stm32cube.ide.mcu.externaltools.gnu-tools-for-stm32.10.3-2021.10.win32_1.0.0.202111181127/tools/bin/../lib/gcc/arm-none-eabi/10.3.1/../../../../arm-none-eabi/lib/thumb/v7e-m+fp/hard\libc_nano.a(lib_a-printf.o)
                0x000000000800a804                iprintf
                0x000000000800a804                printf
 .text._sbrk_r  0x000000000800a834       0x20 c:/st/stm32cubeide_1.10.1/stm32cubeide/plugins/com.st.stm32cube.ide.mcu.externaltools.gnu-tools-for-stm32.10.3-2021.10.win32_1.0.0.202111181127/tools/bin/../lib/gcc/arm-none-eabi/10.3.1/../../../../arm-none-eabi/lib/thumb/v7e-m+fp/hard\libc_nano.a(lib_a-sbrkr.o)
                0x000000000800a834                _sbrk_r
 .text.nanf     0x000000000800a854        0xc c:/st/stm32cubeide_1.10.1/stm32cubeide/plugins/com.st.stm32cube.ide.mcu.externaltools.gnu-tools-for-stm32.10.3-2021.10.win32_1.0.0.202111181127/tools/bin/../lib/gcc/arm-none-eabi/10.3.1/../../../../arm-none-eabi/lib/thumb/v7e-m+fp/hard\libc_nano.a(lib_a-sf_nan.o)
                0x000000000800a854                nanf
 .text.sprintf  0x000000000800a860       0x40 c:/st/stm32cubeide_1.10.1/stm32cubeide/plugins/com.st.stm32cube.ide.mcu.externaltools.gnu-tools-for-stm32.10.3-2021.10.win32_1.0.0.202111181127/tools/bin/../lib/gcc/arm-none-eabi/10.3.1/../../../../arm-none-eabi/lib/thumb/v7e-m+fp/hard\libc_nano.a(lib_a-sprintf.o)
                0x000000000800a860                siprintf
                0x000000000800a860                sprintf
 .text.sulp     0x000000000800a8a0       0x38 c:/st/stm32cubeide_1.10.1/stm32cubeide/plugins/com.st.stm32cube.ide.mcu.externaltools.gnu-tools-for-stm32.10.3-2021.10.win32_1.0.0.202111181127/tools/bin/../lib/gcc/arm-none-eabi/10.3.1/../../../../arm-none-eabi/lib/thumb/v7e-m+fp/hard\libc_nano.a(lib_a-strtod.o)
 .text._strtod_l
                0x000000000800a8d8      0xc0c c:/st/stm32cubeide_1.10.1/stm32cubeide/plugins/com.st.stm32cube.ide.mcu.externaltools.gnu-tools-for-stm32.10.3-2021.10.win32_1.0.0.202111181127/tools/bin/../lib/gcc/arm-none-eabi/10.3.1/../../../../arm-none-eabi/lib/thumb/v7e-m+fp/hard\libc_nano.a(lib_a-strtod.o)
                0x000000000800a8d8                _strtod_l
 .text._strtod_r
                0x000000000800b4e4        0xc c:/st/stm32cubeide_1.10.1/stm32cubeide/plugins/com.st.stm32cube.ide.mcu.externaltools.gnu-tools-for-stm32.10.3-2021.10.win32_1.0.0.202111181127/tools/bin/../lib/gcc/arm-none-eabi/10.3.1/../../../../arm-none-eabi/lib/thumb/v7e-m+fp/hard\libc_nano.a(lib_a-strtod.o)
                0x000000000800b4e4                _strtod_r
 .text._strtol_l.constprop.0
                0x000000000800b4f0      0x104 c:/st/stm32cubeide_1.10.1/stm32cubeide/plugins/com.st.stm32cube.ide.mcu.externaltools.gnu-tools-for-stm32.10.3-2021.10.win32_1.0.0.202111181127/tools/bin/../lib/gcc/arm-none-eabi/10.3.1/../../../../arm-none-eabi/lib/thumb/v7e-m+fp/hard\libc_nano.a(lib_a-strtol.o)
 .text._strtol_r
                0x000000000800b5f4        0x4 c:/st/stm32cubeide_1.10.1/stm32cubeide/plugins/com.st.stm32cube.ide.mcu.externaltools.gnu-tools-for-stm32.10.3-2021.10.win32_1.0.0.202111181127/tools/bin/../lib/gcc/arm-none-eabi/10.3.1/../../../../arm-none-eabi/lib/thumb/v7e-m+fp/hard\libc_nano.a(lib_a-strtol.o)
                0x000000000800b5f4                _strtol_r
 .text.quorem   0x000000000800b5f8      0x116 c:/st/stm32cubeide_1.10.1/stm32cubeide/plugins/com.st.stm32cube.ide.mcu.externaltools.gnu-tools-for-stm32.10.3-2021.10.win32_1.0.0.202111181127/tools/bin/../lib/gcc/arm-none-eabi/10.3.1/../../../../arm-none-eabi/lib/thumb/v7e-m+fp/hard\libc_nano.a(lib_a-dtoa.o)
 *fill*         0x000000000800b70e        0x2 
 .text._dtoa_r  0x000000000800b710      0xbdc c:/st/stm32cubeide_1.10.1/stm32cubeide/plugins/com.st.stm32cube.ide.mcu.externaltools.gnu-tools-for-stm32.10.3-2021.10.win32_1.0.0.202111181127/tools/bin/../lib/gcc/arm-none-eabi/10.3.1/../../../../arm-none-eabi/lib/thumb/v7e-m+fp/hard\libc_nano.a(lib_a-dtoa.o)
                0x000000000800b710                _dtoa_r
 .text.std      0x000000000800c2ec       0x48 c:/st/stm32cubeide_1.10.1/stm32cubeide/plugins/com.st.stm32cube.ide.mcu.externaltools.gnu-tools-for-stm32.10.3-2021.10.win32_1.0.0.202111181127/tools/bin/../lib/gcc/arm-none-eabi/10.3.1/../../../../arm-none-eabi/lib/thumb/v7e-m+fp/hard\libc_nano.a(lib_a-findfp.o)
 .text._cleanup_r
                0x000000000800c334        0xc c:/st/stm32cubeide_1.10.1/stm32cubeide/plugins/com.st.stm32cube.ide.mcu.externaltools.gnu-tools-for-stm32.10.3-2021.10.win32_1.0.0.202111181127/tools/bin/../lib/gcc/arm-none-eabi/10.3.1/../../../../arm-none-eabi/lib/thumb/v7e-m+fp/hard\libc_nano.a(lib_a-findfp.o)
                0x000000000800c334                _cleanup_r
 .text.__sfmoreglue
                0x000000000800c340       0x2c c:/st/stm32cubeide_1.10.1/stm32cubeide/plugins/com.st.stm32cube.ide.mcu.externaltools.gnu-tools-for-stm32.10.3-2021.10.win32_1.0.0.202111181127/tools/bin/../lib/gcc/arm-none-eabi/10.3.1/../../../../arm-none-eabi/lib/thumb/v7e-m+fp/hard\libc_nano.a(lib_a-findfp.o)
                0x000000000800c340                __sfmoreglue
 .text.__sfp_lock_acquire
                0x000000000800c36c        0xc c:/st/stm32cubeide_1.10.1/stm32cubeide/plugins/com.st.stm32cube.ide.mcu.externaltools.gnu-tools-for-stm32.10.3-2021.10.win32_1.0.0.202111181127/tools/bin/../lib/gcc/arm-none-eabi/10.3.1/../../../../arm-none-eabi/lib/thumb/v7e-m+fp/hard\libc_nano.a(lib_a-findfp.o)
                0x000000000800c36c                __sfp_lock_acquire
 .text.__sfp_lock_release
                0x000000000800c378        0xc c:/st/stm32cubeide_1.10.1/stm32cubeide/plugins/com.st.stm32cube.ide.mcu.externaltools.gnu-tools-for-stm32.10.3-2021.10.win32_1.0.0.202111181127/tools/bin/../lib/gcc/arm-none-eabi/10.3.1/../../../../arm-none-eabi/lib/thumb/v7e-m+fp/hard\libc_nano.a(lib_a-findfp.o)
                0x000000000800c378                __sfp_lock_release
 .text.__sinit_lock_acquire
                0x000000000800c384        0xc c:/st/stm32cubeide_1.10.1/stm32cubeide/plugins/com.st.stm32cube.ide.mcu.externaltools.gnu-tools-for-stm32.10.3-2021.10.win32_1.0.0.202111181127/tools/bin/../lib/gcc/arm-none-eabi/10.3.1/../../../../arm-none-eabi/lib/thumb/v7e-m+fp/hard\libc_nano.a(lib_a-findfp.o)
                0x000000000800c384                __sinit_lock_acquire
 .text.__sinit_lock_release
                0x000000000800c390        0xc c:/st/stm32cubeide_1.10.1/stm32cubeide/plugins/com.st.stm32cube.ide.mcu.externaltools.gnu-tools-for-stm32.10.3-2021.10.win32_1.0.0.202111181127/tools/bin/../lib/gcc/arm-none-eabi/10.3.1/../../../../arm-none-eabi/lib/thumb/v7e-m+fp/hard\libc_nano.a(lib_a-findfp.o)
                0x000000000800c390                __sinit_lock_release
 .text.__sinit  0x000000000800c39c       0x70 c:/st/stm32cubeide_1.10.1/stm32cubeide/plugins/com.st.stm32cube.ide.mcu.externaltools.gnu-tools-for-stm32.10.3-2021.10.win32_1.0.0.202111181127/tools/bin/../lib/gcc/arm-none-eabi/10.3.1/../../../../arm-none-eabi/lib/thumb/v7e-m+fp/hard\libc_nano.a(lib_a-findfp.o)
                0x000000000800c39c                __sinit
 .text.__sfp    0x000000000800c40c       0x8c c:/st/stm32cubeide_1.10.1/stm32cubeide/plugins/com.st.stm32cube.ide.mcu.externaltools.gnu-tools-for-stm32.10.3-2021.10.win32_1.0.0.202111181127/tools/bin/../lib/gcc/arm-none-eabi/10.3.1/../../../../arm-none-eabi/lib/thumb/v7e-m+fp/hard\libc_nano.a(lib_a-findfp.o)
                0x000000000800c40c                __sfp
 .text._fwalk_reent
                0x000000000800c498       0x3e c:/st/stm32cubeide_1.10.1/stm32cubeide/plugins/com.st.stm32cube.ide.mcu.externaltools.gnu-tools-for-stm32.10.3-2021.10.win32_1.0.0.202111181127/tools/bin/../lib/gcc/arm-none-eabi/10.3.1/../../../../arm-none-eabi/lib/thumb/v7e-m+fp/hard\libc_nano.a(lib_a-fwalk.o)
                0x000000000800c498                _fwalk_reent
 .text.rshift   0x000000000800c4d6       0xa4 c:/st/stm32cubeide_1.10.1/stm32cubeide/plugins/com.st.stm32cube.ide.mcu.externaltools.gnu-tools-for-stm32.10.3-2021.10.win32_1.0.0.202111181127/tools/bin/../lib/gcc/arm-none-eabi/10.3.1/../../../../arm-none-eabi/lib/thumb/v7e-m+fp/hard\libc_nano.a(lib_a-gdtoa-gethex.o)
 .text.__hexdig_fun
                0x000000000800c57a       0x2a c:/st/stm32cubeide_1.10.1/stm32cubeide/plugins/com.st.stm32cube.ide.mcu.externaltools.gnu-tools-for-stm32.10.3-2021.10.win32_1.0.0.202111181127/tools/bin/../lib/gcc/arm-none-eabi/10.3.1/../../../../arm-none-eabi/lib/thumb/v7e-m+fp/hard\libc_nano.a(lib_a-gdtoa-gethex.o)
                0x000000000800c57a                __hexdig_fun
 .text.__gethex
                0x000000000800c5a4      0x48c c:/st/stm32cubeide_1.10.1/stm32cubeide/plugins/com.st.stm32cube.ide.mcu.externaltools.gnu-tools-for-stm32.10.3-2021.10.win32_1.0.0.202111181127/tools/bin/../lib/gcc/arm-none-eabi/10.3.1/../../../../arm-none-eabi/lib/thumb/v7e-m+fp/hard\libc_nano.a(lib_a-gdtoa-gethex.o)
                0x000000000800c5a4                __gethex
 .text.L_shift  0x000000000800ca30       0x24 c:/st/stm32cubeide_1.10.1/stm32cubeide/plugins/com.st.stm32cube.ide.mcu.externaltools.gnu-tools-for-stm32.10.3-2021.10.win32_1.0.0.202111181127/tools/bin/../lib/gcc/arm-none-eabi/10.3.1/../../../../arm-none-eabi/lib/thumb/v7e-m+fp/hard\libc_nano.a(lib_a-gdtoa-hexnan.o)
 .text.__match  0x000000000800ca54       0x28 c:/st/stm32cubeide_1.10.1/stm32cubeide/plugins/com.st.stm32cube.ide.mcu.externaltools.gnu-tools-for-stm32.10.3-2021.10.win32_1.0.0.202111181127/tools/bin/../lib/gcc/arm-none-eabi/10.3.1/../../../../arm-none-eabi/lib/thumb/v7e-m+fp/hard\libc_nano.a(lib_a-gdtoa-hexnan.o)
                0x000000000800ca54                __match
 .text.__hexnan
                0x000000000800ca7c      0x138 c:/st/stm32cubeide_1.10.1/stm32cubeide/plugins/com.st.stm32cube.ide.mcu.externaltools.gnu-tools-for-stm32.10.3-2021.10.win32_1.0.0.202111181127/tools/bin/../lib/gcc/arm-none-eabi/10.3.1/../../../../arm-none-eabi/lib/thumb/v7e-m+fp/hard\libc_nano.a(lib_a-gdtoa-hexnan.o)
                0x000000000800ca7c                __hexnan
 .text._localeconv_r
                0x000000000800cbb4        0x8 c:/st/stm32cubeide_1.10.1/stm32cubeide/plugins/com.st.stm32cube.ide.mcu.externaltools.gnu-tools-for-stm32.10.3-2021.10.win32_1.0.0.202111181127/tools/bin/../lib/gcc/arm-none-eabi/10.3.1/../../../../arm-none-eabi/lib/thumb/v7e-m+fp/hard\libc_nano.a(lib_a-localeconv.o)
                0x000000000800cbb4                _localeconv_r
 .text.__retarget_lock_init_recursive
                0x000000000800cbbc        0x2 c:/st/stm32cubeide_1.10.1/stm32cubeide/plugins/com.st.stm32cube.ide.mcu.externaltools.gnu-tools-for-stm32.10.3-2021.10.win32_1.0.0.202111181127/tools/bin/../lib/gcc/arm-none-eabi/10.3.1/../../../../arm-none-eabi/lib/thumb/v7e-m+fp/hard\libc_nano.a(lib_a-lock.o)
                0x000000000800cbbc                __retarget_lock_init_recursive
 .text.__retarget_lock_acquire_recursive
                0x000000000800cbbe        0x2 c:/st/stm32cubeide_1.10.1/stm32cubeide/plugins/com.st.stm32cube.ide.mcu.externaltools.gnu-tools-for-stm32.10.3-2021.10.win32_1.0.0.202111181127/tools/bin/../lib/gcc/arm-none-eabi/10.3.1/../../../../arm-none-eabi/lib/thumb/v7e-m+fp/hard\libc_nano.a(lib_a-lock.o)
                0x000000000800cbbe                __retarget_lock_acquire_recursive
 .text.__retarget_lock_release_recursive
                0x000000000800cbc0        0x2 c:/st/stm32cubeide_1.10.1/stm32cubeide/plugins/com.st.stm32cube.ide.mcu.externaltools.gnu-tools-for-stm32.10.3-2021.10.win32_1.0.0.202111181127/tools/bin/../lib/gcc/arm-none-eabi/10.3.1/../../../../arm-none-eabi/lib/thumb/v7e-m+fp/hard\libc_nano.a(lib_a-lock.o)
                0x000000000800cbc0                __retarget_lock_release_recursive
 .text.__ascii_mbtowc
                0x000000000800cbc2       0x24 c:/st/stm32cubeide_1.10.1/stm32cubeide/plugins/com.st.stm32cube.ide.mcu.externaltools.gnu-tools-for-stm32.10.3-2021.10.win32_1.0.0.202111181127/tools/bin/../lib/gcc/arm-none-eabi/10.3.1/../../../../arm-none-eabi/lib/thumb/v7e-m+fp/hard\libc_nano.a(lib_a-mbtowc_r.o)
                0x000000000800cbc2                __ascii_mbtowc
 *fill*         0x000000000800cbe6        0x2 
 .text.__malloc_lock
                0x000000000800cbe8        0xc c:/st/stm32cubeide_1.10.1/stm32cubeide/plugins/com.st.stm32cube.ide.mcu.externaltools.gnu-tools-for-stm32.10.3-2021.10.win32_1.0.0.202111181127/tools/bin/../lib/gcc/arm-none-eabi/10.3.1/../../../../arm-none-eabi/lib/thumb/v7e-m+fp/hard\libc_nano.a(lib_a-mlock.o)
                0x000000000800cbe8                __malloc_lock
 .text.__malloc_unlock
                0x000000000800cbf4        0xc c:/st/stm32cubeide_1.10.1/stm32cubeide/plugins/com.st.stm32cube.ide.mcu.externaltools.gnu-tools-for-stm32.10.3-2021.10.win32_1.0.0.202111181127/tools/bin/../lib/gcc/arm-none-eabi/10.3.1/../../../../arm-none-eabi/lib/thumb/v7e-m+fp/hard\libc_nano.a(lib_a-mlock.o)
                0x000000000800cbf4                __malloc_unlock
 .text._Balloc  0x000000000800cc00       0x80 c:/st/stm32cubeide_1.10.1/stm32cubeide/plugins/com.st.stm32cube.ide.mcu.externaltools.gnu-tools-for-stm32.10.3-2021.10.win32_1.0.0.202111181127/tools/bin/../lib/gcc/arm-none-eabi/10.3.1/../../../../arm-none-eabi/lib/thumb/v7e-m+fp/hard\libc_nano.a(lib_a-mprec.o)
                0x000000000800cc00                _Balloc
 .text._Bfree   0x000000000800cc80       0x44 c:/st/stm32cubeide_1.10.1/stm32cubeide/plugins/com.st.stm32cube.ide.mcu.externaltools.gnu-tools-for-stm32.10.3-2021.10.win32_1.0.0.202111181127/tools/bin/../lib/gcc/arm-none-eabi/10.3.1/../../../../arm-none-eabi/lib/thumb/v7e-m+fp/hard\libc_nano.a(lib_a-mprec.o)
                0x000000000800cc80                _Bfree
 .text.__multadd
                0x000000000800ccc4       0x8c c:/st/stm32cubeide_1.10.1/stm32cubeide/plugins/com.st.stm32cube.ide.mcu.externaltools.gnu-tools-for-stm32.10.3-2021.10.win32_1.0.0.202111181127/tools/bin/../lib/gcc/arm-none-eabi/10.3.1/../../../../arm-none-eabi/lib/thumb/v7e-m+fp/hard\libc_nano.a(lib_a-mprec.o)
                0x000000000800ccc4                __multadd
 .text.__s2b    0x000000000800cd50       0x94 c:/st/stm32cubeide_1.10.1/stm32cubeide/plugins/com.st.stm32cube.ide.mcu.externaltools.gnu-tools-for-stm32.10.3-2021.10.win32_1.0.0.202111181127/tools/bin/../lib/gcc/arm-none-eabi/10.3.1/../../../../arm-none-eabi/lib/thumb/v7e-m+fp/hard\libc_nano.a(lib_a-mprec.o)
                0x000000000800cd50                __s2b
 .text.__hi0bits
                0x000000000800cde4       0x40 c:/st/stm32cubeide_1.10.1/stm32cubeide/plugins/com.st.stm32cube.ide.mcu.externaltools.gnu-tools-for-stm32.10.3-2021.10.win32_1.0.0.202111181127/tools/bin/../lib/gcc/arm-none-eabi/10.3.1/../../../../arm-none-eabi/lib/thumb/v7e-m+fp/hard\libc_nano.a(lib_a-mprec.o)
                0x000000000800cde4                __hi0bits
 .text.__lo0bits
                0x000000000800ce24       0x5e c:/st/stm32cubeide_1.10.1/stm32cubeide/plugins/com.st.stm32cube.ide.mcu.externaltools.gnu-tools-for-stm32.10.3-2021.10.win32_1.0.0.202111181127/tools/bin/../lib/gcc/arm-none-eabi/10.3.1/../../../../arm-none-eabi/lib/thumb/v7e-m+fp/hard\libc_nano.a(lib_a-mprec.o)
                0x000000000800ce24                __lo0bits
 *fill*         0x000000000800ce82        0x2 
 .text.__i2b    0x000000000800ce84       0x2c c:/st/stm32cubeide_1.10.1/stm32cubeide/plugins/com.st.stm32cube.ide.mcu.externaltools.gnu-tools-for-stm32.10.3-2021.10.win32_1.0.0.202111181127/tools/bin/../lib/gcc/arm-none-eabi/10.3.1/../../../../arm-none-eabi/lib/thumb/v7e-m+fp/hard\libc_nano.a(lib_a-mprec.o)
                0x000000000800ce84                __i2b
 .text.__multiply
                0x000000000800ceb0      0x154 c:/st/stm32cubeide_1.10.1/stm32cubeide/plugins/com.st.stm32cube.ide.mcu.externaltools.gnu-tools-for-stm32.10.3-2021.10.win32_1.0.0.202111181127/tools/bin/../lib/gcc/arm-none-eabi/10.3.1/../../../../arm-none-eabi/lib/thumb/v7e-m+fp/hard\libc_nano.a(lib_a-mprec.o)
                0x000000000800ceb0                __multiply
 .text.__pow5mult
                0x000000000800d004       0xb4 c:/st/stm32cubeide_1.10.1/stm32cubeide/plugins/com.st.stm32cube.ide.mcu.externaltools.gnu-tools-for-stm32.10.3-2021.10.win32_1.0.0.202111181127/tools/bin/../lib/gcc/arm-none-eabi/10.3.1/../../../../arm-none-eabi/lib/thumb/v7e-m+fp/hard\libc_nano.a(lib_a-mprec.o)
                0x000000000800d004                __pow5mult
 .text.__lshift
                0x000000000800d0b8       0xe0 c:/st/stm32cubeide_1.10.1/stm32cubeide/plugins/com.st.stm32cube.ide.mcu.externaltools.gnu-tools-for-stm32.10.3-2021.10.win32_1.0.0.202111181127/tools/bin/../lib/gcc/arm-none-eabi/10.3.1/../../../../arm-none-eabi/lib/thumb/v7e-m+fp/hard\libc_nano.a(lib_a-mprec.o)
                0x000000000800d0b8                __lshift
 .text.__mcmp   0x000000000800d198       0x38 c:/st/stm32cubeide_1.10.1/stm32cubeide/plugins/com.st.stm32cube.ide.mcu.externaltools.gnu-tools-for-stm32.10.3-2021.10.win32_1.0.0.202111181127/tools/bin/../lib/gcc/arm-none-eabi/10.3.1/../../../../arm-none-eabi/lib/thumb/v7e-m+fp/hard\libc_nano.a(lib_a-mprec.o)
                0x000000000800d198                __mcmp
 .text.__mdiff  0x000000000800d1d0      0x114 c:/st/stm32cubeide_1.10.1/stm32cubeide/plugins/com.st.stm32cube.ide.mcu.externaltools.gnu-tools-for-stm32.10.3-2021.10.win32_1.0.0.202111181127/tools/bin/../lib/gcc/arm-none-eabi/10.3.1/../../../../arm-none-eabi/lib/thumb/v7e-m+fp/hard\libc_nano.a(lib_a-mprec.o)
                0x000000000800d1d0                __mdiff
 .text.__ulp    0x000000000800d2e4       0x58 c:/st/stm32cubeide_1.10.1/stm32cubeide/plugins/com.st.stm32cube.ide.mcu.externaltools.gnu-tools-for-stm32.10.3-2021.10.win32_1.0.0.202111181127/tools/bin/../lib/gcc/arm-none-eabi/10.3.1/../../../../arm-none-eabi/lib/thumb/v7e-m+fp/hard\libc_nano.a(lib_a-mprec.o)
                0x000000000800d2e4                __ulp
 .text.__b2d    0x000000000800d33c       0xa0 c:/st/stm32cubeide_1.10.1/stm32cubeide/plugins/com.st.stm32cube.ide.mcu.externaltools.gnu-tools-for-stm32.10.3-2021.10.win32_1.0.0.202111181127/tools/bin/../lib/gcc/arm-none-eabi/10.3.1/../../../../arm-none-eabi/lib/thumb/v7e-m+fp/hard\libc_nano.a(lib_a-mprec.o)
                0x000000000800d33c                __b2d
 .text.__d2b    0x000000000800d3dc       0xb8 c:/st/stm32cubeide_1.10.1/stm32cubeide/plugins/com.st.stm32cube.ide.mcu.externaltools.gnu-tools-for-stm32.10.3-2021.10.win32_1.0.0.202111181127/tools/bin/../lib/gcc/arm-none-eabi/10.3.1/../../../../arm-none-eabi/lib/thumb/v7e-m+fp/hard\libc_nano.a(lib_a-mprec.o)
                0x000000000800d3dc                __d2b
 .text.__ratio  0x000000000800d494       0x66 c:/st/stm32cubeide_1.10.1/stm32cubeide/plugins/com.st.stm32cube.ide.mcu.externaltools.gnu-tools-for-stm32.10.3-2021.10.win32_1.0.0.202111181127/tools/bin/../lib/gcc/arm-none-eabi/10.3.1/../../../../arm-none-eabi/lib/thumb/v7e-m+fp/hard\libc_nano.a(lib_a-mprec.o)
                0x000000000800d494                __ratio
 .text.__copybits
                0x000000000800d4fa       0x46 c:/st/stm32cubeide_1.10.1/stm32cubeide/plugins/com.st.stm32cube.ide.mcu.externaltools.gnu-tools-for-stm32.10.3-2021.10.win32_1.0.0.202111181127/tools/bin/../lib/gcc/arm-none-eabi/10.3.1/../../../../arm-none-eabi/lib/thumb/v7e-m+fp/hard\libc_nano.a(lib_a-mprec.o)
                0x000000000800d4fa                __copybits
 .text.__any_on
                0x000000000800d540       0x42 c:/st/stm32cubeide_1.10.1/stm32cubeide/plugins/com.st.stm32cube.ide.mcu.externaltools.gnu-tools-for-stm32.10.3-2021.10.win32_1.0.0.202111181127/tools/bin/../lib/gcc/arm-none-eabi/10.3.1/../../../../arm-none-eabi/lib/thumb/v7e-m+fp/hard\libc_nano.a(lib_a-mprec.o)
                0x000000000800d540                __any_on
 .text._calloc_r
                0x000000000800d582       0x2c c:/st/stm32cubeide_1.10.1/stm32cubeide/plugins/com.st.stm32cube.ide.mcu.externaltools.gnu-tools-for-stm32.10.3-2021.10.win32_1.0.0.202111181127/tools/bin/../lib/gcc/arm-none-eabi/10.3.1/../../../../arm-none-eabi/lib/thumb/v7e-m+fp/hard\libc_nano.a(lib_a-nano-callocr.o)
                0x000000000800d582                _calloc_r
 .text.__ssputs_r
                0x000000000800d5ae       0xb6 c:/st/stm32cubeide_1.10.1/stm32cubeide/plugins/com.st.stm32cube.ide.mcu.externaltools.gnu-tools-for-stm32.10.3-2021.10.win32_1.0.0.202111181127/tools/bin/../lib/gcc/arm-none-eabi/10.3.1/../../../../arm-none-eabi/lib/thumb/v7e-m+fp/hard\libc_nano.a(lib_a-nano-svfprintf.o)
                0x000000000800d5ae                __ssputs_r
 .text._svfprintf_r
                0x000000000800d664      0x200 c:/st/stm32cubeide_1.10.1/stm32cubeide/plugins/com.st.stm32cube.ide.mcu.externaltools.gnu-tools-for-stm32.10.3-2021.10.win32_1.0.0.202111181127/tools/bin/../lib/gcc/arm-none-eabi/10.3.1/../../../../arm-none-eabi/lib/thumb/v7e-m+fp/hard\libc_nano.a(lib_a-nano-svfprintf.o)
                0x000000000800d664                _svfiprintf_r
                0x000000000800d664                _svfprintf_r
 .text.__sfputc_r
                0x000000000800d864       0x2e c:/st/stm32cubeide_1.10.1/stm32cubeide/plugins/com.st.stm32cube.ide.mcu.externaltools.gnu-tools-for-stm32.10.3-2021.10.win32_1.0.0.202111181127/tools/bin/../lib/gcc/arm-none-eabi/10.3.1/../../../../arm-none-eabi/lib/thumb/v7e-m+fp/hard\libc_nano.a(lib_a-nano-vfprintf.o)
 .text.__sfputs_r
                0x000000000800d892       0x24 c:/st/stm32cubeide_1.10.1/stm32cubeide/plugins/com.st.stm32cube.ide.mcu.externaltools.gnu-tools-for-stm32.10.3-2021.10.win32_1.0.0.202111181127/tools/bin/../lib/gcc/arm-none-eabi/10.3.1/../../../../arm-none-eabi/lib/thumb/v7e-m+fp/hard\libc_nano.a(lib_a-nano-vfprintf.o)
                0x000000000800d892                __sfputs_r
 *fill*         0x000000000800d8b6        0x2 
 .text._vfprintf_r
                0x000000000800d8b8      0x260 c:/st/stm32cubeide_1.10.1/stm32cubeide/plugins/com.st.stm32cube.ide.mcu.externaltools.gnu-tools-for-stm32.10.3-2021.10.win32_1.0.0.202111181127/tools/bin/../lib/gcc/arm-none-eabi/10.3.1/../../../../arm-none-eabi/lib/thumb/v7e-m+fp/hard\libc_nano.a(lib_a-nano-vfprintf.o)
                0x000000000800d8b8                _vfprintf_r
                0x000000000800d8b8                _vfiprintf_r
 .text.nan      0x000000000800db18       0x10 c:/st/stm32cubeide_1.10.1/stm32cubeide/plugins/com.st.stm32cube.ide.mcu.externaltools.gnu-tools-for-stm32.10.3-2021.10.win32_1.0.0.202111181127/tools/bin/../lib/gcc/arm-none-eabi/10.3.1/../../../../arm-none-eabi/lib/thumb/v7e-m+fp/hard\libc_nano.a(lib_a-s_nan.o)
                0x000000000800db18                nan
 .text.__sread  0x000000000800db28       0x22 c:/st/stm32cubeide_1.10.1/stm32cubeide/plugins/com.st.stm32cube.ide.mcu.externaltools.gnu-tools-for-stm32.10.3-2021.10.win32_1.0.0.202111181127/tools/bin/../lib/gcc/arm-none-eabi/10.3.1/../../../../arm-none-eabi/lib/thumb/v7e-m+fp/hard\libc_nano.a(lib_a-stdio.o)
                0x000000000800db28                __sread
 .text.__swrite
                0x000000000800db4a       0x38 c:/st/stm32cubeide_1.10.1/stm32cubeide/plugins/com.st.stm32cube.ide.mcu.externaltools.gnu-tools-for-stm32.10.3-2021.10.win32_1.0.0.202111181127/tools/bin/../lib/gcc/arm-none-eabi/10.3.1/../../../../arm-none-eabi/lib/thumb/v7e-m+fp/hard\libc_nano.a(lib_a-stdio.o)
                0x000000000800db4a                __swrite
 .text.__sseek  0x000000000800db82       0x24 c:/st/stm32cubeide_1.10.1/stm32cubeide/plugins/com.st.stm32cube.ide.mcu.externaltools.gnu-tools-for-stm32.10.3-2021.10.win32_1.0.0.202111181127/tools/bin/../lib/gcc/arm-none-eabi/10.3.1/../../../../arm-none-eabi/lib/thumb/v7e-m+fp/hard\libc_nano.a(lib_a-stdio.o)
                0x000000000800db82                __sseek
 .text.__sclose
                0x000000000800dba6        0x8 c:/st/stm32cubeide_1.10.1/stm32cubeide/plugins/com.st.stm32cube.ide.mcu.externaltools.gnu-tools-for-stm32.10.3-2021.10.win32_1.0.0.202111181127/tools/bin/../lib/gcc/arm-none-eabi/10.3.1/../../../../arm-none-eabi/lib/thumb/v7e-m+fp/hard\libc_nano.a(lib_a-stdio.o)
                0x000000000800dba6                __sclose
 .text.strncmp  0x000000000800dbae       0x28 c:/st/stm32cubeide_1.10.1/stm32cubeide/plugins/com.st.stm32cube.ide.mcu.externaltools.gnu-tools-for-stm32.10.3-2021.10.win32_1.0.0.202111181127/tools/bin/../lib/gcc/arm-none-eabi/10.3.1/../../../../arm-none-eabi/lib/thumb/v7e-m+fp/hard\libc_nano.a(lib_a-strncmp.o)
                0x000000000800dbae                strncmp
 *fill*         0x000000000800dbd6        0x2 
 .text.__swbuf_r
                0x000000000800dbd8       0xa4 c:/st/stm32cubeide_1.10.1/stm32cubeide/plugins/com.st.stm32cube.ide.mcu.externaltools.gnu-tools-for-stm32.10.3-2021.10.win32_1.0.0.202111181127/tools/bin/../lib/gcc/arm-none-eabi/10.3.1/../../../../arm-none-eabi/lib/thumb/v7e-m+fp/hard\libc_nano.a(lib_a-wbuf.o)
                0x000000000800dbd8                __swbuf_r
 .text.__ascii_wctomb
                0x000000000800dc7c       0x1a c:/st/stm32cubeide_1.10.1/stm32cubeide/plugins/com.st.stm32cube.ide.mcu.externaltools.gnu-tools-for-stm32.10.3-2021.10.win32_1.0.0.202111181127/tools/bin/../lib/gcc/arm-none-eabi/10.3.1/../../../../arm-none-eabi/lib/thumb/v7e-m+fp/hard\libc_nano.a(lib_a-wctomb_r.o)
                0x000000000800dc7c                __ascii_wctomb
 *fill*         0x000000000800dc96        0x2 
 .text._write_r
                0x000000000800dc98       0x24 c:/st/stm32cubeide_1.10.1/stm32cubeide/plugins/com.st.stm32cube.ide.mcu.externaltools.gnu-tools-for-stm32.10.3-2021.10.win32_1.0.0.202111181127/tools/bin/../lib/gcc/arm-none-eabi/10.3.1/../../../../arm-none-eabi/lib/thumb/v7e-m+fp/hard\libc_nano.a(lib_a-writer.o)
                0x000000000800dc98                _write_r
 .text.__swsetup_r
                0x000000000800dcbc       0xdc c:/st/stm32cubeide_1.10.1/stm32cubeide/plugins/com.st.stm32cube.ide.mcu.externaltools.gnu-tools-for-stm32.10.3-2021.10.win32_1.0.0.202111181127/tools/bin/../lib/gcc/arm-none-eabi/10.3.1/../../../../arm-none-eabi/lib/thumb/v7e-m+fp/hard\libc_nano.a(lib_a-wsetup.o)
                0x000000000800dcbc                __swsetup_r
 .text.__assert_func
                0x000000000800dd98       0x3c c:/st/stm32cubeide_1.10.1/stm32cubeide/plugins/com.st.stm32cube.ide.mcu.externaltools.gnu-tools-for-stm32.10.3-2021.10.win32_1.0.0.202111181127/tools/bin/../lib/gcc/arm-none-eabi/10.3.1/../../../../arm-none-eabi/lib/thumb/v7e-m+fp/hard\libc_nano.a(lib_a-assert.o)
                0x000000000800dd98                __assert_func
 .text._close_r
                0x000000000800ddd4       0x20 c:/st/stm32cubeide_1.10.1/stm32cubeide/plugins/com.st.stm32cube.ide.mcu.externaltools.gnu-tools-for-stm32.10.3-2021.10.win32_1.0.0.202111181127/tools/bin/../lib/gcc/arm-none-eabi/10.3.1/../../../../arm-none-eabi/lib/thumb/v7e-m+fp/hard\libc_nano.a(lib_a-closer.o)
                0x000000000800ddd4                _close_r
 .text.__sflush_r
                0x000000000800ddf4      0x10c c:/st/stm32cubeide_1.10.1/stm32cubeide/plugins/com.st.stm32cube.ide.mcu.externaltools.gnu-tools-for-stm32.10.3-2021.10.win32_1.0.0.202111181127/tools/bin/../lib/gcc/arm-none-eabi/10.3.1/../../../../arm-none-eabi/lib/thumb/v7e-m+fp/hard\libc_nano.a(lib_a-fflush.o)
                0x000000000800ddf4                __sflush_r
 .text._fflush_r
                0x000000000800df00       0x78 c:/st/stm32cubeide_1.10.1/stm32cubeide/plugins/com.st.stm32cube.ide.mcu.externaltools.gnu-tools-for-stm32.10.3-2021.10.win32_1.0.0.202111181127/tools/bin/../lib/gcc/arm-none-eabi/10.3.1/../../../../arm-none-eabi/lib/thumb/v7e-m+fp/hard\libc_nano.a(lib_a-fflush.o)
                0x000000000800df00                _fflush_r
 .text.fprintf  0x000000000800df78       0x24 c:/st/stm32cubeide_1.10.1/stm32cubeide/plugins/com.st.stm32cube.ide.mcu.externaltools.gnu-tools-for-stm32.10.3-2021.10.win32_1.0.0.202111181127/tools/bin/../lib/gcc/arm-none-eabi/10.3.1/../../../../arm-none-eabi/lib/thumb/v7e-m+fp/hard\libc_nano.a(lib_a-fprintf.o)
                0x000000000800df78                fiprintf
                0x000000000800df78                fprintf
 .text._lseek_r
                0x000000000800df9c       0x24 c:/st/stm32cubeide_1.10.1/stm32cubeide/plugins/com.st.stm32cube.ide.mcu.externaltools.gnu-tools-for-stm32.10.3-2021.10.win32_1.0.0.202111181127/tools/bin/../lib/gcc/arm-none-eabi/10.3.1/../../../../arm-none-eabi/lib/thumb/v7e-m+fp/hard\libc_nano.a(lib_a-lseekr.o)
                0x000000000800df9c                _lseek_r
 .text.__swhatbuf_r
                0x000000000800dfc0       0x4a c:/st/stm32cubeide_1.10.1/stm32cubeide/plugins/com.st.stm32cube.ide.mcu.externaltools.gnu-tools-for-stm32.10.3-2021.10.win32_1.0.0.202111181127/tools/bin/../lib/gcc/arm-none-eabi/10.3.1/../../../../arm-none-eabi/lib/thumb/v7e-m+fp/hard\libc_nano.a(lib_a-makebuf.o)
                0x000000000800dfc0                __swhatbuf_r
 *fill*         0x000000000800e00a        0x2 
 .text.__smakebuf_r
                0x000000000800e00c       0x80 c:/st/stm32cubeide_1.10.1/stm32cubeide/plugins/com.st.stm32cube.ide.mcu.externaltools.gnu-tools-for-stm32.10.3-2021.10.win32_1.0.0.202111181127/tools/bin/../lib/gcc/arm-none-eabi/10.3.1/../../../../arm-none-eabi/lib/thumb/v7e-m+fp/hard\libc_nano.a(lib_a-makebuf.o)
                0x000000000800e00c                __smakebuf_r
 .text.memmove  0x000000000800e08c       0x34 c:/st/stm32cubeide_1.10.1/stm32cubeide/plugins/com.st.stm32cube.ide.mcu.externaltools.gnu-tools-for-stm32.10.3-2021.10.win32_1.0.0.202111181127/tools/bin/../lib/gcc/arm-none-eabi/10.3.1/../../../../arm-none-eabi/lib/thumb/v7e-m+fp/hard\libc_nano.a(lib_a-memmove.o)
                0x000000000800e08c                memmove
 .text._realloc_r
                0x000000000800e0c0       0x5e c:/st/stm32cubeide_1.10.1/stm32cubeide/plugins/com.st.stm32cube.ide.mcu.externaltools.gnu-tools-for-stm32.10.3-2021.10.win32_1.0.0.202111181127/tools/bin/../lib/gcc/arm-none-eabi/10.3.1/../../../../arm-none-eabi/lib/thumb/v7e-m+fp/hard\libc_nano.a(lib_a-nano-reallocr.o)
                0x000000000800e0c0                _realloc_r
 *fill*         0x000000000800e11e        0x2 
 .text._read_r  0x000000000800e120       0x24 c:/st/stm32cubeide_1.10.1/stm32cubeide/plugins/com.st.stm32cube.ide.mcu.externaltools.gnu-tools-for-stm32.10.3-2021.10.win32_1.0.0.202111181127/tools/bin/../lib/gcc/arm-none-eabi/10.3.1/../../../../arm-none-eabi/lib/thumb/v7e-m+fp/hard\libc_nano.a(lib_a-readr.o)
                0x000000000800e120                _read_r
 .text.abort    0x000000000800e144        0xe c:/st/stm32cubeide_1.10.1/stm32cubeide/plugins/com.st.stm32cube.ide.mcu.externaltools.gnu-tools-for-stm32.10.3-2021.10.win32_1.0.0.202111181127/tools/bin/../lib/gcc/arm-none-eabi/10.3.1/../../../../arm-none-eabi/lib/thumb/v7e-m+fp/hard\libc_nano.a(lib_a-abort.o)
                0x000000000800e144                abort
 *fill*         0x000000000800e152        0x2 
 .text._fstat_r
                0x000000000800e154       0x24 c:/st/stm32cubeide_1.10.1/stm32cubeide/plugins/com.st.stm32cube.ide.mcu.externaltools.gnu-tools-for-stm32.10.3-2021.10.win32_1.0.0.202111181127/tools/bin/../lib/gcc/arm-none-eabi/10.3.1/../../../../arm-none-eabi/lib/thumb/v7e-m+fp/hard\libc_nano.a(lib_a-fstatr.o)
                0x000000000800e154                _fstat_r
 .text._isatty_r
                0x000000000800e178       0x20 c:/st/stm32cubeide_1.10.1/stm32cubeide/plugins/com.st.stm32cube.ide.mcu.externaltools.gnu-tools-for-stm32.10.3-2021.10.win32_1.0.0.202111181127/tools/bin/../lib/gcc/arm-none-eabi/10.3.1/../../../../arm-none-eabi/lib/thumb/v7e-m+fp/hard\libc_nano.a(lib_a-isattyr.o)
                0x000000000800e178                _isatty_r
 .text._malloc_usable_size_r
                0x000000000800e198       0x10 c:/st/stm32cubeide_1.10.1/stm32cubeide/plugins/com.st.stm32cube.ide.mcu.externaltools.gnu-tools-for-stm32.10.3-2021.10.win32_1.0.0.202111181127/tools/bin/../lib/gcc/arm-none-eabi/10.3.1/../../../../arm-none-eabi/lib/thumb/v7e-m+fp/hard\libc_nano.a(lib_a-nano-msizer.o)
                0x000000000800e198                _malloc_usable_size_r
 .text._raise_r
                0x000000000800e1a8       0x50 c:/st/stm32cubeide_1.10.1/stm32cubeide/plugins/com.st.stm32cube.ide.mcu.externaltools.gnu-tools-for-stm32.10.3-2021.10.win32_1.0.0.202111181127/tools/bin/../lib/gcc/arm-none-eabi/10.3.1/../../../../arm-none-eabi/lib/thumb/v7e-m+fp/hard\libc_nano.a(lib_a-signal.o)
                0x000000000800e1a8                _raise_r
 .text.raise    0x000000000800e1f8       0x10 c:/st/stm32cubeide_1.10.1/stm32cubeide/plugins/com.st.stm32cube.ide.mcu.externaltools.gnu-tools-for-stm32.10.3-2021.10.win32_1.0.0.202111181127/tools/bin/../lib/gcc/arm-none-eabi/10.3.1/../../../../arm-none-eabi/lib/thumb/v7e-m+fp/hard\libc_nano.a(lib_a-signal.o)
                0x000000000800e1f8                raise
 .text._kill_r  0x000000000800e208       0x24 c:/st/stm32cubeide_1.10.1/stm32cubeide/plugins/com.st.stm32cube.ide.mcu.externaltools.gnu-tools-for-stm32.10.3-2021.10.win32_1.0.0.202111181127/tools/bin/../lib/gcc/arm-none-eabi/10.3.1/../../../../arm-none-eabi/lib/thumb/v7e-m+fp/hard\libc_nano.a(lib_a-signalr.o)
                0x000000000800e208                _kill_r
 .text._getpid_r
                0x000000000800e22c        0x4 c:/st/stm32cubeide_1.10.1/stm32cubeide/plugins/com.st.stm32cube.ide.mcu.externaltools.gnu-tools-for-stm32.10.3-2021.10.win32_1.0.0.202111181127/tools/bin/../lib/gcc/arm-none-eabi/10.3.1/../../../../arm-none-eabi/lib/thumb/v7e-m+fp/hard\libc_nano.a(lib_a-signalr.o)
                0x000000000800e22c                _getpid_r
 .text.pow      0x000000000800e230       0xe0 c:/st/stm32cubeide_1.10.1/stm32cubeide/plugins/com.st.stm32cube.ide.mcu.externaltools.gnu-tools-for-stm32.10.3-2021.10.win32_1.0.0.202111181127/tools/bin/../lib/gcc/arm-none-eabi/10.3.1/../../../../arm-none-eabi/lib/thumb/v7e-m+fp/hard\libm.a(lib_a-w_pow.o)
                0x000000000800e230                pow
 .text.sqrt     0x000000000800e310       0x58 c:/st/stm32cubeide_1.10.1/stm32cubeide/plugins/com.st.stm32cube.ide.mcu.externaltools.gnu-tools-for-stm32.10.3-2021.10.win32_1.0.0.202111181127/tools/bin/../lib/gcc/arm-none-eabi/10.3.1/../../../../arm-none-eabi/lib/thumb/v7e-m+fp/hard\libm.a(lib_a-w_sqrt.o)
                0x000000000800e310                sqrt
 .text.log10f   0x000000000800e368       0x5c c:/st/stm32cubeide_1.10.1/stm32cubeide/plugins/com.st.stm32cube.ide.mcu.externaltools.gnu-tools-for-stm32.10.3-2021.10.win32_1.0.0.202111181127/tools/bin/../lib/gcc/arm-none-eabi/10.3.1/../../../../arm-none-eabi/lib/thumb/v7e-m+fp/hard\libm.a(lib_a-wf_log10.o)
                0x000000000800e368                log10f
 *fill*         0x000000000800e3c4        0x4 
 .text.__ieee754_pow
                0x000000000800e3c8      0xa5c c:/st/stm32cubeide_1.10.1/stm32cubeide/plugins/com.st.stm32cube.ide.mcu.externaltools.gnu-tools-for-stm32.10.3-2021.10.win32_1.0.0.202111181127/tools/bin/../lib/gcc/arm-none-eabi/10.3.1/../../../../arm-none-eabi/lib/thumb/v7e-m+fp/hard\libm.a(lib_a-e_pow.o)
                0x000000000800e3c8                __ieee754_pow
 .text.__ieee754_sqrt
                0x000000000800ee24      0x164 c:/st/stm32cubeide_1.10.1/stm32cubeide/plugins/com.st.stm32cube.ide.mcu.externaltools.gnu-tools-for-stm32.10.3-2021.10.win32_1.0.0.202111181127/tools/bin/../lib/gcc/arm-none-eabi/10.3.1/../../../../arm-none-eabi/lib/thumb/v7e-m+fp/hard\libm.a(lib_a-e_sqrt.o)
                0x000000000800ee24                __ieee754_sqrt
 .text.__ieee754_log10f
                0x000000000800ef88       0xb0 c:/st/stm32cubeide_1.10.1/stm32cubeide/plugins/com.st.stm32cube.ide.mcu.externaltools.gnu-tools-for-stm32.10.3-2021.10.win32_1.0.0.202111181127/tools/bin/../lib/gcc/arm-none-eabi/10.3.1/../../../../arm-none-eabi/lib/thumb/v7e-m+fp/hard\libm.a(lib_a-ef_log10.o)
                0x000000000800ef88                __ieee754_log10f
 .text.with_errno
                0x000000000800f038       0x14 c:/st/stm32cubeide_1.10.1/stm32cubeide/plugins/com.st.stm32cube.ide.mcu.externaltools.gnu-tools-for-stm32.10.3-2021.10.win32_1.0.0.202111181127/tools/bin/../lib/gcc/arm-none-eabi/10.3.1/../../../../arm-none-eabi/lib/thumb/v7e-m+fp/hard\libm.a(lib_a-math_err.o)
 .text.xflow    0x000000000800f04c       0x28 c:/st/stm32cubeide_1.10.1/stm32cubeide/plugins/com.st.stm32cube.ide.mcu.externaltools.gnu-tools-for-stm32.10.3-2021.10.win32_1.0.0.202111181127/tools/bin/../lib/gcc/arm-none-eabi/10.3.1/../../../../arm-none-eabi/lib/thumb/v7e-m+fp/hard\libm.a(lib_a-math_err.o)
 .text.__math_uflow
                0x000000000800f074       0x12 c:/st/stm32cubeide_1.10.1/stm32cubeide/plugins/com.st.stm32cube.ide.mcu.externaltools.gnu-tools-for-stm32.10.3-2021.10.win32_1.0.0.202111181127/tools/bin/../lib/gcc/arm-none-eabi/10.3.1/../../../../arm-none-eabi/lib/thumb/v7e-m+fp/hard\libm.a(lib_a-math_err.o)
                0x000000000800f074                __math_uflow
 .text.__math_oflow
                0x000000000800f086       0x12 c:/st/stm32cubeide_1.10.1/stm32cubeide/plugins/com.st.stm32cube.ide.mcu.externaltools.gnu-tools-for-stm32.10.3-2021.10.win32_1.0.0.202111181127/tools/bin/../lib/gcc/arm-none-eabi/10.3.1/../../../../arm-none-eabi/lib/thumb/v7e-m+fp/hard\libm.a(lib_a-math_err.o)