23:56:14 **** Incremental Build of configuration Debug for project rtls-sniffer ****
make -j8 all 
arm-none-eabi-gcc "../Core/Src/main.c" -mcpu=cortex-m3 -std=gnu11 -g3 -DDEBUG -DUSE_HAL_DRIVER -DSTM32F103xE -c -I../Core/Inc -I../Drivers/STM32F1xx_HAL_Driver/Inc -I../Drivers/STM32F1xx_HAL_Driver/Inc/Legacy -I../Drivers/CMSIS/Device/ST/STM32F1xx/Include -I../Drivers/CMSIS/Include -I../Core/User -O0 -ffunction-sections -fdata-sections -Wall -fstack-usage -MMD -MP -MF"Core/Src/main.d" -MT"Core/Src/main.o" --specs=nano.specs -mfloat-abi=soft -mthumb -o "Core/Src/main.o"
../Core/Src/main.c: In function 'main':
../Core/Src/main.c:207:21: warning: pointer targets in passing argument 1 of 'sprintf' differ in signedness [-Wpointer-sign]
  207 |             sprintf(dataDebug, "[%d] B Src%02x%02x F%02x SF%d BCN%d Tag%02x%02x TWR%d\r\n", HAL_GetTick(),
      |                     ^~~~~~~~~
      |                     |
      |                     uint8_t * {aka unsigned char *}
In file included from ../Core/Src/main.c:29:
c:\st\stm32cubeide_1.10.1\stm32cubeide\plugins\com.st.stm32cube.ide.mcu.externaltools.gnu-tools-for-stm32.10.3-2021.10.win32_1.0.0.202111181127\tools\arm-none-eabi\include\stdio.h:244:14: note: expected 'char * restrict' but argument is of type 'uint8_t *' {aka 'unsigned char *'}
  244 | int sprintf (char *__restrict, const char *__restrict, ...)
      |              ^
../Core/Src/main.c:207:35: warning: format '%d' expects argument of type 'int', but argument 3 has type 'uint32_t' {aka 'long unsigned int'} [-Wformat=]
  207 |             sprintf(dataDebug, "[%d] B Src%02x%02x F%02x SF%d BCN%d Tag%02x%02x TWR%d\r\n", HAL_GetTick(),
      |                                  ~^                                                         ~~~~~~~~~~~~~
      |                                   |                                                         |
      |                                   int                                                       uint32_t {aka long unsigned int}
      |                                  %ld
../Core/Src/main.c:217:21: warning: pointer targets in passing argument 1 of 'sprintf' differ in signedness [-Wpointer-sign]
  217 |             sprintf(dataDebug, "[%d] B Src%02x%02x SF%d BCN%d %0.2f\r\n", HAL_GetTick(),
      |                     ^~~~~~~~~
      |                     |
      |                     uint8_t * {aka unsigned char *}
In file included from ../Core/Src/main.c:29:
c:\st\stm32cubeide_1.10.1\stm32cubeide\plugins\com.st.stm32cube.ide.mcu.externaltools.gnu-tools-for-stm32.10.3-2021.10.win32_1.0.0.202111181127\tools\arm-none-eabi\include\stdio.h:244:14: note: expected 'char * restrict' but argument is of type 'uint8_t *' {aka 'unsigned char *'}
  244 | int sprintf (char *__restrict, const char *__restrict, ...)
      |              ^
../Core/Src/main.c:217:35: warning: format '%d' expects argument of type 'int', but argument 3 has type 'uint32_t' {aka 'long unsigned int'} [-Wformat=]
  217 |             sprintf(dataDebug, "[%d] B Src%02x%02x SF%d BCN%d %0.2f\r\n", HAL_GetTick(),
      |                                  ~^                                       ~~~~~~~~~~~~~
      |                                   |                                       |
      |                                   int                                     uint32_t {aka long unsigned int}
      |                                  %ld
../Core/Src/main.c:226:19: warning: pointer targets in passing argument 1 of 'sprintf' differ in signedness [-Wpointer-sign]
  226 |           sprintf(dataDebug, "[%d] P Src%02x%02x TWR%d Des%02x%02x%02x%02x%02x%02x%02x%02x %0.2f\r\n", HAL_GetTick(),
      |                   ^~~~~~~~~
      |                   |
      |                   uint8_t * {aka unsigned char *}
In file included from ../Core/Src/main.c:29:
c:\st\stm32cubeide_1.10.1\stm32cubeide\plugins\com.st.stm32cube.ide.mcu.externaltools.gnu-tools-for-stm32.10.3-2021.10.win32_1.0.0.202111181127\tools\arm-none-eabi\include\stdio.h:244:14: note: expected 'char * restrict' but argument is of type 'uint8_t *' {aka 'unsigned char *'}
  244 | int sprintf (char *__restrict, const char *__restrict, ...)
      |              ^
../Core/Src/main.c:226:33: warning: format '%d' expects argument of type 'int', but argument 3 has type 'uint32_t' {aka 'long unsigned int'} [-Wformat=]
  226 |           sprintf(dataDebug, "[%d] P Src%02x%02x TWR%d Des%02x%02x%02x%02x%02x%02x%02x%02x %0.2f\r\n", HAL_GetTick(),
      |                                ~^                                                                      ~~~~~~~~~~~~~
      |                                 |                                                                      |
      |                                 int                                                                    uint32_t {aka long unsigned int}
      |                                %ld
../Core/Src/main.c:242:19: warning: pointer targets in passing argument 1 of 'sprintf' differ in signedness [-Wpointer-sign]
  242 |           sprintf(dataDebug, "[%d] R Src%02x%02x %0.2f\r\n", HAL_GetTick(), bufPacket.sourceAddress[0], bufPacket.sourceAddress[1], rssi);
      |                   ^~~~~~~~~
      |                   |
      |                   uint8_t * {aka unsigned char *}
In file included from ../Core/Src/main.c:29:
c:\st\stm32cubeide_1.10.1\stm32cubeide\plugins\com.st.stm32cube.ide.mcu.externaltools.gnu-tools-for-stm32.10.3-2021.10.win32_1.0.0.202111181127\tools\arm-none-eabi\include\stdio.h:244:14: note: expected 'char * restrict' but argument is of type 'uint8_t *' {aka 'unsigned char *'}
  244 | int sprintf (char *__restrict, const char *__restrict, ...)
      |              ^
../Core/Src/main.c:242:33: warning: format '%d' expects argument of type 'int', but argument 3 has type 'uint32_t' {aka 'long unsigned int'} [-Wformat=]
  242 |           sprintf(dataDebug, "[%d] R Src%02x%02x %0.2f\r\n", HAL_GetTick(), bufPacket.sourceAddress[0], bufPacket.sourceAddress[1], rssi);
      |                                ~^                            ~~~~~~~~~~~~~
      |                                 |                            |
      |                                 int                          uint32_t {aka long unsigned int}
      |                                %ld
../Core/Src/main.c:248:19: warning: pointer targets in passing argument 1 of 'sprintf' differ in signedness [-Wpointer-sign]
  248 |           sprintf(dataDebug, "[%d] L Src%02x%02x Des%02x%02x TWR%d X%0.2f Y%0.2f %0.2f\r\n", HAL_GetTick(),
      |                   ^~~~~~~~~
      |                   |
      |                   uint8_t * {aka unsigned char *}
In file included from ../Core/Src/main.c:29:
c:\st\stm32cubeide_1.10.1\stm32cubeide\plugins\com.st.stm32cube.ide.mcu.externaltools.gnu-tools-for-stm32.10.3-2021.10.win32_1.0.0.202111181127\tools\arm-none-eabi\include\stdio.h:244:14: note: expected 'char * restrict' but argument is of type 'uint8_t *' {aka 'unsigned char *'}
  244 | int sprintf (char *__restrict, const char *__restrict, ...)
      |              ^
../Core/Src/main.c:248:33: warning: format '%d' expects argument of type 'int', but argument 3 has type 'uint32_t' {aka 'long unsigned int'} [-Wformat=]
  248 |           sprintf(dataDebug, "[%d] L Src%02x%02x Des%02x%02x TWR%d X%0.2f Y%0.2f %0.2f\r\n", HAL_GetTick(),
      |                                ~^                                                            ~~~~~~~~~~~~~
      |                                 |                                                            |
      |                                 int                                                          uint32_t {aka long unsigned int}
      |                                %ld
../Core/Src/main.c:258:54: warning: pointer targets in passing argument 1 of 'strlen' differ in signedness [-Wpointer-sign]
  258 |         HAL_UART_Transmit(&huart1, dataDebug, strlen(dataDebug), 1000);
      |                                                      ^~~~~~~~~
      |                                                      |
      |                                                      uint8_t * {aka unsigned char *}
In file included from ../Core/Src/main.c:30:
c:\st\stm32cubeide_1.10.1\stm32cubeide\plugins\com.st.stm32cube.ide.mcu.externaltools.gnu-tools-for-stm32.10.3-2021.10.win32_1.0.0.202111181127\tools\arm-none-eabi\include\string.h:41:17: note: expected 'const char *' but argument is of type 'uint8_t *' {aka 'unsigned char *'}
   41 | size_t  strlen (const char *);
      |                 ^~~~~~~~~~~~
../Core/Src/main.c:130:18: warning: unused variable 'beaconHandle' [-Wunused-variable]
  130 |   beaconHandle_t beaconHandle = {0};
      |                  ^~~~~~~~~~~~
arm-none-eabi-gcc -o "rtls-sniffer.elf" @"objects.list"   -mcpu=cortex-m3 -T"D:\Final-Project\FIRMWARE\rtls-sniffer\STM32F103RCTX_FLASH.ld" --specs=nosys.specs -Wl,-Map="rtls-sniffer.map" -Wl,--gc-sections -static --specs=nano.specs -mfloat-abi=soft -mthumb -u _printf_float -u _scanf_float -Wl,--start-group -lc -lm -Wl,--end-group
Finished building target: rtls-sniffer.elf
 
arm-none-eabi-size   rtls-sniffer.elf 
arm-none-eabi-objdump -h -S  rtls-sniffer.elf  > "rtls-sniffer.list"
   text	   data	    bss	    dec	    hex	filename
  49964	    596	   2172	  52732	   cdfc	rtls-sniffer.elf
Finished building: default.size.stdout
 
Finished building: rtls-sniffer.list
 

23:56:15 Build Finished. 0 errors, 12 warnings. (took 1s.26ms)

