11:10:29 **** Incremental Build of configuration Debug for project rtls_test_range_transmit ****
make -j8 all 
arm-none-eabi-gcc "../Core/Src/main.c" -mcpu=cortex-m4 -std=gnu11 -g3 -DDEBUG -DUSE_HAL_DRIVER -DSTM32F407xx -c -I../Core/Inc -I../Drivers/STM32F4xx_HAL_Driver/Inc -I../Drivers/STM32F4xx_HAL_Driver/Inc/Legacy -I../Drivers/CMSIS/Device/ST/STM32F4xx/Include -I../Drivers/CMSIS/Include -I../Core/User -O0 -ffunction-sections -fdata-sections -Wall -fstack-usage -MMD -MP -MF"Core/Src/main.d" -MT"Core/Src/main.o" --specs=nano.specs -mfpu=fpv4-sp-d16 -mfloat-abi=hard -mthumb -o "Core/Src/main.o"
../Core/Src/main.c: In function 'main':
../Core/Src/main.c:296:20: warning: pointer targets in passing argument 1 of 'sprintf' differ in signedness [-Wpointer-sign]
  296 |            sprintf(buf, "$distance,%d,%d,%.2f,%.2f,%.2f,%.2f,%.2f,%.2f,*", txCnt, rxCnt, distance, rssi, fpath, prNlos, mc, cl);
      |                    ^~~
      |                    |
      |                    uint8_t * {aka unsigned char *}
In file included from ../Core/Src/main.c:29:
c:\st\stm32cubeide_1.10.1\stm32cubeide\plugins\com.st.stm32cube.ide.mcu.externaltools.gnu-tools-for-stm32.10.3-2021.10.win32_1.0.0.202111181127\tools\arm-none-eabi\include\stdio.h:244:14: note: expected 'char * restrict' but argument is of type 'uint8_t *' {aka 'unsigned char *'}
  244 | int sprintf (char *__restrict, const char *__restrict, ...)
      |              ^
../Core/Src/main.c:297:51: warning: pointer targets in passing argument 1 of 'strlen' differ in signedness [-Wpointer-sign]
  297 |            HAL_UART_Transmit(&huart3, buf, strlen(buf), 1000);
      |                                                   ^~~
      |                                                   |
      |                                                   uint8_t * {aka unsigned char *}
In file included from ../Core/Src/main.c:30:
c:\st\stm32cubeide_1.10.1\stm32cubeide\plugins\com.st.stm32cube.ide.mcu.externaltools.gnu-tools-for-stm32.10.3-2021.10.win32_1.0.0.202111181127\tools\arm-none-eabi\include\string.h:41:17: note: expected 'const char *' but argument is of type 'uint8_t *' {aka 'unsigned char *'}
   41 | size_t  strlen (const char *);
      |                 ^~~~~~~~~~~~
At top level:
../Core/Src/main.c:75:22: warning: 'tagBaseAddr' defined but not used [-Wunused-const-variable=]
   75 | static const uint8_t tagBaseAddr[2] = {0x21, 0x05};
      |                      ^~~~~~~~~~~
arm-none-eabi-gcc -o "rtls_test_range_transmit.elf" @"objects.list"   -mcpu=cortex-m4 -T"D:\Final-Project\FIRMWARE\rtls_test_range_transmit\STM32F407VETX_FLASH.ld" --specs=nosys.specs -Wl,-Map="rtls_test_range_transmit.map" -Wl,--gc-sections -static --specs=nano.specs -mfpu=fpv4-sp-d16 -mfloat-abi=hard -mthumb -u _printf_float -u _scanf_float -Wl,--start-group -lc -lm -Wl,--end-group
Finished building target: rtls_test_range_transmit.elf
 
arm-none-eabi-size   rtls_test_range_transmit.elf 
arm-none-eabi-objdump -h -S  rtls_test_range_transmit.elf  > "rtls_test_range_transmit.list"
arm-none-eabi-objcopy  -O ihex  rtls_test_range_transmit.elf  "rtls_test_range_transmit.hex"
   text	   data	    bss	    dec	    hex	filename
  54592	    596	   2188	  57376	   e020	rtls_test_range_transmit.elf
Finished building: default.size.stdout
 
Finished building: rtls_test_range_transmit.hex
 
Finished building: rtls_test_range_transmit.list
 

11:10:31 Build Finished. 0 errors, 3 warnings. (took 1s.310ms)

