18:25:53 **** Incremental Build of configuration Debug for project rtls_tag ****
make -j8 all 
arm-none-eabi-gcc "../Core/Src/main.c" -mcpu=cortex-m4 -std=gnu11 -g3 -DDEBUG -DUSE_HAL_DRIVER -DSTM32F407xx -c -I../Core/Inc -I../Drivers/STM32F4xx_HAL_Driver/Inc -I../Drivers/STM32F4xx_HAL_Driver/Inc/Legacy -I../Drivers/CMSIS/Device/ST/STM32F4xx/Include -I../Drivers/CMSIS/Include -I../Core/User -O0 -ffunction-sections -fdata-sections -Wall -fstack-usage -MMD -MP -MF"Core/Src/main.d" -MT"Core/Src/main.o" --specs=nano.specs -mfpu=fpv4-sp-d16 -mfloat-abi=hard -mthumb -o "Core/Src/main.o"
../Core/Src/main.c: In function 'main':
../Core/Src/main.c:700:43: warning: taking address of packed member of 'struct <anonymous>' may result in an unaligned pointer value [-Waddress-of-packed-member]
  700 |               getFourAnchor(beaconHandle, &pollHandle.pollMess.bcnSlotBitmap);
      |                                           ^~~~~~~~~~~~~~~~~~~~~~~~~~~~~~~~~~
arm-none-eabi-gcc -o "rtls_tag.elf" @"objects.list"   -mcpu=cortex-m4 -T"D:\Final-Project\FIRMWARE\rtls_tag\STM32F407VETX_FLASH.ld" --specs=nosys.specs -Wl,-Map="rtls_tag.map" -Wl,--gc-sections -static --specs=nano.specs -mfpu=fpv4-sp-d16 -mfloat-abi=hard -mthumb -u _printf_float -u _scanf_float -Wl,--start-group -lc -lm -Wl,--end-group
Finished building target: rtls_tag.elf
 
arm-none-eabi-size   rtls_tag.elf 
arm-none-eabi-objdump -h -S  rtls_tag.elf  > "rtls_tag.list"
arm-none-eabi-objcopy  -O ihex  rtls_tag.elf  "rtls_tag.hex"
   text	   data	    bss	    dec	    hex	filename
  63868	    612	   2592	  67072	  10600	rtls_tag.elf
Finished building: default.size.stdout
 
Finished building: rtls_tag.hex
 
Finished building: rtls_tag.list
 

18:25:55 Build Finished. 0 errors, 1 warnings. (took 1s.656ms)

