../Core/Src/main.c:87:5:__io_putchar	16	static
../Core/Src/main.c:162:6:dwInteruptHandler	8	static
../Core/Src/main.c:221:6:HAL_UART_ErrorCallback	16	static
../Core/Src/main.c:230:6:HAL_UARTEx_RxEventCallback	16	static
../Core/Src/main.c:240:5:findAddress	32	static
../Core/Src/main.c:250:5:formatCmd	40	static
../Core/Src/main.c:265:5:formatLocCmd	40	static
../Core/Src/main.c:281:6:compareString	32	static
../Core/Src/main.c:291:5:max	16	static
../Core/Src/main.c:301:5:main	1144	static
../Core/Src/main.c:913:6:SystemClock_Config	88	static
../Core/Src/main.c:961:6:Error_Handler	4	static,ignoring_inline_asm
