Archive member included to satisfy reference by file (symbol)

c:/st/stm32cubeide_1.10.1/stm32cubeide/plugins/com.st.stm32cube.ide.mcu.externaltools.gnu-tools-for-stm32.10.3-2021.10.win32_1.0.0.202111181127/tools/bin/../lib/gcc/arm-none-eabi/10.3.1/../../../../arm-none-eabi/lib/thumb/v7-m/nofp\libc_nano.a(lib_a-errno.o)
                              ./Core/Src/syscalls.o (__errno)
c:/st/stm32cubeide_1.10.1/stm32cubeide/plugins/com.st.stm32cube.ide.mcu.externaltools.gnu-tools-for-stm32.10.3-2021.10.win32_1.0.0.202111181127/tools/bin/../lib/gcc/arm-none-eabi/10.3.1/../../../../arm-none-eabi/lib/thumb/v7-m/nofp\libc_nano.a(lib_a-exit.o)
                              c:/st/stm32cubeide_1.10.1/stm32cubeide/plugins/com.st.stm32cube.ide.mcu.externaltools.gnu-tools-for-stm32.10.3-2021.10.win32_1.0.0.202111181127/tools/bin/../lib/gcc/arm-none-eabi/10.3.1/../../../../arm-none-eabi/lib/thumb/v7-m/nofp/crt0.o (exit)
c:/st/stm32cubeide_1.10.1/stm32cubeide/plugins/com.st.stm32cube.ide.mcu.externaltools.gnu-tools-for-stm32.10.3-2021.10.win32_1.0.0.202111181127/tools/bin/../lib/gcc/arm-none-eabi/10.3.1/../../../../arm-none-eabi/lib/thumb/v7-m/nofp\libc_nano.a(lib_a-impure.o)
                              c:/st/stm32cubeide_1.10.1/stm32cubeide/plugins/com.st.stm32cube.ide.mcu.externaltools.gnu-tools-for-stm32.10.3-2021.10.win32_1.0.0.202111181127/tools/bin/../lib/gcc/arm-none-eabi/10.3.1/../../../../arm-none-eabi/lib/thumb/v7-m/nofp\libc_nano.a(lib_a-exit.o) (_global_impure_ptr)
c:/st/stm32cubeide_1.10.1/stm32cubeide/plugins/com.st.stm32cube.ide.mcu.externaltools.gnu-tools-for-stm32.10.3-2021.10.win32_1.0.0.202111181127/tools/bin/../lib/gcc/arm-none-eabi/10.3.1/../../../../arm-none-eabi/lib/thumb/v7-m/nofp\libc_nano.a(lib_a-init.o)
                              c:/st/stm32cubeide_1.10.1/stm32cubeide/plugins/com.st.stm32cube.ide.mcu.externaltools.gnu-tools-for-stm32.10.3-2021.10.win32_1.0.0.202111181127/tools/bin/../lib/gcc/arm-none-eabi/10.3.1/../../../../arm-none-eabi/lib/thumb/v7-m/nofp/crt0.o (__libc_init_array)
c:/st/stm32cubeide_1.10.1/stm32cubeide/plugins/com.st.stm32cube.ide.mcu.externaltools.gnu-tools-for-stm32.10.3-2021.10.win32_1.0.0.202111181127/tools/bin/../lib/gcc/arm-none-eabi/10.3.1/../../../../arm-none-eabi/lib/thumb/v7-m/nofp\libc_nano.a(lib_a-memcpy-stub.o)
                              ./Core/User/decawave/dw_func.o (memcpy)
c:/st/stm32cubeide_1.10.1/stm32cubeide/plugins/com.st.stm32cube.ide.mcu.externaltools.gnu-tools-for-stm32.10.3-2021.10.win32_1.0.0.202111181127/tools/bin/../lib/gcc/arm-none-eabi/10.3.1/../../../../arm-none-eabi/lib/thumb/v7-m/nofp\libc_nano.a(lib_a-memset.o)
                              c:/st/stm32cubeide_1.10.1/stm32cubeide/plugins/com.st.stm32cube.ide.mcu.externaltools.gnu-tools-for-stm32.10.3-2021.10.win32_1.0.0.202111181127/tools/bin/../lib/gcc/arm-none-eabi/10.3.1/../../../../arm-none-eabi/lib/thumb/v7-m/nofp/crt0.o (memset)
c:/st/stm32cubeide_1.10.1/stm32cubeide/plugins/com.st.stm32cube.ide.mcu.externaltools.gnu-tools-for-stm32.10.3-2021.10.win32_1.0.0.202111181127/tools/bin/../lib/gcc/arm-none-eabi/10.3.1/../../../../arm-none-eabi/lib/thumb/v7-m/nofp\libc_nano.a(lib_a-nano-vfprintf_float.o)
                              (_printf_float)
c:/st/stm32cubeide_1.10.1/stm32cubeide/plugins/com.st.stm32cube.ide.mcu.externaltools.gnu-tools-for-stm32.10.3-2021.10.win32_1.0.0.202111181127/tools/bin/../lib/gcc/arm-none-eabi/10.3.1/../../../../arm-none-eabi/lib/thumb/v7-m/nofp\libc_nano.a(lib_a-nano-vfprintf_i.o)
                              c:/st/stm32cubeide_1.10.1/stm32cubeide/plugins/com.st.stm32cube.ide.mcu.externaltools.gnu-tools-for-stm32.10.3-2021.10.win32_1.0.0.202111181127/tools/bin/../lib/gcc/arm-none-eabi/10.3.1/../../../../arm-none-eabi/lib/thumb/v7-m/nofp\libc_nano.a(lib_a-nano-vfprintf_float.o) (_printf_common)
c:/st/stm32cubeide_1.10.1/stm32cubeide/plugins/com.st.stm32cube.ide.mcu.externaltools.gnu-tools-for-stm32.10.3-2021.10.win32_1.0.0.202111181127/tools/bin/../lib/gcc/arm-none-eabi/10.3.1/../../../../arm-none-eabi/lib/thumb/v7-m/nofp\libc_nano.a(lib_a-printf.o)
                              ./Core/Src/main.o (printf)
c:/st/stm32cubeide_1.10.1/stm32cubeide/plugins/com.st.stm32cube.ide.mcu.externaltools.gnu-tools-for-stm32.10.3-2021.10.win32_1.0.0.202111181127/tools/bin/../lib/gcc/arm-none-eabi/10.3.1/../../../../arm-none-eabi/lib/thumb/v7-m/nofp\libc_nano.a(lib_a-strlen.o)
                              c:/st/stm32cubeide_1.10.1/stm32cubeide/plugins/com.st.stm32cube.ide.mcu.externaltools.gnu-tools-for-stm32.10.3-2021.10.win32_1.0.0.202111181127/tools/bin/../lib/gcc/arm-none-eabi/10.3.1/../../../../arm-none-eabi/lib/thumb/v7-m/nofp\libc_nano.a(lib_a-nano-vfprintf_float.o) (strlen)
c:/st/stm32cubeide_1.10.1/stm32cubeide/plugins/com.st.stm32cube.ide.mcu.externaltools.gnu-tools-for-stm32.10.3-2021.10.win32_1.0.0.202111181127/tools/bin/../lib/gcc/arm-none-eabi/10.3.1/../../../../arm-none-eabi/lib/thumb/v7-m/nofp\libc_nano.a(lib_a-strstr.o)
[...]
Memory Configuration

Name             Origin             Length             Attributes
RAM              0x0000000020000000 0x000000000000c000 xrw
FLASH            0x0000000008000000 0x0000000000040000 xr
*default*        0x0000000000000000 0xffffffffffffffff

Linker script and memory map

LOAD c:/st/stm32cubeide_1.10.1/stm32cubeide/plugins/com.st.stm32cube.ide.mcu.externaltools.gnu-tools-for-stm32.10.3-2021.10.win32_1.0.0.202111181127/tools/bin/../lib/gcc/arm-none-eabi/10.3.1/thumb/v7-m/nofp/crti.o
LOAD c:/st/stm32cubeide_1.10.1/stm32cubeide/plugins/com.st.stm32cube.ide.mcu.externaltools.gnu-tools-for-stm32.10.3-2021.10.win32_1.0.0.202111181127/tools/bin/../lib/gcc/arm-none-eabi/10.3.1/thumb/v7-m/nofp/crtbegin.o
LOAD c:/st/stm32cubeide_1.10.1/stm32cubeide/plugins/com.st.stm32cube.ide.mcu.externaltools.gnu-tools-for-stm32.10.3-2021.10.win32_1.0.0.202111181127/tools/bin/../lib/gcc/arm-none-eabi/10.3.1/../../../../arm-none-eabi/lib/thumb/v7-m/nofp/crt0.o
LOAD ./Core/Src/gpio.o
LOAD ./Core/Src/i2c.o
LOAD ./Core/Src/main.o
LOAD ./Core/Src/spi.o
LOAD ./Core/Src/stm32f1xx_hal_msp.o
LOAD ./Core/Src/stm32f1xx_it.o
LOAD ./Core/Src/syscalls.o
LOAD ./Core/Src/sysmem.o
LOAD ./Core/Src/system_stm32f1xx.o
LOAD ./Core/Src/tim.o
LOAD ./Core/Src/usart.o
LOAD ./Core/Startup/startup_stm32f103rctx.o
LOAD ./Core/User/decawave/dw_api.o
LOAD ./Core/User/decawave/dw_func.o
LOAD ./Core/User/decawave/dw_spi.o
LOAD ./Core/User/led/led.o
LOAD ./Drivers/STM32F1xx_HAL_Driver/Src/stm32f1xx_hal.o
LOAD ./Drivers/STM32F1xx_HAL_Driver/Src/stm32f1xx_hal_cortex.o
LOAD ./Drivers/STM32F1xx_HAL_Driver/Src/stm32f1xx_hal_dma.o
LOAD ./Drivers/STM32F1xx_HAL_Driver/Src/stm32f1xx_hal_exti.o
LOAD ./Drivers/STM32F1xx_HAL_Driver/Src/stm32f1xx_hal_flash.o
LOAD ./Drivers/STM32F1xx_HAL_Driver/Src/stm32f1xx_hal_flash_ex.o
LOAD ./Drivers/STM32F1xx_HAL_Driver/Src/stm32f1xx_hal_gpio.o
LOAD ./Drivers/STM32F1xx_HAL_Driver/Src/stm32f1xx_hal_gpio_ex.o
LOAD ./Drivers/STM32F1xx_HAL_Driver/Src/stm32f1xx_hal_i2c.o
LOAD ./Drivers/STM32F1xx_HAL_Driver/Src/stm32f1xx_hal_pwr.o
LOAD ./Drivers/STM32F1xx_HAL_Driver/Src/stm32f1xx_hal_rcc.o
LOAD ./Drivers/STM32F1xx_HAL_Driver/Src/stm32f1xx_hal_rcc_ex.o
LOAD ./Drivers/STM32F1xx_HAL_Driver/Src/stm32f1xx_hal_spi.o
LOAD ./Drivers/STM32F1xx_HAL_Driver/Src/stm32f1xx_hal_tim.o
LOAD ./Drivers/STM32F1xx_HAL_Driver/Src/stm32f1xx_hal_tim_ex.o
LOAD ./Drivers/STM32F1xx_HAL_Driver/Src/stm32f1xx_hal_uart.o
START GROUP
LOAD c:/st/stm32cubeide_1.10.1/stm32cubeide/plugins/com.st.stm32cube.ide.mcu.externaltools.gnu-tools-for-stm32.10.3-2021.10.win32_1.0.0.202111181127/tools/bin/../lib/gcc/arm-none-eabi/10.3.1/../../../../arm-none-eabi/lib/thumb/v7-m/nofp\libc_nano.a
LOAD c:/st/stm32cubeide_1.10.1/stm32cubeide/plugins/com.st.stm32cube.ide.mcu.externaltools.gnu-tools-for-stm32.10.3-2021.10.win32_1.0.0.202111181127/tools/bin/../lib/gcc/arm-none-eabi/10.3.1/../../../../arm-none-eabi/lib/thumb/v7-m/nofp\libm.a
END GROUP
START GROUP
LOAD c:/st/stm32cubeide_1.10.1/stm32cubeide/plugins/com.st.stm32cube.ide.mcu.externaltools.gnu-tools-for-stm32.10.3-2021.10.win32_1.0.0.202111181127/tools/bin/../lib/gcc/arm-none-eabi/10.3.1/thumb/v7-m/nofp\libgcc.a
LOAD c:/st/stm32cubeide_1.10.1/stm32cubeide/plugins/com.st.stm32cube.ide.mcu.externaltools.gnu-tools-for-stm32.10.3-2021.10.win32_1.0.0.202111181127/tools/bin/../lib/gcc/arm-none-eabi/10.3.1/../../../../arm-none-eabi/lib/thumb/v7-m/nofp\libc_nano.a
END GROUP
START GROUP
LOAD c:/st/stm32cubeide_1.10.1/stm32cubeide/plugins/com.st.stm32cube.ide.mcu.externaltools.gnu-tools-for-stm32.10.3-2021.10.win32_1.0.0.202111181127/tools/bin/../lib/gcc/arm-none-eabi/10.3.1/thumb/v7-m/nofp\libgcc.a
LOAD c:/st/stm32cubeide_1.10.1/stm32cubeide/plugins/com.st.stm32cube.ide.mcu.externaltools.gnu-tools-for-stm32.10.3-2021.10.win32_1.0.0.202111181127/tools/bin/../lib/gcc/arm-none-eabi/10.3.1/../../../../arm-none-eabi/lib/thumb/v7-m/nofp\libc_nano.a
LOAD c:/st/stm32cubeide_1.10.1/stm32cubeide/plugins/com.st.stm32cube.ide.mcu.externaltools.gnu-tools-for-stm32.10.3-2021.10.win32_1.0.0.202111181127/tools/bin/../lib/gcc/arm-none-eabi/10.3.1/../../../../arm-none-eabi/lib/thumb/v7-m/nofp\libnosys.a
END GROUP
START GROUP
LOAD c:/st/stm32cubeide_1.10.1/stm32cubeide/plugins/com.st.stm32cube.ide.mcu.externaltools.gnu-tools-for-stm32.10.3-2021.10.win32_1.0.0.202111181127/tools/bin/../lib/gcc/arm-none-eabi/10.3.1/thumb/v7-m/nofp\libgcc.a
LOAD c:/st/stm32cubeide_1.10.1/stm32cubeide/plugins/com.st.stm32cube.ide.mcu.externaltools.gnu-tools-for-stm32.10.3-2021.10.win32_1.0.0.202111181127/tools/bin/../lib/gcc/arm-none-eabi/10.3.1/../../../../arm-none-eabi/lib/thumb/v7-m/nofp\libc_nano.a
LOAD c:/st/stm32cubeide_1.10.1/stm32cubeide/plugins/com.st.stm32cube.ide.mcu.externaltools.gnu-tools-for-stm32.10.3-2021.10.win32_1.0.0.202111181127/tools/bin/../lib/gcc/arm-none-eabi/10.3.1/../../../../arm-none-eabi/lib/thumb/v7-m/nofp\libnosys.a
END GROUP
LOAD c:/st/stm32cubeide_1.10.1/stm32cubeide/plugins/com.st.stm32cube.ide.mcu.externaltools.gnu-tools-for-stm32.10.3-2021.10.win32_1.0.0.202111181127/tools/bin/../lib/gcc/arm-none-eabi/10.3.1/thumb/v7-m/nofp/crtend.o
LOAD c:/st/stm32cubeide_1.10.1/stm32cubeide/plugins/com.st.stm32cube.ide.mcu.externaltools.gnu-tools-for-stm32.10.3-2021.10.win32_1.0.0.202111181127/tools/bin/../lib/gcc/arm-none-eabi/10.3.1/thumb/v7-m/nofp/crtn.o
                0x000000002000c000                _estack = (ORIGIN (RAM) + LENGTH (RAM))
                0x0000000000000200                _Min_Heap_Size = 0x200
                0x0000000000000400                _Min_Stack_Size = 0x400

.isr_vector     0x0000000008000000      0x1e4
                0x0000000008000000                . = ALIGN (0x4)
 *(.isr_vector)
 .isr_vector    0x0000000008000000      0x1e4 ./Core/Startup/startup_stm32f103rctx.o
                0x0000000008000000                g_pfnVectors
                0x00000000080001e4                . = ALIGN (0x4)

.text           0x00000000080001e8     0xa6a8
                0x00000000080001e8                . = ALIGN (0x4)
 *(.text)
 .text          0x00000000080001e8       0x40 c:/st/stm32cubeide_1.10.1/stm32cubeide/plugins/com.st.stm32cube.ide.mcu.externaltools.gnu-tools-for-stm32.10.3-2021.10.win32_1.0.0.202111181127/tools/bin/../lib/gcc/arm-none-eabi/10.3.1/thumb/v7-m/nofp/crtbegin.o
 .text          0x0000000008000228       0x10 c:/st/stm32cubeide_1.10.1/stm32cubeide/plugins/com.st.stm32cube.ide.mcu.externaltools.gnu-tools-for-stm32.10.3-2021.10.win32_1.0.0.202111181127/tools/bin/../lib/gcc/arm-none-eabi/10.3.1/../../../../arm-none-eabi/lib/thumb/v7-m/nofp\libc_nano.a(lib_a-strlen.o)
                0x0000000008000228                strlen
 .text          0x0000000008000238      0x378 c:/st/stm32cubeide_1.10.1/stm32cubeide/plugins/com.st.stm32cube.ide.mcu.externaltools.gnu-tools-for-stm32.10.3-2021.10.win32_1.0.0.202111181127/tools/bin/../lib/gcc/arm-none-eabi/10.3.1/thumb/v7-m/nofp\libgcc.a(_arm_addsubdf3.o)
                0x0000000008000238                __aeabi_drsub
                0x0000000008000240                __aeabi_dsub
                0x0000000008000240                __subdf3
                0x0000000008000244                __aeabi_dadd
                0x0000000008000244                __adddf3
                0x00000000080004bc                __floatunsidf
                0x00000000080004bc                __aeabi_ui2d
                0x00000000080004dc                __floatsidf
                0x00000000080004dc                __aeabi_i2d
                0x0000000008000500                __aeabi_f2d
                0x0000000008000500                __extendsfdf2
                0x0000000008000544                __floatundidf
                0x0000000008000544                __aeabi_ul2d
                0x0000000008000554                __floatdidf
                0x0000000008000554                __aeabi_l2d
 .text          0x00000000080005b0      0x424 c:/st/stm32cubeide_1.10.1/stm32cubeide/plugins/com.st.stm32cube.ide.mcu.externaltools.gnu-tools-for-stm32.10.3-2021.10.win32_1.0.0.202111181127/tools/bin/../lib/gcc/arm-none-eabi/10.3.1/thumb/v7-m/nofp\libgcc.a(_arm_muldivdf3.o)
                0x00000000080005b0                __aeabi_dmul
                0x00000000080005b0                __muldf3
                0x0000000008000804                __divdf3
                0x0000000008000804                __aeabi_ddiv
 .text          0x00000000080009d4      0x110 c:/st/stm32cubeide_1.10.1/stm32cubeide/plugins/com.st.stm32cube.ide.mcu.externaltools.gnu-tools-for-stm32.10.3-2021.10.win32_1.0.0.202111181127/tools/bin/../lib/gcc/arm-none-eabi/10.3.1/thumb/v7-m/nofp\libgcc.a(_arm_cmpdf2.o)
                0x00000000080009d4                __gtdf2
                0x00000000080009d4                __gedf2
                0x00000000080009dc                __ltdf2
                0x00000000080009dc                __ledf2
                0x00000000080009e4                __nedf2
                0x00000000080009e4                __eqdf2
                0x00000000080009e4                __cmpdf2
                0x0000000008000a60                __aeabi_cdrcmple
                0x0000000008000a70                __aeabi_cdcmpeq
                0x0000000008000a70                __aeabi_cdcmple
                0x0000000008000a80                __aeabi_dcmpeq
                0x0000000008000a94                __aeabi_dcmplt
                0x0000000008000aa8                __aeabi_dcmple
                0x0000000008000abc                __aeabi_dcmpge
                0x0000000008000ad0                __aeabi_dcmpgt
 .text          0x0000000008000ae4       0x2c c:/st/stm32cubeide_1.10.1/stm32cubeide/plugins/com.st.stm32cube.ide.mcu.externaltools.gnu-tools-for-stm32.10.3-2021.10.win32_1.0.0.202111181127/tools/bin/../lib/gcc/arm-none-eabi/10.3.1/thumb/v7-m/nofp\libgcc.a(_arm_unorddf2.o)
                0x0000000008000ae4                __unorddf2
                0x0000000008000ae4                __aeabi_dcmpun
 .text          0x0000000008000b10       0x50 c:/st/stm32cubeide_1.10.1/stm32cubeide/plugins/com.st.stm32cube.ide.mcu.externaltools.gnu-tools-for-stm32.10.3-2021.10.win32_1.0.0.202111181127/tools/bin/../lib/gcc/arm-none-eabi/10.3.1/thumb/v7-m/nofp\libgcc.a(_arm_fixdfsi.o)
                0x0000000008000b10                __aeabi_d2iz
                0x0000000008000b10                __fixdfsi
 .text          0x0000000008000b60      0x21c c:/st/stm32cubeide_1.10.1/stm32cubeide/plugins/com.st.stm32cube.ide.mcu.externaltools.gnu-tools-for-stm32.10.3-2021.10.win32_1.0.0.202111181127/tools/bin/../lib/gcc/arm-none-eabi/10.3.1/thumb/v7-m/nofp\libgcc.a(_arm_addsubsf3.o)
                0x0000000008000b60                __aeabi_frsub
                0x0000000008000b68                __subsf3
                0x0000000008000b68                __aeabi_fsub
                0x0000000008000b6c                __aeabi_fadd
                0x0000000008000b6c                __addsf3
                0x0000000008000ccc                __aeabi_ui2f
                0x0000000008000ccc                __floatunsisf
                0x0000000008000cd4                __aeabi_i2f
                0x0000000008000cd4                __floatsisf
                0x0000000008000cf0                __aeabi_ul2f
                0x0000000008000cf0                __floatundisf
                0x0000000008000d00                __aeabi_l2f
                0x0000000008000d00                __floatdisf
 .text          0x0000000008000d7c      0x2a0 c:/st/stm32cubeide_1.10.1/stm32cubeide/plugins/com.st.stm32cube.ide.mcu.externaltools.gnu-tools-for-stm32.10.3-2021.10.win32_1.0.0.202111181127/tools/bin/../lib/gcc/arm-none-eabi/10.3.1/thumb/v7-m/nofp\libgcc.a(_arm_muldivsf3.o)
                0x0000000008000d7c                __mulsf3
                0x0000000008000d7c                __aeabi_fmul
                0x0000000008000ee4                __aeabi_fdiv
                0x0000000008000ee4                __divsf3
 .text          0x000000000800101c       0xec c:/st/stm32cubeide_1.10.1/stm32cubeide/plugins/com.st.stm32cube.ide.mcu.externaltools.gnu-tools-for-stm32.10.3-2021.10.win32_1.0.0.202111181127/tools/bin/../lib/gcc/arm-none-eabi/10.3.1/thumb/v7-m/nofp\libgcc.a(_arm_cmpsf2.o)
                0x000000000800101c                __gesf2
                0x000000000800101c                __gtsf2
                0x0000000008001024                __lesf2
                0x0000000008001024                __ltsf2
                0x000000000800102c                __nesf2
                0x000000000800102c                __eqsf2
                0x000000000800102c                __cmpsf2
                0x000000000800108c                __aeabi_cfrcmple
                0x0000000008001094                __aeabi_cfcmpeq
                0x0000000008001094                __aeabi_cfcmple
                0x00000000080010a4                __aeabi_fcmpeq
                0x00000000080010b8                __aeabi_fcmplt
                0x00000000080010cc                __aeabi_fcmple
                0x00000000080010e0                __aeabi_fcmpge
                0x00000000080010f4                __aeabi_fcmpgt
 .text          0x0000000008001108       0x2c c:/st/stm32cubeide_1.10.1/stm32cubeide/plugins/com.st.stm32cube.ide.mcu.externaltools.gnu-tools-for-stm32.10.3-2021.10.win32_1.0.0.202111181127/tools/bin/../lib/gcc/arm-none-eabi/10.3.1/thumb/v7-m/nofp\libgcc.a(_arm_unordsf2.o)
                0x0000000008001108                __unordsf2
                0x0000000008001108                __aeabi_fcmpun
 .text          0x0000000008001134       0x4c c:/st/stm32cubeide_1.10.1/stm32cubeide/plugins/com.st.stm32cube.ide.mcu.externaltools.gnu-tools-for-stm32.10.3-2021.10.win32_1.0.0.202111181127/tools/bin/../lib/gcc/arm-none-eabi/10.3.1/thumb/v7-m/nofp\libgcc.a(_arm_fixsfsi.o)
                0x0000000008001134                __aeabi_f2iz
                0x0000000008001134                __fixsfsi
 *(.text*)
 .text.MX_GPIO_Init
                0x0000000008001180      0x170 ./Core/Src/gpio.o
                0x0000000008001180                MX_GPIO_Init
 .text.MX_I2C1_Init
                0x00000000080012f0       0x5c ./Core/Src/i2c.o
                0x00000000080012f0                MX_I2C1_Init
 .text.HAL_I2C_MspInit
                0x000000000800134c       0x7c ./Core/Src/i2c.o
                0x000000000800134c                HAL_I2C_MspInit
 .text.__io_putchar
                0x00000000080013c8       0x24 ./Core/Src/main.o
                0x00000000080013c8                __io_putchar
 .text.dwInteruptHandler
                0x00000000080013ec       0x78 ./Core/Src/main.o
                0x00000000080013ec                dwInteruptHandler
 *fill*         0x0000000008001464        0x4 
 .text.main     0x0000000008001468      0x68c ./Core/Src/main.o
                0x0000000008001468                main
 .text.SystemClock_Config
                0x0000000008001af4       0x8a ./Core/Src/main.o
                0x0000000008001af4                SystemClock_Config
 .text.Error_Handler
                0x0000000008001b7e        0xa ./Core/Src/main.o
                0x0000000008001b7e                Error_Handler
 .text.MX_SPI1_Init
                0x0000000008001b88       0x6c ./Core/Src/spi.o
                0x0000000008001b88                MX_SPI1_Init
 .text.HAL_SPI_MspInit
                0x0000000008001bf4       0x94 ./Core/Src/spi.o
                0x0000000008001bf4                HAL_SPI_MspInit
 .text.HAL_MspInit
                0x0000000008001c88       0x64 ./Core/Src/stm32f1xx_hal_msp.o
                0x0000000008001c88                HAL_MspInit
 .text.NMI_Handler
                0x0000000008001cec        0x6 ./Core/Src/stm32f1xx_it.o
                0x0000000008001cec                NMI_Handler
 .text.HardFault_Handler
                0x0000000008001cf2        0x6 ./Core/Src/stm32f1xx_it.o
                0x0000000008001cf2                HardFault_Handler
 .text.MemManage_Handler
                0x0000000008001cf8        0x6 ./Core/Src/stm32f1xx_it.o
                0x0000000008001cf8                MemManage_Handler
 .text.BusFault_Handler
                0x0000000008001cfe        0x6 ./Core/Src/stm32f1xx_it.o
                0x0000000008001cfe                BusFault_Handler
 .text.UsageFault_Handler
                0x0000000008001d04        0x6 ./Core/Src/stm32f1xx_it.o
                0x0000000008001d04                UsageFault_Handler
 .text.SVC_Handler
                0x0000000008001d0a        0xc ./Core/Src/stm32f1xx_it.o
                0x0000000008001d0a                SVC_Handler
 .text.DebugMon_Handler
                0x0000000008001d16        0xc ./Core/Src/stm32f1xx_it.o
                0x0000000008001d16                DebugMon_Handler
 .text.PendSV_Handler
                0x0000000008001d22        0xc ./Core/Src/stm32f1xx_it.o
                0x0000000008001d22                PendSV_Handler
 .text.SysTick_Handler
                0x0000000008001d2e        0xc ./Core/Src/stm32f1xx_it.o
                0x0000000008001d2e                SysTick_Handler
 .text.EXTI0_IRQHandler
                0x0000000008001d3a        0xe ./Core/Src/stm32f1xx_it.o
                0x0000000008001d3a                EXTI0_IRQHandler
 .text.TIM2_IRQHandler
                0x0000000008001d48       0x14 ./Core/Src/stm32f1xx_it.o
                0x0000000008001d48                TIM2_IRQHandler
 .text.USART1_IRQHandler
                0x0000000008001d5c       0x14 ./Core/Src/stm32f1xx_it.o
                0x0000000008001d5c                USART1_IRQHandler
 .text.USART3_IRQHandler
                0x0000000008001d70       0x14 ./Core/Src/stm32f1xx_it.o
                0x0000000008001d70                USART3_IRQHandler
 .text._getpid  0x0000000008001d84        0xe ./Core/Src/syscalls.o
                0x0000000008001d84                _getpid
 .text._kill    0x0000000008001d92       0x20 ./Core/Src/syscalls.o
                0x0000000008001d92                _kill
 .text._exit    0x0000000008001db2       0x14 ./Core/Src/syscalls.o
                0x0000000008001db2                _exit
 .text._read    0x0000000008001dc6       0x3a ./Core/Src/syscalls.o
                0x0000000008001dc6                _read
 .text._write   0x0000000008001e00       0x38 ./Core/Src/syscalls.o
                0x0000000008001e00                _write
 .text._close   0x0000000008001e38       0x16 ./Core/Src/syscalls.o
                0x0000000008001e38                _close
 .text._fstat   0x0000000008001e4e       0x1e ./Core/Src/syscalls.o
                0x0000000008001e4e                _fstat
 .text._isatty  0x0000000008001e6c       0x14 ./Core/Src/syscalls.o
                0x0000000008001e6c                _isatty
 .text._lseek   0x0000000008001e80       0x18 ./Core/Src/syscalls.o
                0x0000000008001e80                _lseek
 .text._sbrk    0x0000000008001e98       0x6c ./Core/Src/sysmem.o
                0x0000000008001e98                _sbrk
 .text.SystemInit
                0x0000000008001f04        0xc ./Core/Src/system_stm32f1xx.o
                0x0000000008001f04                SystemInit
 .text.MX_TIM1_Init
                0x0000000008001f10       0xa0 ./Core/Src/tim.o
                0x0000000008001f10                MX_TIM1_Init
 .text.MX_TIM2_Init
                0x0000000008001fb0       0x98 ./Core/Src/tim.o
                0x0000000008001fb0                MX_TIM2_Init
 .text.HAL_TIM_Base_MspInit
                0x0000000008002048       0x70 ./Core/Src/tim.o
                0x0000000008002048                HAL_TIM_Base_MspInit
 .text.MX_USART1_UART_Init
                0x00000000080020b8       0x54 ./Core/Src/usart.o
                0x00000000080020b8                MX_USART1_UART_Init
 .text.MX_USART3_UART_Init
                0x000000000800210c       0x54 ./Core/Src/usart.o
                0x000000000800210c                MX_USART3_UART_Init
 .text.HAL_UART_MspInit
                0x0000000008002160      0x130 ./Core/Src/usart.o
                0x0000000008002160                HAL_UART_MspInit
 .text.Reset_Handler
                0x0000000008002290       0x48 ./Core/Startup/startup_stm32f103rctx.o
                0x0000000008002290                Reset_Handler
 .text.Default_Handler
                0x00000000080022d8        0x2 ./Core/Startup/startup_stm32f103rctx.o
                0x00000000080022d8                RTC_Alarm_IRQHandler
                0x00000000080022d8                EXTI2_IRQHandler
                0x00000000080022d8                TIM8_TRG_COM_IRQHandler
                0x00000000080022d8                TIM8_CC_IRQHandler
                0x00000000080022d8                TIM1_CC_IRQHandler
                0x00000000080022d8                TIM6_IRQHandler
                0x00000000080022d8                PVD_IRQHandler
                0x00000000080022d8                SDIO_IRQHandler
                0x00000000080022d8                EXTI3_IRQHandler
                0x00000000080022d8                I2C2_EV_IRQHandler
                0x00000000080022d8                ADC1_2_IRQHandler
                0x00000000080022d8                SPI1_IRQHandler
                0x00000000080022d8                TAMPER_IRQHandler
                0x00000000080022d8                TIM8_UP_IRQHandler
                0x00000000080022d8                DMA2_Channel2_IRQHandler
                0x00000000080022d8                DMA1_Channel4_IRQHandler
                0x00000000080022d8                RTC_IRQHandler
                0x00000000080022d8                DMA1_Channel7_IRQHandler
                0x00000000080022d8                CAN1_RX1_IRQHandler
                0x00000000080022d8                UART5_IRQHandler
                0x00000000080022d8                ADC3_IRQHandler
                0x00000000080022d8                TIM4_IRQHandler
                0x00000000080022d8                DMA2_Channel1_IRQHandler
                0x00000000080022d8                I2C1_EV_IRQHandler
                0x00000000080022d8                DMA1_Channel6_IRQHandler
                0x00000000080022d8                UART4_IRQHandler
                0x00000000080022d8                TIM3_IRQHandler
                0x00000000080022d8                RCC_IRQHandler
                0x00000000080022d8                TIM1_TRG_COM_IRQHandler
                0x00000000080022d8                DMA1_Channel1_IRQHandler
                0x00000000080022d8                Default_Handler
                0x00000000080022d8                EXTI15_10_IRQHandler
                0x00000000080022d8                TIM7_IRQHandler
                0x00000000080022d8                TIM5_IRQHandler
                0x00000000080022d8                EXTI9_5_IRQHandler
                0x00000000080022d8                SPI2_IRQHandler
                0x00000000080022d8                DMA1_Channel5_IRQHandler
                0x00000000080022d8                EXTI4_IRQHandler
                0x00000000080022d8                USB_LP_CAN1_RX0_IRQHandler
                0x00000000080022d8                USB_HP_CAN1_TX_IRQHandler
                0x00000000080022d8                DMA1_Channel3_IRQHandler
                0x00000000080022d8                FSMC_IRQHandler
                0x00000000080022d8                TIM1_UP_IRQHandler
                0x00000000080022d8                WWDG_IRQHandler
                0x00000000080022d8                TIM1_BRK_IRQHandler
                0x00000000080022d8                EXTI1_IRQHandler
                0x00000000080022d8                DMA2_Channel4_5_IRQHandler
                0x00000000080022d8                USART2_IRQHandler
                0x00000000080022d8                I2C2_ER_IRQHandler
                0x00000000080022d8                DMA1_Channel2_IRQHandler
                0x00000000080022d8                TIM8_BRK_IRQHandler
                0x00000000080022d8                CAN1_SCE_IRQHandler
                0x00000000080022d8                FLASH_IRQHandler
                0x00000000080022d8                SPI3_IRQHandler
                0x00000000080022d8                I2C1_ER_IRQHandler
                0x00000000080022d8                USBWakeUp_IRQHandler
                0x00000000080022d8                DMA2_Channel3_IRQHandler
 .text.setBit   0x00000000080022da       0x78 ./Core/User/decawave/dw_api.o
 .text.getBit   0x0000000008002352       0x50 ./Core/User/decawave/dw_api.o
 .text.writeValueToBytes
                0x00000000080023a2       0x40 ./Core/User/decawave/dw_api.o
 .text.readBytesOTP
                0x00000000080023e2       0x6c ./Core/User/decawave/dw_api.o
 .text.dummyHandler
                0x000000000800244e       0x12 ./Core/User/decawave/dw_api.o
                0x000000000800244e                dummyHandler
 .text.dwInit   0x0000000008002460       0x44 ./Core/User/decawave/dw_api.o
                0x0000000008002460                dwInit
 .text.dwConfigure
                0x00000000080024a4       0xe0 ./Core/User/decawave/dw_api.o
                0x00000000080024a4                dwConfigure
 .text.dwManageLDE
                0x0000000008002584       0xaa ./Core/User/decawave/dw_api.o
                0x0000000008002584                dwManageLDE
 .text.dwGetDeviceId
                0x000000000800262e       0x1c ./Core/User/decawave/dw_api.o
                0x000000000800262e                dwGetDeviceId
 .text.dwEnableAllLeds
                0x000000000800264a       0xa2 ./Core/User/decawave/dw_api.o
                0x000000000800264a                dwEnableAllLeds
 .text.dwEnableClock
                0x00000000080026ec       0xc8 ./Core/User/decawave/dw_api.o
                0x00000000080026ec                dwEnableClock
 .text.dwRxSoftReset
                0x00000000080027b4       0x5a ./Core/User/decawave/dw_api.o
                0x00000000080027b4                dwRxSoftReset
 .text.dwReadSystemConfigurationRegister
                0x000000000800280e       0x22 ./Core/User/decawave/dw_api.o
                0x000000000800280e                dwReadSystemConfigurationRegister
 .text.dwWriteSystemConfigurationRegister
                0x0000000008002830       0x22 ./Core/User/decawave/dw_api.o
                0x0000000008002830                dwWriteSystemConfigurationRegister
 .text.dwReadSystemEventStatusRegister
                0x0000000008002852       0x22 ./Core/User/decawave/dw_api.o
                0x0000000008002852                dwReadSystemEventStatusRegister
 .text.dwReadNetworkIdAndDeviceAddress
                0x0000000008002874       0x22 ./Core/User/decawave/dw_api.o
                0x0000000008002874                dwReadNetworkIdAndDeviceAddress
 .text.dwWriteNetworkIdAndDeviceAddress
                0x0000000008002896       0x22 ./Core/User/decawave/dw_api.o
                0x0000000008002896                dwWriteNetworkIdAndDeviceAddress
 .text.dwReadSystemEventMaskRegister
                0x00000000080028b8       0x22 ./Core/User/decawave/dw_api.o
                0x00000000080028b8                dwReadSystemEventMaskRegister
 .text.dwWriteSystemEventMaskRegister
                0x00000000080028da       0x22 ./Core/User/decawave/dw_api.o
                0x00000000080028da                dwWriteSystemEventMaskRegister
 .text.dwReadChannelControlRegister
                0x00000000080028fc       0x22 ./Core/User/decawave/dw_api.o
                0x00000000080028fc                dwReadChannelControlRegister
 .text.dwWriteChannelControlRegister
                0x000000000800291e       0x22 ./Core/User/decawave/dw_api.o
                0x000000000800291e                dwWriteChannelControlRegister
 .text.dwReadTransmitFrameControlRegister
                0x0000000008002940       0x22 ./Core/User/decawave/dw_api.o
                0x0000000008002940                dwReadTransmitFrameControlRegister
 .text.dwWriteTransmitFrameControlRegister
                0x0000000008002962       0x22 ./Core/User/decawave/dw_api.o
                0x0000000008002962                dwWriteTransmitFrameControlRegister
 .text.dwSetReceiveWaitTimeout
                0x0000000008002984       0x3e ./Core/User/decawave/dw_api.o
                0x0000000008002984                dwSetReceiveWaitTimeout
 .text.dwSetFrameFilter
                0x00000000080029c2       0x24 ./Core/User/decawave/dw_api.o
                0x00000000080029c2                dwSetFrameFilter
 .text.dwSetFrameFilterAllowData
                0x00000000080029e6       0x24 ./Core/User/decawave/dw_api.o
                0x00000000080029e6                dwSetFrameFilterAllowData
 .text.dwSetFrameFilterAllowReserved
                0x0000000008002a0a       0x24 ./Core/User/decawave/dw_api.o
                0x0000000008002a0a                dwSetFrameFilterAllowReserved
 .text.dwSetDoubleBuffering
                0x0000000008002a2e       0x3a ./Core/User/decawave/dw_api.o
                0x0000000008002a2e                dwSetDoubleBuffering
 .text.dwSetInterruptPolarity
                0x0000000008002a68       0x24 ./Core/User/decawave/dw_api.o
                0x0000000008002a68                dwSetInterruptPolarity
 .text.dwSetReceiverAutoReenable
                0x0000000008002a8c       0x24 ./Core/User/decawave/dw_api.o
                0x0000000008002a8c                dwSetReceiverAutoReenable
 .text.dwInterruptOnSent
                0x0000000008002ab0       0x24 ./Core/User/decawave/dw_api.o
                0x0000000008002ab0                dwInterruptOnSent
 .text.dwInterruptOnReceived
                0x0000000008002ad4       0x34 ./Core/User/decawave/dw_api.o
                0x0000000008002ad4                dwInterruptOnReceived
 .text.dwInterruptOnReceiveFailed
                0x0000000008002b08       0x74 ./Core/User/decawave/dw_api.o
                0x0000000008002b08                dwInterruptOnReceiveFailed
 .text.dwInterruptOnReceiveTimeout
                0x0000000008002b7c       0x34 ./Core/User/decawave/dw_api.o
                0x0000000008002b7c                dwInterruptOnReceiveTimeout
 .text.dwInterruptOnReceiveTimestampAvailable
                0x0000000008002bb0       0x24 ./Core/User/decawave/dw_api.o
                0x0000000008002bb0                dwInterruptOnReceiveTimestampAvailable
 .text.dwInterruptOnAutomaticAcknowledgeTrigger
                0x0000000008002bd4       0x24 ./Core/User/decawave/dw_api.o
                0x0000000008002bd4                dwInterruptOnAutomaticAcknowledgeTrigger
 .text.dwClearInterrupts
                0x0000000008002bf8       0x1e ./Core/User/decawave/dw_api.o
                0x0000000008002bf8                dwClearInterrupts
 .text.dwIdle   0x0000000008002c16       0x44 ./Core/User/decawave/dw_api.o
                0x0000000008002c16                dwIdle
 .text.dwNewReceive
                0x0000000008002c5a       0x30 ./Core/User/decawave/dw_api.o
                0x0000000008002c5a                dwNewReceive
 .text.dwStartReceive
                0x0000000008002c8a       0x58 ./Core/User/decawave/dw_api.o
                0x0000000008002c8a                dwStartReceive
 .text.dwNewTransmit
                0x0000000008002ce2       0x30 ./Core/User/decawave/dw_api.o
                0x0000000008002ce2                dwNewTransmit
 .text.dwStartTransmit
                0x0000000008002d12       0xb4 ./Core/User/decawave/dw_api.o
                0x0000000008002d12                dwStartTransmit
 .text.dwNewConfiguration
                0x0000000008002dc6       0x34 ./Core/User/decawave/dw_api.o
                0x0000000008002dc6                dwNewConfiguration
 .text.dwCommitConfiguration
                0x0000000008002dfa       0x5a ./Core/User/decawave/dw_api.o
                0x0000000008002dfa                dwCommitConfiguration
 .text.dwSuppressFrameCheck
                0x0000000008002e54       0x34 ./Core/User/decawave/dw_api.o
                0x0000000008002e54                dwSuppressFrameCheck
 .text.dwUseSmartPower
                0x0000000008002e88       0x42 ./Core/User/decawave/dw_api.o
                0x0000000008002e88                dwUseSmartPower
 .text.dwSetTxDelay
                0x0000000008002eca       0x7c ./Core/User/decawave/dw_api.o
                0x0000000008002eca                dwSetTxDelay
 .text.dwSetDataRate
                0x0000000008002f46      0x102 ./Core/User/decawave/dw_api.o
                0x0000000008002f46                dwSetDataRate
 .text.dwSetPulseFrequency
                0x0000000008003048       0x6a ./Core/User/decawave/dw_api.o
                0x0000000008003048                dwSetPulseFrequency
 .text.dwSetPreambleLength
                0x00000000080030b2       0x92 ./Core/User/decawave/dw_api.o
                0x00000000080030b2                dwSetPreambleLength
 .text.dwUseExtendedFrameLength
                0x0000000008003144       0x48 ./Core/User/decawave/dw_api.o
                0x0000000008003144                dwUseExtendedFrameLength
 .text.dwSetChannel
                0x000000000800318c       0x3a ./Core/User/decawave/dw_api.o
                0x000000000800318c                dwSetChannel
 .text.dwSetPreambleCode
                0x00000000080031c6       0x6e ./Core/User/decawave/dw_api.o
                0x00000000080031c6                dwSetPreambleCode
 .text.dwSetDefaults
                0x0000000008003234       0xbc ./Core/User/decawave/dw_api.o
                0x0000000008003234                dwSetDefaults
 .text.dwSetData
                0x00000000080032f0       0x84 ./Core/User/decawave/dw_api.o
                0x00000000080032f0                dwSetData
 .text.dwGetDataLength
                0x0000000008003374       0x70 ./Core/User/decawave/dw_api.o
                0x0000000008003374                dwGetDataLength
 .text.dwGetData
                0x00000000080033e4       0x2c ./Core/User/decawave/dw_api.o
                0x00000000080033e4                dwGetData
 .text.dwGetReceiveTimestamp
                0x0000000008003410       0x38 ./Core/User/decawave/dw_api.o
                0x0000000008003410                dwGetReceiveTimestamp
 .text.dwCorrectTimestamp
                0x0000000008003448      0x294 ./Core/User/decawave/dw_api.o
                0x0000000008003448                dwCorrectTimestamp
 .text.dwGetSystemTimestamp
                0x00000000080036dc       0x22 ./Core/User/decawave/dw_api.o
                0x00000000080036dc                dwGetSystemTimestamp
 .text.dwIsTransmitDone
                0x00000000080036fe       0x20 ./Core/User/decawave/dw_api.o
                0x00000000080036fe                dwIsTransmitDone
 .text.dwIsReceiveTimestampAvailable
                0x000000000800371e       0x20 ./Core/User/decawave/dw_api.o
                0x000000000800371e                dwIsReceiveTimestampAvailable
 .text.dwIsReceiveDone
                0x000000000800373e       0x3c ./Core/User/decawave/dw_api.o
                0x000000000800373e                dwIsReceiveDone
 .text.dwIsReceiveFailed
                0x000000000800377a       0xac ./Core/User/decawave/dw_api.o
                0x000000000800377a                dwIsReceiveFailed
 .text.dwIsReceiveTimeout
                0x0000000008003826       0x20 ./Core/User/decawave/dw_api.o
                0x0000000008003826                dwIsReceiveTimeout
 .text.dwClearReceiveTimestampAvailableStatus
                0x0000000008003846       0x38 ./Core/User/decawave/dw_api.o
                0x0000000008003846                dwClearReceiveTimestampAvailableStatus
 *fill*         0x000000000800387e        0x2 
 .text.dwClearReceiveStatus
                0x0000000008003880       0x24 ./Core/User/decawave/dw_api.o
                0x0000000008003880                dwClearReceiveStatus
 .text.dwClearTransmitStatus
                0x00000000080038a4       0x20 ./Core/User/decawave/dw_api.o
                0x00000000080038a4                dwClearTransmitStatus
 .text.spiReadRxInfo
                0x00000000080038c4       0x38 ./Core/User/decawave/dw_api.o
 .text.calculatePower
                0x00000000080038fc       0xb0 ./Core/User/decawave/dw_api.o
 .text.dwGetReceivePower
                0x00000000080039ac       0x50 ./Core/User/decawave/dw_api.o
                0x00000000080039ac                dwGetReceivePower
 .text.dwEnableMode
                0x00000000080039fc       0x56 ./Core/User/decawave/dw_api.o
                0x00000000080039fc                dwEnableMode
 *fill*         0x0000000008003a52        0x2 
 .text.dwTune   0x0000000008003a54      0xc14 ./Core/User/decawave/dw_api.o
                0x0000000008003a54                dwTune
 .text.spiWrite
                0x0000000008004668       0x6c ./Core/User/decawave/dw_func.o
 .text.spiRead  0x00000000080046d4       0x6c ./Core/User/decawave/dw_func.o
 .text.spiSetSpeed
                0x0000000008004740       0x38 ./Core/User/decawave/dw_func.o
 .text.reset    0x0000000008004778       0x34 ./Core/User/decawave/dw_func.o
 .text.delayms  0x00000000080047ac       0x18 ./Core/User/decawave/dw_func.o
 .text.dwSpiRead
                0x00000000080047c4       0x7c ./Core/User/decawave/dw_spi.o
                0x00000000080047c4                dwSpiRead
 .text.dwSpiRead16
                0x0000000008004840       0x2a ./Core/User/decawave/dw_spi.o
                0x0000000008004840                dwSpiRead16
 .text.dwSpiRead32
                0x000000000800486a       0x2a ./Core/User/decawave/dw_spi.o
                0x000000000800486a                dwSpiRead32
 .text.dwSpiWrite
                0x0000000008004894       0x86 ./Core/User/decawave/dw_spi.o
                0x0000000008004894                dwSpiWrite
 .text.dwSpiWrite8
                0x000000000800491a       0x2e ./Core/User/decawave/dw_spi.o
                0x000000000800491a                dwSpiWrite8
 .text.dwSpiWrite32
                0x0000000008004948       0x28 ./Core/User/decawave/dw_spi.o
                0x0000000008004948                dwSpiWrite32
 .text.HAL_Init
                0x0000000008004970       0x2c ./Drivers/STM32F1xx_HAL_Driver/Src/stm32f1xx_hal.o
                0x0000000008004970                HAL_Init
 .text.HAL_InitTick
                0x000000000800499c       0x60 ./Drivers/STM32F1xx_HAL_Driver/Src/stm32f1xx_hal.o
                0x000000000800499c                HAL_InitTick
 .text.HAL_IncTick
                0x00000000080049fc       0x24 ./Drivers/STM32F1xx_HAL_Driver/Src/stm32f1xx_hal.o
                0x00000000080049fc                HAL_IncTick
 .text.HAL_GetTick
                0x0000000008004a20       0x14 ./Drivers/STM32F1xx_HAL_Driver/Src/stm32f1xx_hal.o
                0x0000000008004a20                HAL_GetTick
 .text.HAL_Delay
                0x0000000008004a34       0x48 ./Drivers/STM32F1xx_HAL_Driver/Src/stm32f1xx_hal.o
                0x0000000008004a34                HAL_Delay
 .text.__NVIC_SetPriorityGrouping
                0x0000000008004a7c       0x48 ./Drivers/STM32F1xx_HAL_Driver/Src/stm32f1xx_hal_cortex.o
 .text.__NVIC_GetPriorityGrouping
                0x0000000008004ac4       0x1c ./Drivers/STM32F1xx_HAL_Driver/Src/stm32f1xx_hal_cortex.o
 .text.__NVIC_EnableIRQ
                0x0000000008004ae0       0x38 ./Drivers/STM32F1xx_HAL_Driver/Src/stm32f1xx_hal_cortex.o
 .text.__NVIC_SetPriority
                0x0000000008004b18       0x54 ./Drivers/STM32F1xx_HAL_Driver/Src/stm32f1xx_hal_cortex.o
 .text.NVIC_EncodePriority
                0x0000000008004b6c       0x64 ./Drivers/STM32F1xx_HAL_Driver/Src/stm32f1xx_hal_cortex.o
 .text.SysTick_Config
                0x0000000008004bd0       0x44 ./Drivers/STM32F1xx_HAL_Driver/Src/stm32f1xx_hal_cortex.o
 .text.HAL_NVIC_SetPriorityGrouping
                0x0000000008004c14       0x16 ./Drivers/STM32F1xx_HAL_Driver/Src/stm32f1xx_hal_cortex.o
                0x0000000008004c14                HAL_NVIC_SetPriorityGrouping
 .text.HAL_NVIC_SetPriority
                0x0000000008004c2a       0x38 ./Drivers/STM32F1xx_HAL_Driver/Src/stm32f1xx_hal_cortex.o
                0x0000000008004c2a                HAL_NVIC_SetPriority
 .text.HAL_NVIC_EnableIRQ
                0x0000000008004c62       0x1c ./Drivers/STM32F1xx_HAL_Driver/Src/stm32f1xx_hal_cortex.o
                0x0000000008004c62                HAL_NVIC_EnableIRQ
 .text.HAL_SYSTICK_Config
                0x0000000008004c7e       0x18 ./Drivers/STM32F1xx_HAL_Driver/Src/stm32f1xx_hal_cortex.o
                0x0000000008004c7e                HAL_SYSTICK_Config
 .text.HAL_DMA_Abort
                0x0000000008004c96       0x74 ./Drivers/STM32F1xx_HAL_Driver/Src/stm32f1xx_hal_dma.o
                0x0000000008004c96                HAL_DMA_Abort
 *fill*         0x0000000008004d0a        0x2 
 .text.HAL_DMA_Abort_IT
                0x0000000008004d0c      0x210 ./Drivers/STM32F1xx_HAL_Driver/Src/stm32f1xx_hal_dma.o
                0x0000000008004d0c                HAL_DMA_Abort_IT
 .text.HAL_GPIO_Init
                0x0000000008004f1c      0x328 ./Drivers/STM32F1xx_HAL_Driver/Src/stm32f1xx_hal_gpio.o
                0x0000000008004f1c                HAL_GPIO_Init
 .text.HAL_GPIO_WritePin
                0x0000000008005244       0x30 ./Drivers/STM32F1xx_HAL_Driver/Src/stm32f1xx_hal_gpio.o
                0x0000000008005244                HAL_GPIO_WritePin
 .text.HAL_GPIO_EXTI_IRQHandler
                0x0000000008005274       0x30 ./Drivers/STM32F1xx_HAL_Driver/Src/stm32f1xx_hal_gpio.o
                0x0000000008005274                HAL_GPIO_EXTI_IRQHandler
 .text.HAL_GPIO_EXTI_Callback
                0x00000000080052a4       0x14 ./Drivers/STM32F1xx_HAL_Driver/Src/stm32f1xx_hal_gpio.o
                0x00000000080052a4                HAL_GPIO_EXTI_Callback
 .text.HAL_I2C_Init
                0x00000000080052b8      0x288 ./Drivers/STM32F1xx_HAL_Driver/Src/stm32f1xx_hal_i2c.o
                0x00000000080052b8                HAL_I2C_Init
 .text.HAL_RCC_OscConfig
                0x0000000008005540      0x504 ./Drivers/STM32F1xx_HAL_Driver/Src/stm32f1xx_hal_rcc.o
                0x0000000008005540                HAL_RCC_OscConfig
 .text.HAL_RCC_ClockConfig
                0x0000000008005a44      0x1d4 ./Drivers/STM32F1xx_HAL_Driver/Src/stm32f1xx_hal_rcc.o
                0x0000000008005a44                HAL_RCC_ClockConfig
 .text.HAL_RCC_GetSysClockFreq
                0x0000000008005c18       0xbc ./Drivers/STM32F1xx_HAL_Driver/Src/stm32f1xx_hal_rcc.o
                0x0000000008005c18                HAL_RCC_GetSysClockFreq
 .text.HAL_RCC_GetHCLKFreq
                0x0000000008005cd4       0x14 ./Drivers/STM32F1xx_HAL_Driver/Src/stm32f1xx_hal_rcc.o
                0x0000000008005cd4                HAL_RCC_GetHCLKFreq
 .text.HAL_RCC_GetPCLK1Freq
                0x0000000008005ce8       0x28 ./Drivers/STM32F1xx_HAL_Driver/Src/stm32f1xx_hal_rcc.o
                0x0000000008005ce8                HAL_RCC_GetPCLK1Freq
 .text.HAL_RCC_GetPCLK2Freq
                0x0000000008005d10       0x28 ./Drivers/STM32F1xx_HAL_Driver/Src/stm32f1xx_hal_rcc.o
                0x0000000008005d10                HAL_RCC_GetPCLK2Freq
 .text.RCC_Delay
                0x0000000008005d38       0x3c ./Drivers/STM32F1xx_HAL_Driver/Src/stm32f1xx_hal_rcc.o
 .text.HAL_SPI_Init
                0x0000000008005d74      0x108 ./Drivers/STM32F1xx_HAL_Driver/Src/stm32f1xx_hal_spi.o
                0x0000000008005d74                HAL_SPI_Init
 .text.HAL_SPI_Transmit
                0x0000000008005e7c      0x278 ./Drivers/STM32F1xx_HAL_Driver/Src/stm32f1xx_hal_spi.o
                0x0000000008005e7c                HAL_SPI_Transmit
 .text.HAL_SPI_Receive
                0x00000000080060f4      0x222 ./Drivers/STM32F1xx_HAL_Driver/Src/stm32f1xx_hal_spi.o
                0x00000000080060f4                HAL_SPI_Receive
 .text.HAL_SPI_TransmitReceive
                0x0000000008006316      0x344 ./Drivers/STM32F1xx_HAL_Driver/Src/stm32f1xx_hal_spi.o
                0x0000000008006316                HAL_SPI_TransmitReceive
 *fill*         0x000000000800665a        0x2 
 .text.SPI_WaitFlagStateUntilTimeout
                0x000000000800665c      0x110 ./Drivers/STM32F1xx_HAL_Driver/Src/stm32f1xx_hal_spi.o
 .text.SPI_EndRxTransaction
                0x000000000800676c       0xa4 ./Drivers/STM32F1xx_HAL_Driver/Src/stm32f1xx_hal_spi.o
 .text.SPI_EndRxTxTransaction
                0x0000000008006810       0x3c ./Drivers/STM32F1xx_HAL_Driver/Src/stm32f1xx_hal_spi.o
 .text.HAL_TIM_Base_Init
                0x000000000800684c       0x9e ./Drivers/STM32F1xx_HAL_Driver/Src/stm32f1xx_hal_tim.o
                0x000000000800684c                HAL_TIM_Base_Init
 *fill*         0x00000000080068ea        0x2 
 .text.HAL_TIM_Base_Start
                0x00000000080068ec       0xb0 ./Drivers/STM32F1xx_HAL_Driver/Src/stm32f1xx_hal_tim.o
                0x00000000080068ec                HAL_TIM_Base_Start
 .text.HAL_TIM_IRQHandler
                0x000000000800699c      0x210 ./Drivers/STM32F1xx_HAL_Driver/Src/stm32f1xx_hal_tim.o
                0x000000000800699c                HAL_TIM_IRQHandler
 .text.HAL_TIM_ConfigClockSource
                0x0000000008006bac      0x188 ./Drivers/STM32F1xx_HAL_Driver/Src/stm32f1xx_hal_tim.o
                0x0000000008006bac                HAL_TIM_ConfigClockSource
 .text.HAL_TIM_PeriodElapsedCallback
                0x0000000008006d34       0x12 ./Drivers/STM32F1xx_HAL_Driver/Src/stm32f1xx_hal_tim.o
                0x0000000008006d34                HAL_TIM_PeriodElapsedCallback
 .text.HAL_TIM_OC_DelayElapsedCallback
                0x0000000008006d46       0x12 ./Drivers/STM32F1xx_HAL_Driver/Src/stm32f1xx_hal_tim.o
                0x0000000008006d46                HAL_TIM_OC_DelayElapsedCallback
 .text.HAL_TIM_IC_CaptureCallback
                0x0000000008006d58       0x12 ./Drivers/STM32F1xx_HAL_Driver/Src/stm32f1xx_hal_tim.o
                0x0000000008006d58                HAL_TIM_IC_CaptureCallback
 .text.HAL_TIM_PWM_PulseFinishedCallback
                0x0000000008006d6a       0x12 ./Drivers/STM32F1xx_HAL_Driver/Src/stm32f1xx_hal_tim.o
                0x0000000008006d6a                HAL_TIM_PWM_PulseFinishedCallback
 .text.HAL_TIM_TriggerCallback
                0x0000000008006d7c       0x12 ./Drivers/STM32F1xx_HAL_Driver/Src/stm32f1xx_hal_tim.o
                0x0000000008006d7c                HAL_TIM_TriggerCallback
 *fill*         0x0000000008006d8e        0x2 
 .text.TIM_Base_SetConfig
                0x0000000008006d90       0xf4 ./Drivers/STM32F1xx_HAL_Driver/Src/stm32f1xx_hal_tim.o
                0x0000000008006d90                TIM_Base_SetConfig
 .text.TIM_TI1_ConfigInputStage
                0x0000000008006e84       0x5c ./Drivers/STM32F1xx_HAL_Driver/Src/stm32f1xx_hal_tim.o
 .text.TIM_TI2_ConfigInputStage
                0x0000000008006ee0       0x5e ./Drivers/STM32F1xx_HAL_Driver/Src/stm32f1xx_hal_tim.o
 .text.TIM_ITRx_SetConfig
                0x0000000008006f3e       0x34 ./Drivers/STM32F1xx_HAL_Driver/Src/stm32f1xx_hal_tim.o
 .text.TIM_ETR_SetConfig
                0x0000000008006f72       0x3e ./Drivers/STM32F1xx_HAL_Driver/Src/stm32f1xx_hal_tim.o
                0x0000000008006f72                TIM_ETR_SetConfig
 .text.HAL_TIMEx_MasterConfigSynchronization
                0x0000000008006fb0       0xd8 ./Drivers/STM32F1xx_HAL_Driver/Src/stm32f1xx_hal_tim_ex.o
                0x0000000008006fb0                HAL_TIMEx_MasterConfigSynchronization
 .text.HAL_TIMEx_CommutCallback
                0x0000000008007088       0x12 ./Drivers/STM32F1xx_HAL_Driver/Src/stm32f1xx_hal_tim_ex.o
                0x0000000008007088                HAL_TIMEx_CommutCallback
 .text.HAL_TIMEx_BreakCallback
                0x000000000800709a       0x12 ./Drivers/STM32F1xx_HAL_Driver/Src/stm32f1xx_hal_tim_ex.o
                0x000000000800709a                HAL_TIMEx_BreakCallback
 .text.HAL_UART_Init
                0x00000000080070ac       0x9a ./Drivers/STM32F1xx_HAL_Driver/Src/stm32f1xx_hal_uart.o
                0x00000000080070ac                HAL_UART_Init
 .text.HAL_UART_Transmit
                0x0000000008007146      0x124 ./Drivers/STM32F1xx_HAL_Driver/Src/stm32f1xx_hal_uart.o
                0x0000000008007146                HAL_UART_Transmit
 *fill*         0x000000000800726a        0x2 
 .text.HAL_UART_IRQHandler
                0x000000000800726c      0x354 ./Drivers/STM32F1xx_HAL_Driver/Src/stm32f1xx_hal_uart.o
                0x000000000800726c                HAL_UART_IRQHandler
 .text.HAL_UART_TxCpltCallback
                0x00000000080075c0       0x12 ./Drivers/STM32F1xx_HAL_Driver/Src/stm32f1xx_hal_uart.o
                0x00000000080075c0                HAL_UART_TxCpltCallback
 .text.HAL_UART_RxCpltCallback
                0x00000000080075d2       0x12 ./Drivers/STM32F1xx_HAL_Driver/Src/stm32f1xx_hal_uart.o
                0x00000000080075d2                HAL_UART_RxCpltCallback
 .text.HAL_UART_ErrorCallback
                0x00000000080075e4       0x12 ./Drivers/STM32F1xx_HAL_Driver/Src/stm32f1xx_hal_uart.o
                0x00000000080075e4                HAL_UART_ErrorCallback
 .text.HAL_UARTEx_RxEventCallback
                0x00000000080075f6       0x16 ./Drivers/STM32F1xx_HAL_Driver/Src/stm32f1xx_hal_uart.o
                0x00000000080075f6                HAL_UARTEx_RxEventCallback
 .text.UART_WaitOnFlagUntilTimeout
                0x000000000800760c       0x94 ./Drivers/STM32F1xx_HAL_Driver/Src/stm32f1xx_hal_uart.o
 .text.UART_EndRxTransfer
                0x00000000080076a0       0x58 ./Drivers/STM32F1xx_HAL_Driver/Src/stm32f1xx_hal_uart.o
 .text.UART_DMAAbortOnError
                0x00000000080076f8       0x28 ./Drivers/STM32F1xx_HAL_Driver/Src/stm32f1xx_hal_uart.o
 .text.UART_Transmit_IT
                0x0000000008007720       0x9e ./Drivers/STM32F1xx_HAL_Driver/Src/stm32f1xx_hal_uart.o
 .text.UART_EndTransmit_IT
                0x00000000080077be       0x30 ./Drivers/STM32F1xx_HAL_Driver/Src/stm32f1xx_hal_uart.o
 .text.UART_Receive_IT
                0x00000000080077ee      0x152 ./Drivers/STM32F1xx_HAL_Driver/Src/stm32f1xx_hal_uart.o
 .text.UART_SetConfig
                0x0000000008007940      0x11c ./Drivers/STM32F1xx_HAL_Driver/Src/stm32f1xx_hal_uart.o
 .text.__errno  0x0000000008007a5c        0xc c:/st/stm32cubeide_1.10.1/stm32cubeide/plugins/com.st.stm32cube.ide.mcu.externaltools.gnu-tools-for-stm32.10.3-2021.10.win32_1.0.0.202111181127/tools/bin/../lib/gcc/arm-none-eabi/10.3.1/../../../../arm-none-eabi/lib/thumb/v7-m/nofp\libc_nano.a(lib_a-errno.o)
                0x0000000008007a5c                __errno
 .text.__libc_init_array
                0x0000000008007a68       0x48 c:/st/stm32cubeide_1.10.1/stm32cubeide/plugins/com.st.stm32cube.ide.mcu.externaltools.gnu-tools-for-stm32.10.3-2021.10.win32_1.0.0.202111181127/tools/bin/../lib/gcc/arm-none-eabi/10.3.1/../../../../arm-none-eabi/lib/thumb/v7-m/nofp\libc_nano.a(lib_a-init.o)
                0x0000000008007a68                __libc_init_array
 .text.memcpy   0x0000000008007ab0       0x1c c:/st/stm32cubeide_1.10.1/stm32cubeide/plugins/com.st.stm32cube.ide.mcu.externaltools.gnu-tools-for-stm32.10.3-2021.10.win32_1.0.0.202111181127/tools/bin/../lib/gcc/arm-none-eabi/10.3.1/../../../../arm-none-eabi/lib/thumb/v7-m/nofp\libc_nano.a(lib_a-memcpy-stub.o)
                0x0000000008007ab0                memcpy
 .text.memset   0x0000000008007acc       0x10 c:/st/stm32cubeide_1.10.1/stm32cubeide/plugins/com.st.stm32cube.ide.mcu.externaltools.gnu-tools-for-stm32.10.3-2021.10.win32_1.0.0.202111181127/tools/bin/../lib/gcc/arm-none-eabi/10.3.1/../../../../arm-none-eabi/lib/thumb/v7-m/nofp\libc_nano.a(lib_a-memset.o)
                0x0000000008007acc                memset
 .text.__cvt    0x0000000008007adc       0xbe c:/st/stm32cubeide_1.10.1/stm32cubeide/plugins/com.st.stm32cube.ide.mcu.externaltools.gnu-tools-for-stm32.10.3-2021.10.win32_1.0.0.202111181127/tools/bin/../lib/gcc/arm-none-eabi/10.3.1/../../../../arm-none-eabi/lib/thumb/v7-m/nofp\libc_nano.a(lib_a-nano-vfprintf_float.o)
                0x0000000008007adc                __cvt
 .text.__exponent
                0x0000000008007b9a       0x7c c:/st/stm32cubeide_1.10.1/stm32cubeide/plugins/com.st.stm32cube.ide.mcu.externaltools.gnu-tools-for-stm32.10.3-2021.10.win32_1.0.0.202111181127/tools/bin/../lib/gcc/arm-none-eabi/10.3.1/../../../../arm-none-eabi/lib/thumb/v7-m/nofp\libc_nano.a(lib_a-nano-vfprintf_float.o)
                0x0000000008007b9a                __exponent
 *fill*         0x0000000008007c16        0x2 
 .text._printf_float
                0x0000000008007c18      0x458 c:/st/stm32cubeide_1.10.1/stm32cubeide/plugins/com.st.stm32cube.ide.mcu.externaltools.gnu-tools-for-stm32.10.3-2021.10.win32_1.0.0.202111181127/tools/bin/../lib/gcc/arm-none-eabi/10.3.1/../../../../arm-none-eabi/lib/thumb/v7-m/nofp\libc_nano.a(lib_a-nano-vfprintf_float.o)
                0x0000000008007c18                _printf_float
 .text._printf_common
                0x0000000008008070       0xde c:/st/stm32cubeide_1.10.1/stm32cubeide/plugins/com.st.stm32cube.ide.mcu.externaltools.gnu-tools-for-stm32.10.3-2021.10.win32_1.0.0.202111181127/tools/bin/../lib/gcc/arm-none-eabi/10.3.1/../../../../arm-none-eabi/lib/thumb/v7-m/nofp\libc_nano.a(lib_a-nano-vfprintf_i.o)
                0x0000000008008070                _printf_common
 *fill*         0x000000000800814e        0x2 
 .text._printf_i
                0x0000000008008150      0x24c c:/st/stm32cubeide_1.10.1/stm32cubeide/plugins/com.st.stm32cube.ide.mcu.externaltools.gnu-tools-for-stm32.10.3-2021.10.win32_1.0.0.202111181127/tools/bin/../lib/gcc/arm-none-eabi/10.3.1/../../../../arm-none-eabi/lib/thumb/v7-m/nofp\libc_nano.a(lib_a-nano-vfprintf_i.o)
                0x0000000008008150                _printf_i
 .text.printf   0x000000000800839c       0x30 c:/st/stm32cubeide_1.10.1/stm32cubeide/plugins/com.st.stm32cube.ide.mcu.externaltools.gnu-tools-for-stm32.10.3-2021.10.win32_1.0.0.202111181127/tools/bin/../lib/gcc/arm-none-eabi/10.3.1/../../../../arm-none-eabi/lib/thumb/v7-m/nofp\libc_nano.a(lib_a-printf.o)
                0x000000000800839c                iprintf
                0x000000000800839c                printf
 .text.strstr   0x00000000080083cc       0x2c c:/st/stm32cubeide_1.10.1/stm32cubeide/plugins/com.st.stm32cube.ide.mcu.externaltools.gnu-tools-for-stm32.10.3-2021.10.win32_1.0.0.202111181127/tools/bin/../lib/gcc/arm-none-eabi/10.3.1/../../../../arm-none-eabi/lib/thumb/v7-m/nofp\libc_nano.a(lib_a-strstr.o)
                0x00000000080083cc                strstr
 .text.quorem   0x00000000080083f8      0x118 c:/st/stm32cubeide_1.10.1/stm32cubeide/plugins/com.st.stm32cube.ide.mcu.externaltools.gnu-tools-for-stm32.10.3-2021.10.win32_1.0.0.202111181127/tools/bin/../lib/gcc/arm-none-eabi/10.3.1/../../../../arm-none-eabi/lib/thumb/v7-m/nofp\libc_nano.a(lib_a-dtoa.o)
 .text._dtoa_r  0x0000000008008510      0xbdc c:/st/stm32cubeide_1.10.1/stm32cubeide/plugins/com.st.stm32cube.ide.mcu.externaltools.gnu-tools-for-stm32.10.3-2021.10.win32_1.0.0.202111181127/tools/bin/../lib/gcc/arm-none-eabi/10.3.1/../../../../arm-none-eabi/lib/thumb/v7-m/nofp\libc_nano.a(lib_a-dtoa.o)
                0x0000000008008510                _dtoa_r
 .text.std      0x00000000080090ec       0x48 c:/st/stm32cubeide_1.10.1/stm32cubeide/plugins/com.st.stm32cube.ide.mcu.externaltools.gnu-tools-for-stm32.10.3-2021.10.win32_1.0.0.202111181127/tools/bin/../lib/gcc/arm-none-eabi/10.3.1/../../../../arm-none-eabi/lib/thumb/v7-m/nofp\libc_nano.a(lib_a-findfp.o)
 .text._cleanup_r
                0x0000000008009134        0xc c:/st/stm32cubeide_1.10.1/stm32cubeide/plugins/com.st.stm32cube.ide.mcu.externaltools.gnu-tools-for-stm32.10.3-2021.10.win32_1.0.0.202111181127/tools/bin/../lib/gcc/arm-none-eabi/10.3.1/../../../../arm-none-eabi/lib/thumb/v7-m/nofp\libc_nano.a(lib_a-findfp.o)
                0x0000000008009134                _cleanup_r
 .text.__sfmoreglue
                0x0000000008009140       0x2c c:/st/stm32cubeide_1.10.1/stm32cubeide/plugins/com.st.stm32cube.ide.mcu.externaltools.gnu-tools-for-stm32.10.3-2021.10.win32_1.0.0.202111181127/tools/bin/../lib/gcc/arm-none-eabi/10.3.1/../../../../arm-none-eabi/lib/thumb/v7-m/nofp\libc_nano.a(lib_a-findfp.o)
                0x0000000008009140                __sfmoreglue
 .text.__sfp_lock_acquire
                0x000000000800916c        0xc c:/st/stm32cubeide_1.10.1/stm32cubeide/plugins/com.st.stm32cube.ide.mcu.externaltools.gnu-tools-for-stm32.10.3-2021.10.win32_1.0.0.202111181127/tools/bin/../lib/gcc/arm-none-eabi/10.3.1/../../../../arm-none-eabi/lib/thumb/v7-m/nofp\libc_nano.a(lib_a-findfp.o)
                0x000000000800916c                __sfp_lock_acquire
 .text.__sfp_lock_release
                0x0000000008009178        0xc c:/st/stm32cubeide_1.10.1/stm32cubeide/plugins/com.st.stm32cube.ide.mcu.externaltools.gnu-tools-for-stm32.10.3-2021.10.win32_1.0.0.202111181127/tools/bin/../lib/gcc/arm-none-eabi/10.3.1/../../../../arm-none-eabi/lib/thumb/v7-m/nofp\libc_nano.a(lib_a-findfp.o)
                0x0000000008009178                __sfp_lock_release
 .text.__sinit_lock_acquire
                0x0000000008009184        0xc c:/st/stm32cubeide_1.10.1/stm32cubeide/plugins/com.st.stm32cube.ide.mcu.externaltools.gnu-tools-for-stm32.10.3-2021.10.win32_1.0.0.202111181127/tools/bin/../lib/gcc/arm-none-eabi/10.3.1/../../../../arm-none-eabi/lib/thumb/v7-m/nofp\libc_nano.a(lib_a-findfp.o)
                0x0000000008009184                __sinit_lock_acquire
 .text.__sinit_lock_release
                0x0000000008009190        0xc c:/st/stm32cubeide_1.10.1/stm32cubeide/plugins/com.st.stm32cube.ide.mcu.externaltools.gnu-tools-for-stm32.10.3-2021.10.win32_1.0.0.202111181127/tools/bin/../lib/gcc/arm-none-eabi/10.3.1/../../../../arm-none-eabi/lib/thumb/v7-m/nofp\libc_nano.a(lib_a-findfp.o)
                0x0000000008009190                __sinit_lock_release
 .text.__sinit  0x000000000800919c       0x70 c:/st/stm32cubeide_1.10.1/stm32cubeide/plugins/com.st.stm32cube.ide.mcu.externaltools.gnu-tools-for-stm32.10.3-2021.10.win32_1.0.0.202111181127/tools/bin/../lib/gcc/arm-none-eabi/10.3.1/../../../../arm-none-eabi/lib/thumb/v7-m/nofp\libc_nano.a(lib_a-findfp.o)
                0x000000000800919c                __sinit
 .text.__sfp    0x000000000800920c       0x8c c:/st/stm32cubeide_1.10.1/stm32cubeide/plugins/com.st.stm32cube.ide.mcu.externaltools.gnu-tools-for-stm32.10.3-2021.10.win32_1.0.0.202111181127/tools/bin/../lib/gcc/arm-none-eabi/10.3.1/../../../../arm-none-eabi/lib/thumb/v7-m/nofp\libc_nano.a(lib_a-findfp.o)
                0x000000000800920c                __sfp
 .text._fwalk_reent
                0x0000000008009298       0x3e c:/st/stm32cubeide_1.10.1/stm32cubeide/plugins/com.st.stm32cube.ide.mcu.externaltools.gnu-tools-for-stm32.10.3-2021.10.win32_1.0.0.202111181127/tools/bin/../lib/gcc/arm-none-eabi/10.3.1/../../../../arm-none-eabi/lib/thumb/v7-m/nofp\libc_nano.a(lib_a-fwalk.o)
                0x0000000008009298                _fwalk_reent
 *fill*         0x00000000080092d6        0x2 
 .text._localeconv_r
                0x00000000080092d8        0x8 c:/st/stm32cubeide_1.10.1/stm32cubeide/plugins/com.st.stm32cube.ide.mcu.externaltools.gnu-tools-for-stm32.10.3-2021.10.win32_1.0.0.202111181127/tools/bin/../lib/gcc/arm-none-eabi/10.3.1/../../../../arm-none-eabi/lib/thumb/v7-m/nofp\libc_nano.a(lib_a-localeconv.o)
                0x00000000080092d8                _localeconv_r
 .text.__retarget_lock_init_recursive
                0x00000000080092e0        0x2 c:/st/stm32cubeide_1.10.1/stm32cubeide/plugins/com.st.stm32cube.ide.mcu.externaltools.gnu-tools-for-stm32.10.3-2021.10.win32_1.0.0.202111181127/tools/bin/../lib/gcc/arm-none-eabi/10.3.1/../../../../arm-none-eabi/lib/thumb/v7-m/nofp\libc_nano.a(lib_a-lock.o)
                0x00000000080092e0                __retarget_lock_init_recursive
 .text.__retarget_lock_acquire_recursive
                0x00000000080092e2        0x2 c:/st/stm32cubeide_1.10.1/stm32cubeide/plugins/com.st.stm32cube.ide.mcu.externaltools.gnu-tools-for-stm32.10.3-2021.10.win32_1.0.0.202111181127/tools/bin/../lib/gcc/arm-none-eabi/10.3.1/../../../../arm-none-eabi/lib/thumb/v7-m/nofp\libc_nano.a(lib_a-lock.o)
                0x00000000080092e2                __retarget_lock_acquire_recursive
 .text.__retarget_lock_release_recursive
                0x00000000080092e4        0x2 c:/st/stm32cubeide_1.10.1/stm32cubeide/plugins/com.st.stm32cube.ide.mcu.externaltools.gnu-tools-for-stm32.10.3-2021.10.win32_1.0.0.202111181127/tools/bin/../lib/gcc/arm-none-eabi/10.3.1/../../../../arm-none-eabi/lib/thumb/v7-m/nofp\libc_nano.a(lib_a-lock.o)
                0x00000000080092e4                __retarget_lock_release_recursive
 *fill*         0x00000000080092e6        0x2 
 .text.malloc   0x00000000080092e8       0x10 c:/st/stm32cubeide_1.10.1/stm32cubeide/plugins/com.st.stm32cube.ide.mcu.externaltools.gnu-tools-for-stm32.10.3-2021.10.win32_1.0.0.202111181127/tools/bin/../lib/gcc/arm-none-eabi/10.3.1/../../../../arm-none-eabi/lib/thumb/v7-m/nofp\libc_nano.a(lib_a-malloc.o)
                0x00000000080092e8                malloc
 .text.memchr   0x00000000080092f8       0x1c c:/st/stm32cubeide_1.10.1/stm32cubeide/plugins/com.st.stm32cube.ide.mcu.externaltools.gnu-tools-for-stm32.10.3-2021.10.win32_1.0.0.202111181127/tools/bin/../lib/gcc/arm-none-eabi/10.3.1/../../../../arm-none-eabi/lib/thumb/v7-m/nofp\libc_nano.a(lib_a-memchr-stub.o)
                0x00000000080092f8                memchr
 .text._Balloc  0x0000000008009314       0x80 c:/st/stm32cubeide_1.10.1/stm32cubeide/plugins/com.st.stm32cube.ide.mcu.externaltools.gnu-tools-for-stm32.10.3-2021.10.win32_1.0.0.202111181127/tools/bin/../lib/gcc/arm-none-eabi/10.3.1/../../../../arm-none-eabi/lib/thumb/v7-m/nofp\libc_nano.a(lib_a-mprec.o)
                0x0000000008009314                _Balloc
 .text._Bfree   0x0000000008009394       0x44 c:/st/stm32cubeide_1.10.1/stm32cubeide/plugins/com.st.stm32cube.ide.mcu.externaltools.gnu-tools-for-stm32.10.3-2021.10.win32_1.0.0.202111181127/tools/bin/../lib/gcc/arm-none-eabi/10.3.1/../../../../arm-none-eabi/lib/thumb/v7-m/nofp\libc_nano.a(lib_a-mprec.o)
                0x0000000008009394                _Bfree
 .text.__multadd
                0x00000000080093d8       0x8c c:/st/stm32cubeide_1.10.1/stm32cubeide/plugins/com.st.stm32cube.ide.mcu.externaltools.gnu-tools-for-stm32.10.3-2021.10.win32_1.0.0.202111181127/tools/bin/../lib/gcc/arm-none-eabi/10.3.1/../../../../arm-none-eabi/lib/thumb/v7-m/nofp\libc_nano.a(lib_a-mprec.o)
                0x00000000080093d8                __multadd
 .text.__hi0bits
                0x0000000008009464       0x40 c:/st/stm32cubeide_1.10.1/stm32cubeide/plugins/com.st.stm32cube.ide.mcu.externaltools.gnu-tools-for-stm32.10.3-2021.10.win32_1.0.0.202111181127/tools/bin/../lib/gcc/arm-none-eabi/10.3.1/../../../../arm-none-eabi/lib/thumb/v7-m/nofp\libc_nano.a(lib_a-mprec.o)
                0x0000000008009464                __hi0bits
 .text.__lo0bits
                0x00000000080094a4       0x5a c:/st/stm32cubeide_1.10.1/stm32cubeide/plugins/com.st.stm32cube.ide.mcu.externaltools.gnu-tools-for-stm32.10.3-2021.10.win32_1.0.0.202111181127/tools/bin/../lib/gcc/arm-none-eabi/10.3.1/../../../../arm-none-eabi/lib/thumb/v7-m/nofp\libc_nano.a(lib_a-mprec.o)
                0x00000000080094a4                __lo0bits
 *fill*         0x00000000080094fe        0x2 
 .text.__i2b    0x0000000008009500       0x2c c:/st/stm32cubeide_1.10.1/stm32cubeide/plugins/com.st.stm32cube.ide.mcu.externaltools.gnu-tools-for-stm32.10.3-2021.10.win32_1.0.0.202111181127/tools/bin/../lib/gcc/arm-none-eabi/10.3.1/../../../../arm-none-eabi/lib/thumb/v7-m/nofp\libc_nano.a(lib_a-mprec.o)
                0x0000000008009500                __i2b
 .text.__multiply
                0x000000000800952c      0x150 c:/st/stm32cubeide_1.10.1/stm32cubeide/plugins/com.st.stm32cube.ide.mcu.externaltools.gnu-tools-for-stm32.10.3-2021.10.win32_1.0.0.202111181127/tools/bin/../lib/gcc/arm-none-eabi/10.3.1/../../../../arm-none-eabi/lib/thumb/v7-m/nofp\libc_nano.a(lib_a-mprec.o)
                0x000000000800952c                __multiply
 .text.__pow5mult
                0x000000000800967c       0xb4 c:/st/stm32cubeide_1.10.1/stm32cubeide/plugins/com.st.stm32cube.ide.mcu.externaltools.gnu-tools-for-stm32.10.3-2021.10.win32_1.0.0.202111181127/tools/bin/../lib/gcc/arm-none-eabi/10.3.1/../../../../arm-none-eabi/lib/thumb/v7-m/nofp\libc_nano.a(lib_a-mprec.o)
                0x000000000800967c                __pow5mult
 .text.__lshift
                0x0000000008009730       0xe0 c:/st/stm32cubeide_1.10.1/stm32cubeide/plugins/com.st.stm32cube.ide.mcu.externaltools.gnu-tools-for-stm32.10.3-2021.10.win32_1.0.0.202111181127/tools/bin/../lib/gcc/arm-none-eabi/10.3.1/../../../../arm-none-eabi/lib/thumb/v7-m/nofp\libc_nano.a(lib_a-mprec.o)
                0x0000000008009730                __lshift
 .text.__mcmp   0x0000000008009810       0x36 c:/st/stm32cubeide_1.10.1/stm32cubeide/plugins/com.st.stm32cube.ide.mcu.externaltools.gnu-tools-for-stm32.10.3-2021.10.win32_1.0.0.202111181127/tools/bin/../lib/gcc/arm-none-eabi/10.3.1/../../../../arm-none-eabi/lib/thumb/v7-m/nofp\libc_nano.a(lib_a-mprec.o)
                0x0000000008009810                __mcmp
 *fill*         0x0000000008009846        0x2 
 .text.__mdiff  0x0000000008009848      0x118 c:/st/stm32cubeide_1.10.1/stm32cubeide/plugins/com.st.stm32cube.ide.mcu.externaltools.gnu-tools-for-stm32.10.3-2021.10.win32_1.0.0.202111181127/tools/bin/../lib/gcc/arm-none-eabi/10.3.1/../../../../arm-none-eabi/lib/thumb/v7-m/nofp\libc_nano.a(lib_a-mprec.o)
                0x0000000008009848                __mdiff
 .text.__d2b    0x0000000008009960       0xb8 c:/st/stm32cubeide_1.10.1/stm32cubeide/plugins/com.st.stm32cube.ide.mcu.externaltools.gnu-tools-for-stm32.10.3-2021.10.win32_1.0.0.202111181127/tools/bin/../lib/gcc/arm-none-eabi/10.3.1/../../../../arm-none-eabi/lib/thumb/v7-m/nofp\libc_nano.a(lib_a-mprec.o)
                0x0000000008009960                __d2b
 .text._calloc_r
                0x0000000008009a18       0x28 c:/st/stm32cubeide_1.10.1/stm32cubeide/plugins/com.st.stm32cube.ide.mcu.externaltools.gnu-tools-for-stm32.10.3-2021.10.win32_1.0.0.202111181127/tools/bin/../lib/gcc/arm-none-eabi/10.3.1/../../../../arm-none-eabi/lib/thumb/v7-m/nofp\libc_nano.a(lib_a-nano-callocr.o)
                0x0000000008009a18                _calloc_r
 .text._free_r  0x0000000008009a40       0x90 c:/st/stm32cubeide_1.10.1/stm32cubeide/plugins/com.st.stm32cube.ide.mcu.externaltools.gnu-tools-for-stm32.10.3-2021.10.win32_1.0.0.202111181127/tools/bin/../lib/gcc/arm-none-eabi/10.3.1/../../../../arm-none-eabi/lib/thumb/v7-m/nofp\libc_nano.a(lib_a-nano-freer.o)
                0x0000000008009a40                _free_r
 .text.sbrk_aligned
                0x0000000008009ad0       0x40 c:/st/stm32cubeide_1.10.1/stm32cubeide/plugins/com.st.stm32cube.ide.mcu.externaltools.gnu-tools-for-stm32.10.3-2021.10.win32_1.0.0.202111181127/tools/bin/../lib/gcc/arm-none-eabi/10.3.1/../../../../arm-none-eabi/lib/thumb/v7-m/nofp\libc_nano.a(lib_a-nano-mallocr.o)
 .text._malloc_r
                0x0000000008009b10       0xe8 c:/st/stm32cubeide_1.10.1/stm32cubeide/plugins/com.st.stm32cube.ide.mcu.externaltools.gnu-tools-for-stm32.10.3-2021.10.win32_1.0.0.202111181127/tools/bin/../lib/gcc/arm-none-eabi/10.3.1/../../../../arm-none-eabi/lib/thumb/v7-m/nofp\libc_nano.a(lib_a-nano-mallocr.o)
                0x0000000008009b10                _malloc_r
 .text.__sfputc_r
                0x0000000008009bf8       0x2a c:/st/stm32cubeide_1.10.1/stm32cubeide/plugins/com.st.stm32cube.ide.mcu.externaltools.gnu-tools-for-stm32.10.3-2021.10.win32_1.0.0.202111181127/tools/bin/../lib/gcc/arm-none-eabi/10.3.1/../../../../arm-none-eabi/lib/thumb/v7-m/nofp\libc_nano.a(lib_a-nano-vfprintf.o)
 .text.__sfputs_r
                0x0000000008009c22       0x24 c:/st/stm32cubeide_1.10.1/stm32cubeide/plugins/com.st.stm32cube.ide.mcu.externaltools.gnu-tools-for-stm32.10.3-2021.10.win32_1.0.0.202111181127/tools/bin/../lib/gcc/arm-none-eabi/10.3.1/../../../../arm-none-eabi/lib/thumb/v7-m/nofp\libc_nano.a(lib_a-nano-vfprintf.o)
                0x0000000008009c22                __sfputs_r
 *fill*         0x0000000008009c46        0x2 
 .text._vfprintf_r
                0x0000000008009c48      0x260 c:/st/stm32cubeide_1.10.1/stm32cubeide/plugins/com.st.stm32cube.ide.mcu.externaltools.gnu-tools-for-stm32.10.3-2021.10.win32_1.0.0.202111181127/tools/bin/../lib/gcc/arm-none-eabi/10.3.1/../../../../arm-none-eabi/lib/thumb/v7-m/nofp\libc_nano.a(lib_a-nano-vfprintf.o)
                0x0000000008009c48                _vfprintf_r
                0x0000000008009c48                _vfiprintf_r
 .text._sbrk_r  0x0000000008009ea8       0x20 c:/st/stm32cubeide_1.10.1/stm32cubeide/plugins/com.st.stm32cube.ide.mcu.externaltools.gnu-tools-for-stm32.10.3-2021.10.win32_1.0.0.202111181127/tools/bin/../lib/gcc/arm-none-eabi/10.3.1/../../../../arm-none-eabi/lib/thumb/v7-m/nofp\libc_nano.a(lib_a-sbrkr.o)
                0x0000000008009ea8                _sbrk_r
 .text.__sread  0x0000000008009ec8       0x22 c:/st/stm32cubeide_1.10.1/stm32cubeide/plugins/com.st.stm32cube.ide.mcu.externaltools.gnu-tools-for-stm32.10.3-2021.10.win32_1.0.0.202111181127/tools/bin/../lib/gcc/arm-none-eabi/10.3.1/../../../../arm-none-eabi/lib/thumb/v7-m/nofp\libc_nano.a(lib_a-stdio.o)
                0x0000000008009ec8                __sread
 .text.__swrite
                0x0000000008009eea       0x38 c:/st/stm32cubeide_1.10.1/stm32cubeide/plugins/com.st.stm32cube.ide.mcu.externaltools.gnu-tools-for-stm32.10.3-2021.10.win32_1.0.0.202111181127/tools/bin/../lib/gcc/arm-none-eabi/10.3.1/../../../../arm-none-eabi/lib/thumb/v7-m/nofp\libc_nano.a(lib_a-stdio.o)
                0x0000000008009eea                __swrite
 .text.__sseek  0x0000000008009f22       0x24 c:/st/stm32cubeide_1.10.1/stm32cubeide/plugins/com.st.stm32cube.ide.mcu.externaltools.gnu-tools-for-stm32.10.3-2021.10.win32_1.0.0.202111181127/tools/bin/../lib/gcc/arm-none-eabi/10.3.1/../../../../arm-none-eabi/lib/thumb/v7-m/nofp\libc_nano.a(lib_a-stdio.o)
                0x0000000008009f22                __sseek
 .text.__sclose
                0x0000000008009f46        0x8 c:/st/stm32cubeide_1.10.1/stm32cubeide/plugins/com.st.stm32cube.ide.mcu.externaltools.gnu-tools-for-stm32.10.3-2021.10.win32_1.0.0.202111181127/tools/bin/../lib/gcc/arm-none-eabi/10.3.1/../../../../arm-none-eabi/lib/thumb/v7-m/nofp\libc_nano.a(lib_a-stdio.o)
                0x0000000008009f46                __sclose
 *fill*         0x0000000008009f4e        0x2 
 .text.__swbuf_r
                0x0000000008009f50       0xa4 c:/st/stm32cubeide_1.10.1/stm32cubeide/plugins/com.st.stm32cube.ide.mcu.externaltools.gnu-tools-for-stm32.10.3-2021.10.win32_1.0.0.202111181127/tools/bin/../lib/gcc/arm-none-eabi/10.3.1/../../../../arm-none-eabi/lib/thumb/v7-m/nofp\libc_nano.a(lib_a-wbuf.o)
                0x0000000008009f50                __swbuf_r
 .text._write_r
                0x0000000008009ff4       0x24 c:/st/stm32cubeide_1.10.1/stm32cubeide/plugins/com.st.stm32cube.ide.mcu.externaltools.gnu-tools-for-stm32.10.3-2021.10.win32_1.0.0.202111181127/tools/bin/../lib/gcc/arm-none-eabi/10.3.1/../../../../arm-none-eabi/lib/thumb/v7-m/nofp\libc_nano.a(lib_a-writer.o)
                0x0000000008009ff4                _write_r
 .text.__swsetup_r
                0x000000000800a018       0xdc c:/st/stm32cubeide_1.10.1/stm32cubeide/plugins/com.st.stm32cube.ide.mcu.externaltools.gnu-tools-for-stm32.10.3-2021.10.win32_1.0.0.202111181127/tools/bin/../lib/gcc/arm-none-eabi/10.3.1/../../../../arm-none-eabi/lib/thumb/v7-m/nofp\libc_nano.a(lib_a-wsetup.o)
                0x000000000800a018                __swsetup_r
 .text.__assert_func
                0x000000000800a0f4       0x3c c:/st/stm32cubeide_1.10.1/stm32cubeide/plugins/com.st.stm32cube.ide.mcu.externaltools.gnu-tools-for-stm32.10.3-2021.10.win32_1.0.0.202111181127/tools/bin/../lib/gcc/arm-none-eabi/10.3.1/../../../../arm-none-eabi/lib/thumb/v7-m/nofp\libc_nano.a(lib_a-assert.o)
                0x000000000800a0f4                __assert_func
 .text._close_r
                0x000000000800a130       0x20 c:/st/stm32cubeide_1.10.1/stm32cubeide/plugins/com.st.stm32cube.ide.mcu.externaltools.gnu-tools-for-stm32.10.3-2021.10.win32_1.0.0.202111181127/tools/bin/../lib/gcc/arm-none-eabi/10.3.1/../../../../arm-none-eabi/lib/thumb/v7-m/nofp\libc_nano.a(lib_a-closer.o)
                0x000000000800a130                _close_r
 .text.__sflush_r
                0x000000000800a150      0x104 c:/st/stm32cubeide_1.10.1/stm32cubeide/plugins/com.st.stm32cube.ide.mcu.externaltools.gnu-tools-for-stm32.10.3-2021.10.win32_1.0.0.202111181127/tools/bin/../lib/gcc/arm-none-eabi/10.3.1/../../../../arm-none-eabi/lib/thumb/v7-m/nofp\libc_nano.a(lib_a-fflush.o)
                0x000000000800a150                __sflush_r
 .text._fflush_r
                0x000000000800a254       0x78 c:/st/stm32cubeide_1.10.1/stm32cubeide/plugins/com.st.stm32cube.ide.mcu.externaltools.gnu-tools-for-stm32.10.3-2021.10.win32_1.0.0.202111181127/tools/bin/../lib/gcc/arm-none-eabi/10.3.1/../../../../arm-none-eabi/lib/thumb/v7-m/nofp\libc_nano.a(lib_a-fflush.o)
                0x000000000800a254                _fflush_r
 .text.fprintf  0x000000000800a2cc       0x24 c:/st/stm32cubeide_1.10.1/stm32cubeide/plugins/com.st.stm32cube.ide.mcu.externaltools.gnu-tools-for-stm32.10.3-2021.10.win32_1.0.0.202111181127/tools/bin/../lib/gcc/arm-none-eabi/10.3.1/../../../../arm-none-eabi/lib/thumb/v7-m/nofp\libc_nano.a(lib_a-fprintf.o)
                0x000000000800a2cc                fiprintf
                0x000000000800a2cc                fprintf
 .text._lseek_r
                0x000000000800a2f0       0x24 c:/st/stm32cubeide_1.10.1/stm32cubeide/plugins/com.st.stm32cube.ide.mcu.externaltools.gnu-tools-for-stm32.10.3-2021.10.win32_1.0.0.202111181127/tools/bin/../lib/gcc/arm-none-eabi/10.3.1/../../../../arm-none-eabi/lib/thumb/v7-m/nofp\libc_nano.a(lib_a-lseekr.o)
                0x000000000800a2f0                _lseek_r
 .text.__swhatbuf_r
                0x000000000800a314       0x4a c:/st/stm32cubeide_1.10.1/stm32cubeide/plugins/com.st.stm32cube.ide.mcu.externaltools.gnu-tools-for-stm32.10.3-2021.10.win32_1.0.0.202111181127/tools/bin/../lib/gcc/arm-none-eabi/10.3.1/../../../../arm-none-eabi/lib/thumb/v7-m/nofp\libc_nano.a(lib_a-makebuf.o)
                0x000000000800a314                __swhatbuf_r
 *fill*         0x000000000800a35e        0x2 
 .text.__smakebuf_r
                0x000000000800a360       0x80 c:/st/stm32cubeide_1.10.1/stm32cubeide/plugins/com.st.stm32cube.ide.mcu.externaltools.gnu-tools-for-stm32.10.3-2021.10.win32_1.0.0.202111181127/tools/bin/../lib/gcc/arm-none-eabi/10.3.1/../../../../arm-none-eabi/lib/thumb/v7-m/nofp\libc_nano.a(lib_a-makebuf.o)
                0x000000000800a360                __smakebuf_r
 .text.__ascii_mbtowc
                0x000000000800a3e0       0x24 c:/st/stm32cubeide_1.10.1/stm32cubeide/plugins/com.st.stm32cube.ide.mcu.externaltools.gnu-tools-for-stm32.10.3-2021.10.win32_1.0.0.202111181127/tools/bin/../lib/gcc/arm-none-eabi/10.3.1/../../../../arm-none-eabi/lib/thumb/v7-m/nofp\libc_nano.a(lib_a-mbtowc_r.o)
                0x000000000800a3e0                __ascii_mbtowc
 .text.__malloc_lock
                0x000000000800a404        0xc c:/st/stm32cubeide_1.10.1/stm32cubeide/plugins/com.st.stm32cube.ide.mcu.externaltools.gnu-tools-for-stm32.10.3-2021.10.win32_1.0.0.202111181127/tools/bin/../lib/gcc/arm-none-eabi/10.3.1/../../../../arm-none-eabi/lib/thumb/v7-m/nofp\libc_nano.a(lib_a-mlock.o)
                0x000000000800a404                __malloc_lock
 .text.__malloc_unlock
                0x000000000800a410        0xc c:/st/stm32cubeide_1.10.1/stm32cubeide/plugins/com.st.stm32cube.ide.mcu.externaltools.gnu-tools-for-stm32.10.3-2021.10.win32_1.0.0.202111181127/tools/bin/../lib/gcc/arm-none-eabi/10.3.1/../../../../arm-none-eabi/lib/thumb/v7-m/nofp\libc_nano.a(lib_a-mlock.o)
                0x000000000800a410                __malloc_unlock
 .text._read_r  0x000000000800a41c       0x24 c:/st/stm32cubeide_1.10.1/stm32cubeide/plugins/com.st.stm32cube.ide.mcu.externaltools.gnu-tools-for-stm32.10.3-2021.10.win32_1.0.0.202111181127/tools/bin/../lib/gcc/arm-none-eabi/10.3.1/../../../../arm-none-eabi/lib/thumb/v7-m/nofp\libc_nano.a(lib_a-readr.o)
                0x000000000800a41c                _read_r
 .text.__ascii_wctomb
                0x000000000800a440       0x1a c:/st/stm32cubeide_1.10.1/stm32cubeide/plugins/com.st.stm32cube.ide.mcu.externaltools.gnu-tools-for-stm32.10.3-2021.10.win32_1.0.0.202111181127/tools/bin/../lib/gcc/arm-none-eabi/10.3.1/../../../../arm-none-eabi/lib/thumb/v7-m/nofp\libc_nano.a(lib_a-wctomb_r.o)
                0x000000000800a440                __ascii_wctomb
 .text.abort    0x000000000800a45a        0xe c:/st/stm32cubeide_1.10.1/stm32cubeide/plugins/com.st.stm32cube.ide.mcu.externaltools.gnu-tools-for-stm32.10.3-2021.10.win32_1.0.0.202111181127/tools/bin/../lib/gcc/arm-none-eabi/10.3.1/../../../../arm-none-eabi/lib/thumb/v7-m/nofp\libc_nano.a(lib_a-abort.o)
                0x000000000800a45a                abort
 .text._fstat_r
                0x000000000800a468       0x24 c:/st/stm32cubeide_1.10.1/stm32cubeide/plugins/com.st.stm32cube.ide.mcu.externaltools.gnu-tools-for-stm32.10.3-2021.10.win32_1.0.0.202111181127/tools/bin/../lib/gcc/arm-none-eabi/10.3.1/../../../../arm-none-eabi/lib/thumb/v7-m/nofp\libc_nano.a(lib_a-fstatr.o)
                0x000000000800a468                _fstat_r
 .text._isatty_r
                0x000000000800a48c       0x20 c:/st/stm32cubeide_1.10.1/stm32cubeide/plugins/com.st.stm32cube.ide.mcu.externaltools.gnu-tools-for-stm32.10.3-2021.10.win32_1.0.0.202111181127/tools/bin/../lib/gcc/arm-none-eabi/10.3.1/../../../../arm-none-eabi/lib/thumb/v7-m/nofp\libc_nano.a(lib_a-isattyr.o)
                0x000000000800a48c                _isatty_r
 .text._raise_r
                0x000000000800a4ac       0x50 c:/st/stm32cubeide_1.10.1/stm32cubeide/plugins/com.st.stm32cube.ide.mcu.externaltools.gnu-tools-for-stm32.10.3-2021.10.win32_1.0.0.202111181127/tools/bin/../lib/gcc/arm-none-eabi/10.3.1/../../../../arm-none-eabi/lib/thumb/v7-m/nofp\libc_nano.a(lib_a-signal.o)
                0x000000000800a4ac                _raise_r
 .text.raise    0x000000000800a4fc       0x10 c:/st/stm32cubeide_1.10.1/stm32cubeide/plugins/com.st.stm32cube.ide.mcu.externaltools.gnu-tools-for-stm32.10.3-2021.10.win32_1.0.0.202111181127/tools/bin/../lib/gcc/arm-none-eabi/10.3.1/../../../../arm-none-eabi/lib/thumb/v7-m/nofp\libc_nano.a(lib_a-signal.o)
                0x000000000800a4fc                raise
 .text._kill_r  0x000000000800a50c       0x24 c:/st/stm32cubeide_1.10.1/stm32cubeide/plugins/com.st.stm32cube.ide.mcu.externaltools.gnu-tools-for-stm32.10.3-2021.10.win32_1.0.0.202111181127/tools/bin/../lib/gcc/arm-none-eabi/10.3.1/../../../../arm-none-eabi/lib/thumb/v7-m/nofp\libc_nano.a(lib_a-signalr.o)
                0x000000000800a50c                _kill_r
 .text._getpid_r
                0x000000000800a530        0x4 c:/st/stm32cubeide_1.10.1/stm32cubeide/plugins/com.st.stm32cube.ide.mcu.externaltools.gnu-tools-for-stm32.10.3-2021.10.win32_1.0.0.202111181127/tools/bin/../lib/gcc/arm-none-eabi/10.3.1/../../../../arm-none-eabi/lib/thumb/v7-m/nofp\libc_nano.a(lib_a-signalr.o)
                0x000000000800a530                _getpid_r
 .text.log10f   0x000000000800a534       0x50 c:/st/stm32cubeide_1.10.1/stm32cubeide/plugins/com.st.stm32cube.ide.mcu.externaltools.gnu-tools-for-stm32.10.3-2021.10.win32_1.0.0.202111181127/tools/bin/../lib/gcc/arm-none-eabi/10.3.1/../../../../arm-none-eabi/lib/thumb/v7-m/nofp\libm.a(lib_a-wf_log10.o)
                0x000000000800a534                log10f
 .text.__ieee754_log10f
                0x000000000800a584       0xa4 c:/st/stm32cubeide_1.10.1/stm32cubeide/plugins/com.st.stm32cube.ide.mcu.externaltools.gnu-tools-for-stm32.10.3-2021.10.win32_1.0.0.202111181127/tools/bin/../lib/gcc/arm-none-eabi/10.3.1/../../../../arm-none-eabi/lib/thumb/v7-m/nofp\libm.a(lib_a-ef_log10.o)
                0x000000000800a584                __ieee754_log10f
 .text.nanf     0x000000000800a628        0x8 c:/st/stm32cubeide_1.10.1/stm32cubeide/plugins/com.st.stm32cube.ide.mcu.externaltools.gnu-tools-for-stm32.10.3-2021.10.win32_1.0.0.202111181127/tools/bin/../lib/gcc/arm-none-eabi/10.3.1/../../../../arm-none-eabi/lib/thumb/v7-m/nofp\libm.a(lib_a-sf_nan.o)
                0x000000000800a628                nanf
 .text.__ieee754_logf
                0x000000000800a630      0x248 c:/st/stm32cubeide_1.10.1/stm32cubeide/plugins/com.st.stm32cube.ide.mcu.externaltools.gnu-tools-for-stm32.10.3-2021.10.win32_1.0.0.202111181127/tools/bin/../lib/gcc/arm-none-eabi/10.3.1/../../../../arm-none-eabi/lib/thumb/v7-m/nofp\libm.a(lib_a-ef_log.o)
                0x000000000800a630                __ieee754_logf
 *(.glue_7)
 .glue_7        0x000000000800a878        0x0 linker stubs
 *(.glue_7t)
 .glue_7t       0x000000000800a878        0x0 linker stubs
 *(.eh_frame)
 .eh_frame      0x000000000800a878        0x0 c:/st/stm32cubeide_1.10.1/stm32cubeide/plugins/com.st.stm32cube.ide.mcu.externaltools.gnu-tools-for-stm32.10.3-2021.10.win32_1.0.0.202111181127/tools/bin/../lib/gcc/arm-none-eabi/10.3.1/thumb/v7-m/nofp/crtbegin.o
 *(.init)
 .init          0x000000000800a878        0x4 c:/st/stm32cubeide_1.10.1/stm32cubeide/plugins/com.st.stm32cube.ide.mcu.externaltools.gnu-tools-for-stm32.10.3-2021.10.win32_1.0.0.202111181127/tools/bin/../lib/gcc/arm-none-eabi/10.3.1/thumb/v7-m/nofp/crti.o
                0x000000000800a878                _init
 .init          0x000000000800a87c        0x8 c:/st/stm32cubeide_1.10.1/stm32cubeide/plugins/com.st.stm32cube.ide.mcu.externaltools.gnu-tools-for-stm32.10.3-2021.10.win32_1.0.0.202111181127/tools/bin/../lib/gcc/arm-none-eabi/10.3.1/thumb/v7-m/nofp/crtn.o
 *(.fini)
 .fini          0x000000000800a884        0x4 c:/st/stm32cubeide_1.10.1/stm32cubeide/plugins/com.st.stm32cube.ide.mcu.externaltools.gnu-tools-for-stm32.10.3-2021.10.win32_1.0.0.202111181127/tools/bin/../lib/gcc/arm-none-eabi/10.3.1/thumb/v7-m/nofp/crti.o
                0x000000000800a884                _fini
 .fini          0x000000000800a888        0x8 c:/st/stm32cubeide_1.10.1/stm32cubeide/plugins/com.st.stm32cube.ide.mcu.externaltools.gnu-tools-for-stm32.10.3-2021.10.win32_1.0.0.202111181127/tools/bin/../lib/gcc/arm-none-eabi/10.3.1/thumb/v7-m/nofp/crtn.o
                0x000000000800a890                . = ALIGN (0x4)
                0x000000000800a890                _etext = .

.vfp11_veneer   0x000000000800a890        0x0
 .vfp11_veneer  0x000000000800a890        0x0 linker stubs

.v4_bx          0x000000000800a890        0x0
 .v4_bx         0x000000000800a890        0x0 linker stubs

.iplt           0x000000000800a890        0x0
 .iplt          0x000000000800a890        0x0 c:/st/stm32cubeide_1.10.1/stm32cubeide/plugins/com.st.stm32cube.ide.mcu.externaltools.gnu-tools-for-stm32.10.3-2021.10.win32_1.0.0.202111181127/tools/bin/../lib/gcc/arm-none-eabi/10.3.1/thumb/v7-m/nofp/crtbegin.o

.rodata         0x000000000800a890      0x56c
                0x000000000800a890                . = ALIGN (0x4)
 *(.rodata)
 .rodata        0x000000000800a890      0x111 ./Core/Src/main.o
 *fill*         0x000000000800a9a1        0x3 
 .rodata        0x000000000800a9a4       0x10 ./Drivers/STM32F1xx_HAL_Driver/Src/stm32f1xx_hal_rcc.o
 *(.rodata*)
 .rodata.AHBPrescTable
                0x000000000800a9b4       0x10 ./Core/Src/system_stm32f1xx.o
                0x000000000800a9b4                AHBPrescTable
 .rodata.APBPrescTable
                0x000000000800a9c4        0x8 ./Core/Src/system_stm32f1xx.o
                0x000000000800a9c4                APBPrescTable
 .rodata.MODE_LONGDATA_RANGE_LOWPOWER
                0x000000000800a9cc        0x3 ./Core/User/decawave/dw_api.o
                0x000000000800a9cc                MODE_LONGDATA_RANGE_LOWPOWER
 *fill*         0x000000000800a9cf        0x1 
 .rodata.MODE_SHORTDATA_FAST_ACCURACY
                0x000000000800a9d0        0x3 ./Core/User/decawave/dw_api.o
                0x000000000800a9d0                MODE_SHORTDATA_FAST_ACCURACY
 *fill*         0x000000000800a9d3        0x1 
 .rodata.BIAS_500_16
                0x000000000800a9d4       0x12 ./Core/User/decawave/dw_api.o
 *fill*         0x000000000800a9e6        0x2 
 .rodata.BIAS_500_64
                0x000000000800a9e8       0x12 ./Core/User/decawave/dw_api.o
 *fill*         0x000000000800a9fa        0x2 
 .rodata.BIAS_900_16
                0x000000000800a9fc       0x12 ./Core/User/decawave/dw_api.o
 *fill*         0x000000000800aa0e        0x2 
 .rodata.BIAS_900_64
                0x000000000800aa10       0x12 ./Core/User/decawave/dw_api.o
 *fill*         0x000000000800aa22        0x2 
 .rodata._global_impure_ptr
                0x000000000800aa24        0x4 c:/st/stm32cubeide_1.10.1/stm32cubeide/plugins/com.st.stm32cube.ide.mcu.externaltools.gnu-tools-for-stm32.10.3-2021.10.win32_1.0.0.202111181127/tools/bin/../lib/gcc/arm-none-eabi/10.3.1/../../../../arm-none-eabi/lib/thumb/v7-m/nofp\libc_nano.a(lib_a-impure.o)
                0x000000000800aa24                _global_impure_ptr
 .rodata._printf_float.str1.1
                0x000000000800aa28       0x12 c:/st/stm32cubeide_1.10.1/stm32cubeide/plugins/com.st.stm32cube.ide.mcu.externaltools.gnu-tools-for-stm32.10.3-2021.10.win32_1.0.0.202111181127/tools/bin/../lib/gcc/arm-none-eabi/10.3.1/../../../../arm-none-eabi/lib/thumb/v7-m/nofp\libc_nano.a(lib_a-nano-vfprintf_float.o)
 .rodata._printf_i.str1.1
                0x000000000800aa3a       0x22 c:/st/stm32cubeide_1.10.1/stm32cubeide/plugins/com.st.stm32cube.ide.mcu.externaltools.gnu-tools-for-stm32.10.3-2021.10.win32_1.0.0.202111181127/tools/bin/../lib/gcc/arm-none-eabi/10.3.1/../../../../arm-none-eabi/lib/thumb/v7-m/nofp\libc_nano.a(lib_a-nano-vfprintf_i.o)
 .rodata._dtoa_r.str1.1
                0x000000000800aa5c       0x90 c:/st/stm32cubeide_1.10.1/stm32cubeide/plugins/com.st.stm32cube.ide.mcu.externaltools.gnu-tools-for-stm32.10.3-2021.10.win32_1.0.0.202111181127/tools/bin/../lib/gcc/arm-none-eabi/10.3.1/../../../../arm-none-eabi/lib/thumb/v7-m/nofp\libc_nano.a(lib_a-dtoa.o)
                                         0x92 (size before relaxing)
 .rodata.__sf_fake_stderr
                0x000000000800aaec       0x20 c:/st/stm32cubeide_1.10.1/stm32cubeide/plugins/com.st.stm32cube.ide.mcu.externaltools.gnu-tools-for-stm32.10.3-2021.10.win32_1.0.0.202111181127/tools/bin/../lib/gcc/arm-none-eabi/10.3.1/../../../../arm-none-eabi/lib/thumb/v7-m/nofp\libc_nano.a(lib_a-findfp.o)
                0x000000000800aaec                __sf_fake_stderr
 .rodata.__sf_fake_stdin
                0x000000000800ab0c       0x20 c:/st/stm32cubeide_1.10.1/stm32cubeide/plugins/com.st.stm32cube.ide.mcu.externaltools.gnu-tools-for-stm32.10.3-2021.10.win32_1.0.0.202111181127/tools/bin/../lib/gcc/arm-none-eabi/10.3.1/../../../../arm-none-eabi/lib/thumb/v7-m/nofp\libc_nano.a(lib_a-findfp.o)
                0x000000000800ab0c                __sf_fake_stdin
 .rodata.__sf_fake_stdout
                0x000000000800ab2c       0x20 c:/st/stm32cubeide_1.10.1/stm32cubeide/plugins/com.st.stm32cube.ide.mcu.externaltools.gnu-tools-for-stm32.10.3-2021.10.win32_1.0.0.202111181127/tools/bin/../lib/gcc/arm-none-eabi/10.3.1/../../../../arm-none-eabi/lib/thumb/v7-m/nofp\libc_nano.a(lib_a-findfp.o)
                0x000000000800ab2c                __sf_fake_stdout
 .rodata._Balloc.str1.1
                0x000000000800ab4c       0x5c c:/st/stm32cubeide_1.10.1/stm32cubeide/plugins/com.st.stm32cube.ide.mcu.externaltools.gnu-tools-for-stm32.10.3-2021.10.win32_1.0.0.202111181127/tools/bin/../lib/gcc/arm-none-eabi/10.3.1/../../../../arm-none-eabi/lib/thumb/v7-m/nofp\libc_nano.a(lib_a-mprec.o)
                                         0x73 (size before relaxing)
 .rodata.__multadd.str1.1
                0x000000000800aba8       0x11 c:/st/stm32cubeide_1.10.1/stm32cubeide/plugins/com.st.stm32cube.ide.mcu.externaltools.gnu-tools-for-stm32.10.3-2021.10.win32_1.0.0.202111181127/tools/bin/../lib/gcc/arm-none-eabi/10.3.1/../../../../arm-none-eabi/lib/thumb/v7-m/nofp\libc_nano.a(lib_a-mprec.o)
 .rodata.__mprec_bigtens
                0x000000000800aba8       0x28 c:/st/stm32cubeide_1.10.1/stm32cubeide/plugins/com.st.stm32cube.ide.mcu.externaltools.gnu-tools-for-stm32.10.3-2021.10.win32_1.0.0.202111181127/tools/bin/../lib/gcc/arm-none-eabi/10.3.1/../../../../arm-none-eabi/lib/thumb/v7-m/nofp\libc_nano.a(lib_a-mprec.o)
                0x000000000800aba8                __mprec_bigtens
 .rodata.__mprec_tens
                0x000000000800abd0       0xc8 c:/st/stm32cubeide_1.10.1/stm32cubeide/plugins/com.st.stm32cube.ide.mcu.externaltools.gnu-tools-for-stm32.10.3-2021.10.win32_1.0.0.202111181127/tools/bin/../lib/gcc/arm-none-eabi/10.3.1/../../../../arm-none-eabi/lib/thumb/v7-m/nofp\libc_nano.a(lib_a-mprec.o)
                0x000000000800abd0                __mprec_tens
 .rodata.p05.0  0x000000000800ac98        0xc c:/st/stm32cubeide_1.10.1/stm32cubeide/plugins/com.st.stm32cube.ide.mcu.externaltools.gnu-tools-for-stm32.10.3-2021.10.win32_1.0.0.202111181127/tools/bin/../lib/gcc/arm-none-eabi/10.3.1/../../../../arm-none-eabi/lib/thumb/v7-m/nofp\libc_nano.a(lib_a-mprec.o)
 .rodata._vfprintf_r.str1.1
                0x000000000800aca4       0x11 c:/st/stm32cubeide_1.10.1/stm32cubeide/plugins/com.st.stm32cube.ide.mcu.externaltools.gnu-tools-for-stm32.10.3-2021.10.win32_1.0.0.202111181127/tools/bin/../lib/gcc/arm-none-eabi/10.3.1/../../../../arm-none-eabi/lib/thumb/v7-m/nofp\libc_nano.a(lib_a-nano-vfprintf.o)
 .rodata.__assert_func.str1.1
                0x000000000800acb5       0x3c c:/st/stm32cubeide_1.10.1/stm32cubeide/plugins/com.st.stm32cube.ide.mcu.externaltools.gnu-tools-for-stm32.10.3-2021.10.win32_1.0.0.202111181127/tools/bin/../lib/gcc/arm-none-eabi/10.3.1/../../../../arm-none-eabi/lib/thumb/v7-m/nofp\libc_nano.a(lib_a-assert.o)
                                         0x3d (size before relaxing)
 .rodata._setlocale_r.str1.1
                0x000000000800acf1        0x8 c:/st/stm32cubeide_1.10.1/stm32cubeide/plugins/com.st.stm32cube.ide.mcu.externaltools.gnu-tools-for-stm32.10.3-2021.10.win32_1.0.0.202111181127/tools/bin/../lib/gcc/arm-none-eabi/10.3.1/../../../../arm-none-eabi/lib/thumb/v7-m/nofp\libc_nano.a(lib_a-locale.o)
                                          0x9 (size before relaxing)
 .rodata.str1.1
                0x000000000800acf9        0x2 c:/st/stm32cubeide_1.10.1/stm32cubeide/plugins/com.st.stm32cube.ide.mcu.externaltools.gnu-tools-for-stm32.10.3-2021.10.win32_1.0.0.202111181127/tools/bin/../lib/gcc/arm-none-eabi/10.3.1/../../../../arm-none-eabi/lib/thumb/v7-m/nofp\libc_nano.a(lib_a-locale.o)
 .rodata._ctype_
                0x000000000800acfb      0x101 c:/st/stm32cubeide_1.10.1/stm32cubeide/plugins/com.st.stm32cube.ide.mcu.externaltools.gnu-tools-for-stm32.10.3-2021.10.win32_1.0.0.202111181127/tools/bin/../lib/gcc/arm-none-eabi/10.3.1/../../../../arm-none-eabi/lib/thumb/v7-m/nofp\libc_nano.a(lib_a-ctype_.o)
                0x000000000800acfb                _ctype_
 .rodata.log10f.str1.1
                0x000000000800adfc        0x1 c:/st/stm32cubeide_1.10.1/stm32cubeide/plugins/com.st.stm32cube.ide.mcu.externaltools.gnu-tools-for-stm32.10.3-2021.10.win32_1.0.0.202111181127/tools/bin/../lib/gcc/arm-none-eabi/10.3.1/../../../../arm-none-eabi/lib/thumb/v7-m/nofp\libm.a(lib_a-wf_log10.o)
                0x000000000800ae00                . = ALIGN (0x4)

.rel.dyn        0x000000000800adfc        0x0
 .rel.iplt      0x000000000800adfc        0x0 c:/st/stm32cubeide_1.10.1/stm32cubeide/plugins/com.st.stm32cube.ide.mcu.externaltools.gnu-tools-for-stm32.10.3-2021.10.win32_1.0.0.202111181127/tools/bin/../lib/gcc/arm-none-eabi/10.3.1/thumb/v7-m/nofp/crtbegin.o

.ARM.extab      0x000000000800adfc        0x0
                0x000000000800adfc                . = ALIGN (0x4)
 *(.ARM.extab* .gnu.linkonce.armextab.*)
                0x000000000800adfc                . = ALIGN (0x4)

.ARM            0x000000000800adfc        0x0
                0x000000000800adfc                . = ALIGN (0x4)
                0x000000000800adfc                __exidx_start = .
 *(.ARM.exidx*)
                0x000000000800adfc                __exidx_end = .
                0x000000000800adfc                . = ALIGN (0x4)

.preinit_array  0x000000000800adfc        0x0
                0x000000000800adfc                . = ALIGN (0x4)
                0x000000000800adfc                PROVIDE (__preinit_array_start = .)
 *(.preinit_array*)
                0x000000000800adfc                PROVIDE (__preinit_array_end = .)
                0x000000000800adfc                . = ALIGN (0x4)

.init_array     0x000000000800adfc        0x4
                0x000000000800adfc                . = ALIGN (0x4)
                0x000000000800adfc                PROVIDE (__init_array_start = .)
 *(SORT_BY_NAME(.init_array.*))
 *(.init_array*)
 .init_array    0x000000000800adfc        0x4 c:/st/stm32cubeide_1.10.1/stm32cubeide/plugins/com.st.stm32cube.ide.mcu.externaltools.gnu-tools-for-stm32.10.3-2021.10.win32_1.0.0.202111181127/tools/bin/../lib/gcc/arm-none-eabi/10.3.1/thumb/v7-m/nofp/crtbegin.o
                0x000000000800ae00                PROVIDE (__init_array_end = .)
                0x000000000800ae00                . = ALIGN (0x4)

.fini_array     0x000000000800ae00        0x4
                0x000000000800ae00                . = ALIGN (0x4)
                [!provide]                        PROVIDE (__fini_array_start = .)
 *(SORT_BY_NAME(.fini_array.*))
 *(.fini_array*)
 .fini_array    0x000000000800ae00        0x4 c:/st/stm32cubeide_1.10.1/stm32cubeide/plugins/com.st.stm32cube.ide.mcu.externaltools.gnu-tools-for-stm32.10.3-2021.10.win32_1.0.0.202111181127/tools/bin/../lib/gcc/arm-none-eabi/10.3.1/thumb/v7-m/nofp/crtbegin.o
                [!provide]                        PROVIDE (__fini_array_end = .)
                0x000000000800ae04                . = ALIGN (0x4)
                0x000000000800ae04                _sidata = LOADADDR (.data)

.data           0x0000000020000000      0x250 load address 0x000000000800ae04
                0x0000000020000000                . = ALIGN (0x4)
                0x0000000020000000                _sdata = .
 *(.data)
 *(.data*)
 .data.anchorBaseAddr
                0x0000000020000000        0x2 ./Core/Src/main.o
                0x0000000020000000                anchorBaseAddr
 *fill*         0x0000000020000002        0x6 
 .data.device   0x0000000020000008       0x58 ./Core/Src/main.o
                0x0000000020000008                device
 .data.SystemCoreClock